=== COMPARATOR_T0 Euler 2026-09-10T13:21:22Z
Building ComparatorChallenges.Euler
WARNING: THIS IS NOT REAL LANDRUN! UNSAFELY RUNNING exec lake build ComparatorChallenges.Euler
⚠ [8763/8763] Replayed ComparatorChallenges.Euler
warning: ComparatorChallenges/Euler.lean:85:8: declaration uses `sorry`
warning: ComparatorChallenges/Euler.lean:170:8: declaration uses `sorry`
Build completed successfully (8763 jobs).
WARNING: THIS IS NOT REAL LANDRUN! UNSAFELY RUNNING exec /root/k1B/nse/.lake/packages/lean4export/.lake/build/bin/lean4export ComparatorChallenges.Euler -- Nat String String.mk Char Quot Quot.mk Quot.lift Quot.ind Euler.euler_breakdown_R3 Euler.exists_compact_smooth_euler_singularity propext Quot.sound Classical.choice Nat.add Nat.sub Nat.mul Nat.pow Nat.gcd Nat.div Nat.mod Nat.beq Nat.ble Nat.land Nat.lor Nat.xor Nat.shiftLeft Nat.shiftRight String.ofList Char.ofNat List eagerReduce
Exporting #[Nat, String, String.mk, Char, Quot, Quot.mk, Quot.lift, Quot.ind, Euler.euler_breakdown_R3, Euler.exists_compact_smooth_euler_singularity, propext, Quot.sound, Classical.choice, Nat.add, Nat.sub, Nat.mul, Nat.pow, Nat.gcd, Nat.div, Nat.mod, Nat.beq, Nat.ble, Nat.land, Nat.lor, Nat.xor, Nat.shiftLeft, Nat.shiftRight, String.ofList, Char.ofNat, List, eagerReduce] from ComparatorChallenges.Euler
Building Euler.Solution
WARNING: THIS IS NOT REAL LANDRUN! UNSAFELY RUNNING exec lake build Euler.Solution
ℹ [10591/10591] Replayed Euler.Solution
info: Euler/Solution.lean:73:0: 'Euler.euler_breakdown_R3' depends on axioms: [propext, Classical.choice, Quot.sound]
info: Euler/Solution.lean:75:0: 'Euler.exists_compact_smooth_euler_singularity' depends on axioms: [propext, Classical.choice, Quot.sound]
Build completed successfully (10591 jobs).
WARNING: THIS IS NOT REAL LANDRUN! UNSAFELY RUNNING exec /root/k1B/nse/.lake/packages/lean4export/.lake/build/bin/lean4export Euler.Solution -- Nat String String.mk Char Quot Quot.mk Quot.lift Quot.ind Euler.euler_breakdown_R3 Euler.exists_compact_smooth_euler_singularity propext Quot.sound Classical.choice Nat.add Nat.sub Nat.mul Nat.pow Nat.gcd Nat.div Nat.mod Nat.beq Nat.ble Nat.land Nat.lor Nat.xor Nat.shiftLeft Nat.shiftRight String.ofList Char.ofNat List eagerReduce
Exporting #[Nat, String, String.mk, Char, Quot, Quot.mk, Quot.lift, Quot.ind, Euler.euler_breakdown_R3, Euler.exists_compact_smooth_euler_singularity, propext, Quot.sound, Classical.choice, Nat.add, Nat.sub, Nat.mul, Nat.pow, Nat.gcd, Nat.div, Nat.mod, Nat.beq, Nat.ble, Nat.land, Nat.lor, Nat.xor, Nat.shiftLeft, Nat.shiftRight, String.ofList, Char.ofNat, List, eagerReduce] from Euler.Solution
Running nanoda kernel on solution
WARNING: THIS IS NOT REAL LANDRUN! UNSAFELY RUNNING exec /root/k1B/tools/nanoda_lib/target/release/nanoda_bin /tmp/tmp.XX8P6eAp
nanoda kernel accepts the solution
Running Lean default kernel on solution.
Lean default kernel accepts the solution
Your solution is okay!
=== COMPARATOR_RC=0 Euler 2026-09-10T13:45:24Z
