=== COMPARATOR_T0 NavierStokes 2026-09-10T13:06:09Z
Building ComparatorChallenges.NavierStokes
WARNING: THIS IS NOT REAL LANDRUN! UNSAFELY RUNNING exec lake build ComparatorChallenges.NavierStokes
⚠ [8763/8763] Replayed ComparatorChallenges.NavierStokes
warning: ComparatorChallenges/NavierStokes.lean:273:8: declaration uses `sorry`
warning: ComparatorChallenges/NavierStokes.lean:280:8: declaration uses `sorry`
Build completed successfully (8763 jobs).
WARNING: THIS IS NOT REAL LANDRUN! UNSAFELY RUNNING exec /root/k1B/nse/.lake/packages/lean4export/.lake/build/bin/lean4export ComparatorChallenges.NavierStokes -- Nat String String.mk Char Quot Quot.mk Quot.lift Quot.ind NavierStokes.Comparator.navier_stokes_breakdown_R3 NavierStokes.Comparator.navier_stokes_breakdown_periodic propext Quot.sound Classical.choice Nat.add Nat.sub Nat.mul Nat.pow Nat.gcd Nat.div Nat.mod Nat.beq Nat.ble Nat.land Nat.lor Nat.xor Nat.shiftLeft Nat.shiftRight String.ofList Char.ofNat List eagerReduce
Exporting #[Nat, String, String.mk, Char, Quot, Quot.mk, Quot.lift, Quot.ind, NavierStokes.Comparator.navier_stokes_breakdown_R3, NavierStokes.Comparator.navier_stokes_breakdown_periodic, propext, Quot.sound, Classical.choice, Nat.add, Nat.sub, Nat.mul, Nat.pow, Nat.gcd, Nat.div, Nat.mod, Nat.beq, Nat.ble, Nat.land, Nat.lor, Nat.xor, Nat.shiftLeft, Nat.shiftRight, String.ofList, Char.ofNat, List, eagerReduce] from ComparatorChallenges.NavierStokes
Building NavierStokes.ComparatorSolution
WARNING: THIS IS NOT REAL LANDRUN! UNSAFELY RUNNING exec lake build NavierStokes.ComparatorSolution
ℹ [9342/9342] Replayed NavierStokes.ComparatorSolution
info: NavierStokes/ComparatorSolution.lean:31:0: 'NavierStokes.Comparator.navier_stokes_breakdown_R3' depends on axioms: [propext, Classical.choice, Quot.sound]
info: NavierStokes/ComparatorSolution.lean:32:0: 'NavierStokes.Comparator.navier_stokes_breakdown_periodic' depends on axioms: [propext, Classical.choice, Quot.sound]
Build completed successfully (9342 jobs).
WARNING: THIS IS NOT REAL LANDRUN! UNSAFELY RUNNING exec /root/k1B/nse/.lake/packages/lean4export/.lake/build/bin/lean4export NavierStokes.ComparatorSolution -- Nat String String.mk Char Quot Quot.mk Quot.lift Quot.ind NavierStokes.Comparator.navier_stokes_breakdown_R3 NavierStokes.Comparator.navier_stokes_breakdown_periodic propext Quot.sound Classical.choice Nat.add Nat.sub Nat.mul Nat.pow Nat.gcd Nat.div Nat.mod Nat.beq Nat.ble Nat.land Nat.lor Nat.xor Nat.shiftLeft Nat.shiftRight String.ofList Char.ofNat List eagerReduce
Exporting #[Nat, String, String.mk, Char, Quot, Quot.mk, Quot.lift, Quot.ind, NavierStokes.Comparator.navier_stokes_breakdown_R3, NavierStokes.Comparator.navier_stokes_breakdown_periodic, propext, Quot.sound, Classical.choice, Nat.add, Nat.sub, Nat.mul, Nat.pow, Nat.gcd, Nat.div, Nat.mod, Nat.beq, Nat.ble, Nat.land, Nat.lor, Nat.xor, Nat.shiftLeft, Nat.shiftRight, String.ofList, Char.ofNat, List, eagerReduce] from NavierStokes.ComparatorSolution
Running nanoda kernel on solution
WARNING: THIS IS NOT REAL LANDRUN! UNSAFELY RUNNING exec /root/k1B/tools/nanoda_lib/target/release/nanoda_bin /tmp/tmp.XXs1Iudo
nanoda kernel accepts the solution
Running Lean default kernel on solution.
Lean default kernel accepts the solution
Your solution is okay!
=== COMPARATOR_RC=0 NavierStokes 2026-09-10T13:21:22Z
