=== BUILD_T0 2026-09-10T06:06:33Z OLEANS_BEFORE=3608
✔ [2128/2156] Built Mathlib.SetTheory.Cardinal.Finsupp (48s)
✔ [2129/2156] Built Mathlib.SetTheory.Cardinal.Ordinal (49s)
✔ [2130/2160] Built Mathlib.Tactic.IntervalCases (50s)
✔ [2131/2161] Built Mathlib.SetTheory.Cardinal.Cofinality.Ordinal (5.1s)
✔ [2132/2161] Built Mathlib.SetTheory.Ordinal.FundamentalSequence (1.9s)
✔ [2133/2161] Built Mathlib.RingTheory.LocalRing.Basic (9.0s)
✔ [2134/2164] Built Mathlib.Topology.MetricSpace.Gluing (11s)
✔ [2135/2166] Built Mathlib.LinearAlgebra.SesquilinearForm.Orthogonal (7.9s)
✔ [2136/2166] Built Mathlib.SetTheory.Cardinal.Regular (3.9s)
✔ [2137/2166] Built Mathlib.Topology.Metrizable.CompletelyMetrizable (2.5s)
✔ [2138/2167] Built Mathlib.SetTheory.Cardinal.Pigeonhole (2.9s)
✔ [2139/2167] Built Mathlib.Topology.Sets.Closeds (5.2s)
✔ [2140/2167] Built Mathlib.LinearAlgebra.Basis.Cardinality (3.2s)
✔ [2141/2167] Built Mathlib.Topology.Algebra.Module.ContinuousLinearMap.Idempotent (8.4s)
✔ [2142/2167] Built Mathlib.Topology.Baire.CompleteMetrizable (4.4s)
✔ [2143/2170] Built Mathlib.Analysis.Normed.Group.Lemmas (1.7s)
✔ [2144/2170] Built Mathlib.Topology.Algebra.Module.ClosedSubmodule (5.7s)
✔ [2145/2172] Built Mathlib.RingTheory.Finiteness.Cardinality (5.9s)
✔ [2146/2172] Built Mathlib.LinearAlgebra.FreeModule.Finite.Basic (3.3s)
✔ [2147/2172] Built Mathlib.RingTheory.OrzechProperty (2.4s)
✔ [2148/2173] Built Mathlib.Topology.Algebra.ContinuousAffineEquiv (10s)
✔ [2149/2173] Built Mathlib.RingTheory.Noetherian.Basic (7.0s)
✔ [2150/2173] Built Mathlib.Analysis.Calculus.ContDiff.Comp (96s)
✔ [2151/2174] Built Mathlib.Analysis.Normed.Module.RCLike.Basic (6.1s)
✔ [2152/2174] Built Mathlib.Topology.Algebra.AffineSubspace (3.3s)
✔ [2153/2174] Built Mathlib.Analysis.Normed.Operator.Banach (22s)
✔ [2154/2174] Built Mathlib.RingTheory.Noetherian.Orzech (4.8s)
✔ [2155/2175] Built Mathlib.Analysis.Normed.Module.RieszLemma (5.7s)
✔ [2156/2175] Built Mathlib.Analysis.Normed.Module.Ball.Pointwise (7.7s)
✔ [2157/2178] Built Mathlib.RingTheory.Finiteness.Cofinite (5.2s)
✔ [2158/2178] Built Mathlib.Algebra.FreeMonoid.UniqueProds (3.2s)
✔ [2159/2180] Built Mathlib.LinearAlgebra.Dual.Basis (6.9s)
✔ [2160/2180] Built Mathlib.LinearAlgebra.InvariantBasisNumber (7.8s)
✔ [2161/2181] Built Mathlib.Algebra.Polynomial.Eval.Defs (9.0s)
✔ [2162/2181] Built Mathlib.LinearAlgebra.Dimension.StrongRankCondition (10s)
✔ [2163/2182] Built Mathlib.Algebra.Polynomial.Eval.Algebra (1.0s)
✔ [2164/2187] Built Mathlib.Algebra.MonoidAlgebra.Support (3.6s)
✔ [2165/2187] Built Mathlib.Analysis.Normed.Affine.Isometry (25s)
✔ [2166/2188] Built Mathlib.LinearAlgebra.Dimension.Free (7.0s)
✔ [2168/2188] Built Mathlib.Algebra.Polynomial.Coeff (5.0s)
✔ [2169/2188] Built Mathlib.Algebra.MonoidAlgebra.Basic (23s)
✔ [2170/2193] Built Mathlib.LinearAlgebra.FiniteDimensional.Defs (6.8s)
✔ [2171/2196] Built Mathlib.Data.Nat.WithBot (3.7s)
✔ [2173/2197] Built Mathlib.Algebra.MonoidAlgebra.Degree (12s)
✔ [2174/2203] Built Mathlib.Algebra.FreeAlgebra (10s)
✔ [2177/2203] Built Mathlib.LinearAlgebra.Dimension.Constructions (12s)
✔ [2179/2203] Built Mathlib.Algebra.Polynomial.Monomial (3.6s)
✔ [2180/2205] Built Mathlib.Algebra.Polynomial.Degree.Defs (8.0s)
✔ [2181/2205] Built Mathlib.Data.Finsupp.Order (8.0s)
✔ [2182/2205] Built Mathlib.LinearAlgebra.Dimension.FreeAndStrongRankCondition (8.8s)
✔ [2183/2205] Built Mathlib.Algebra.Algebra.Subalgebra.Prod (4.6s)
✔ [2184/2207] Built Mathlib.LinearAlgebra.Dimension.Finite (11s)
✔ [2185/2207] Built Mathlib.Data.Finsupp.Antidiagonal (4.6s)
✔ [2186/2210] Built Mathlib.Algebra.Polynomial.Degree.Operations (8.6s)
✔ [2188/2210] Built Mathlib.RingTheory.Adjoin.Basic (5.4s)
✔ [2189/2210] Built Mathlib.LinearAlgebra.Dimension.RankNullity (9.5s)
✔ [2190/2210] Built Mathlib.Algebra.Polynomial.Degree.SmallDegree (6.6s)
✔ [2191/2210] Built Mathlib.LinearAlgebra.FiniteDimensional.Basic (12s)
✔ [2192/2210] Built Mathlib.Algebra.Polynomial.Degree.Domain (3.5s)
✔ [2193/2210] Built Mathlib.Algebra.Polynomial.Degree.Support (3.8s)
✔ [2194/2211] Built Mathlib.Algebra.BigOperators.Finsupp.Fin (2.8s)
✔ [2195/2220] Built Mathlib.Algebra.MvPolynomial.Basic (14s)
✔ [2196/2220] Built Mathlib.Algebra.Polynomial.Degree.Units (2.6s)
✔ [2197/2220] Built Mathlib.LinearAlgebra.Dimension.DivisionRing (5.1s)
✔ [2198/2226] Built Mathlib.Algebra.Polynomial.Degree.TrailingDegree (3.9s)
✔ [2199/2226] Built Mathlib.Algebra.Polynomial.Degree.Monomial (2.2s)
✔ [2200/2226] Built Mathlib.Algebra.Ring.Action.Submonoid (2.3s)
✔ [2202/2226] Built Mathlib.Algebra.Polynomial.Eval.Degree (4.3s)
✔ [2203/2226] Built Mathlib.LinearAlgebra.FiniteDimensional.Lemmas (8.2s)
✔ [2204/2226] Built Mathlib.Algebra.Algebra.Subalgebra.Operations (5.9s)
✔ [2205/2226] Built Mathlib.Algebra.MvPolynomial.Eval (11s)
✔ [2206/2226] Built Mathlib.Algebra.Polynomial.Degree.Lemmas (7.0s)
✔ [2207/2226] Built Mathlib.Algebra.MvPolynomial.Rename (8.4s)
✔ [2208/2226] Built Mathlib.Analysis.InnerProductSpace.Orthonormal (10s)
✔ [2209/2226] Built Mathlib.Algebra.Polynomial.AlgebraMap (10s)
✔ [2210/2227] Built Mathlib.Algebra.Polynomial.EraseLead (6.3s)
✔ [2211/2227] Built Mathlib.Algebra.MvPolynomial.Degrees (8.4s)
✔ [2212/2227] Built Mathlib.RingTheory.Adjoin.Polynomial.Basic (3.4s)
✔ [2214/2227] Built Mathlib.Analysis.InnerProductSpace.Subspace (9.1s)
✔ [2215/2230] Built Mathlib.Algebra.Polynomial.Reverse (4.2s)
✔ [2216/2230] Built Mathlib.RingTheory.Ideal.Quotient.Operations (28s)
✔ [2219/2238] Built Mathlib.Algebra.Polynomial.Monic (8.1s)
✔ [2220/2243] Built Mathlib.Algebra.MvPolynomial.Equiv (14s)
✔ [2225/2244] Built Mathlib.Data.Fin.Tuple.NatAntidiagonal (6.4s)
✔ [2229/2245] Built Mathlib.Analysis.InnerProductSpace.Orthogonal (17s)
✔ [2231/2245] Built Mathlib.Algebra.Polynomial.BigOperators (6.8s)
✔ [2233/2248] Built Mathlib.GroupTheory.Perm.Finite (5.7s)
✔ [2234/2250] Built Mathlib.Algebra.Order.Antidiag.Pi (8.7s)
✔ [2236/2252] Built Mathlib.Analysis.InnerProductSpace.Symmetric (16s)
✔ [2237/2256] Built Mathlib.Algebra.Order.Antidiag.Finsupp (10s)
✔ [2238/2256] Built Mathlib.RingTheory.Polynomial.Basic (17s)
✔ [2239/2257] Built Mathlib.GroupTheory.Perm.Cycle.Basic (16s)
✔ [2240/2257] Built Mathlib.GroupTheory.Perm.Option (3.5s)
✔ [2241/2257] Built Mathlib.Tactic.NormNum.GCD (6.7s)
✔ [2242/2257] Built Mathlib.Combinatorics.Enumerative.Partition.Basic (4.7s)
✔ [2243/2257] Built Mathlib.GroupTheory.NoncommPiCoprod (7.5s)
✔ [2244/2258] Built Mathlib.GroupTheory.Perm.Closure (3.0s)
✔ [2245/2259] Built Mathlib.RingTheory.Adjoin.FG (5.3s)
✔ [2246/2259] Built Mathlib.LinearAlgebra.Matrix.Dual (5.2s)
✔ [2247/2263] Built Mathlib.LinearAlgebra.Matrix.Symmetric (5.5s)
✔ [2248/2263] Built Mathlib.LinearAlgebra.Matrix.SemiringInverse (11s)
✔ [2249/2264] Built Mathlib.GroupTheory.Perm.Cycle.Factors (10s)
✔ [2250/2264] Built Mathlib.RingTheory.Adjoin.Tower (9.4s)
✔ [2251/2268] Built Mathlib.Tactic.ComputeDegree (7.7s)
✔ [2252/2268] Built Mathlib.LinearAlgebra.Matrix.Invertible (8.7s)
✔ [2253/2271] Built Mathlib.LinearAlgebra.Matrix.Trace (8.0s)
✔ [2255/2271] Built Mathlib.GroupTheory.Perm.Cycle.Type (11s)
✔ [2256/2271] Built Mathlib.Algebra.Star.TensorProduct (5.3s)
✔ [2257/2273] Built Mathlib.LinearAlgebra.Matrix.Action (5.3s)
✔ [2258/2273] Built Mathlib.RingTheory.FiniteType (13s)
✔ [2259/2275] Built Mathlib.Algebra.Order.Ring.GeomSum (3.8s)
✔ [2260/2275] Built Mathlib.Data.Nat.Choose.Central (3.6s)
✔ [2261/2275] Built Mathlib.GroupTheory.Perm.Fin (8.4s)
✔ [2262/2285] Built Mathlib.LinearAlgebra.FreeModule.StrongRankCondition (2.7s)
✔ [2264/2285] Built Mathlib.Data.Nat.Digits.Defs (4.8s)
✔ [2265/2285] Built Mathlib.RingTheory.Multiplicity (11s)
✔ [2266/2289] Built Mathlib.Data.Nat.Digits.Lemmas (8.3s)
✔ [2267/2290] Built Mathlib.LinearAlgebra.Matrix.Determinant.Basic (13s)
✔ [2268/2291] Built Mathlib.NumberTheory.Padics.PadicVal.Defs (2.7s)
✔ [2269/2291] Built Mathlib.Algebra.MonoidAlgebra.Division (3.8s)
✔ [2270/2291] Built Mathlib.LinearAlgebra.Matrix.Polynomial (3.0s)
✔ [2272/2291] Built Mathlib.LinearAlgebra.Matrix.MvPolynomial (3.4s)
✔ [2273/2293] Built Mathlib.RingTheory.TensorProduct.Basic (28s)
✔ [2274/2293] Built Mathlib.LinearAlgebra.Matrix.Reindex (4.7s)
✔ [2275/2293] Built Mathlib.Data.Nat.Factorization.Defs (4.3s)
✔ [2276/2293] Built Mathlib.Algebra.Polynomial.Inductions (4.1s)
✔ [2277/2293] Built Mathlib.Algebra.Field.Subfield.Basic (8.5s)
✔ [2278/2293] Built Mathlib.GroupTheory.GroupAction.FixedPoints (4.5s)
✔ [2279/2293] Built Mathlib.LinearAlgebra.Matrix.Adjugate (8.5s)
✔ [2280/2293] Built Mathlib.LinearAlgebra.Matrix.Kronecker (13s)
✔ [2281/2293] Built Mathlib.LinearAlgebra.Matrix.Transvection (9.6s)
✔ [2282/2293] Built Mathlib.Data.Nat.Factorization.Basic (6.5s)
✔ [2283/2297] Built Mathlib.LinearAlgebra.Matrix.Basis (8.4s)
✔ [2284/2305] Built Mathlib.GroupTheory.GroupAction.FixingSubgroup (4.2s)
✔ [2293/2309] Built Mathlib.Data.Nat.Choose.Factorization (5.3s)
✔ [2294/2309] Built Mathlib.Algebra.Polynomial.Div (9.3s)
✔ [2296/2310] Built Mathlib.LinearAlgebra.Matrix.NonsingularInverse (10s)
✔ [2297/2311] Built Mathlib.RingTheory.OreLocalization.Ring (6.9s)
✔ [2299/2312] Built Mathlib.Data.Nat.Multiplicity (3.9s)
✔ [2300/2312] Built Mathlib.Data.Nat.Cast.Field (2.7s)
✔ [2301/2312] Built Mathlib.Algebra.Polynomial.RingDivision (6.1s)
✔ [2302/2318] Built Mathlib.Data.Finsupp.Weight (7.8s)
✔ [2303/2318] Built Mathlib.Data.Nat.Factorization.Induction (3.9s)
✔ [2304/2321] Built Mathlib.Algebra.CharP.Lemmas (5.0s)
✔ [2305/2321] Built Mathlib.Algebra.CharP.Basic (2.3s)
✔ [2306/2321] Built Mathlib.Algebra.GroupWithZero.Units.Fintype (2.5s)
✔ [2308/2326] Built Mathlib.Order.Filter.TendstoCofinite (3.7s)
✔ [2310/2326] Built Mathlib.RingTheory.Localization.Defs (12s)
✔ [2311/2328] Built Mathlib.Algebra.CharP.Frobenius (3.2s)
✔ [2312/2328] Built Mathlib.Algebra.Ring.AddAut (2.0s)
✔ [2313/2335] Built Mathlib.Data.Nat.Factorization.LCM (2.9s)
✔ [2314/2335] Built Mathlib.Algebra.CharP.Reduced (3.5s)
✔ [2315/2337] Built Mathlib.GroupTheory.Subgroup.Simple (3.2s)
✔ [2316/2337] Built Mathlib.Data.ZMod.Basic (9.8s)
✔ [2317/2338] Built Mathlib.LinearAlgebra.Matrix.Nondegenerate (4.6s)
✔ [2318/2338] Built Mathlib.RingTheory.Localization.Integer (3.6s)
✔ [2319/2338] Built Mathlib.RingTheory.Localization.Basic (11s)
✔ [2320/2338] Built Mathlib.Data.ZMod.Aut (1.9s)
✔ [2321/2338] Built Mathlib.GroupTheory.Exponent (8.7s)
✔ [2322/2346] Built Mathlib.Algebra.Ring.Action.ConjAct (2.2s)
✔ [2323/2347] Built Mathlib.Data.ZMod.IntUnitsPower (2.7s)
✔ [2324/2350] Built Mathlib.Data.ZMod.QuotientGroup (4.8s)
✔ [2325/2350] Built Mathlib.Logic.Equiv.Multiset (3.8s)
✔ [2326/2350] Built Mathlib.LinearAlgebra.Matrix.InvariantBasisNumber (5.6s)
✔ [2327/2350] Built Mathlib.Algebra.Ring.NegOnePow (4.7s)
✔ [2328/2350] Built Mathlib.RingTheory.Finiteness.Projective (3.6s)
✔ [2329/2351] Built Mathlib.Logic.Equiv.Finset (4.8s)
✔ [2330/2351] Built Mathlib.GroupTheory.SpecificGroups.Cyclic.Basic (7.2s)
✔ [2331/2352] Built Mathlib.RingTheory.Localization.FractionRing (15s)
✔ [2332/2352] Built Mathlib.Logic.Encodable.Pi (3.1s)
✔ [2333/2352] Built Mathlib.GroupTheory.Congruence.BigOperators (5.0s)
✔ [2334/2352] Built Mathlib.Algebra.Ring.Periodic (6.8s)
✔ [2335/2359] Built Mathlib.Data.W.Basic (3.5s)
✔ [2336/2359] Built Mathlib.RingTheory.TwoSidedIdeal.Operations (7.6s)
✔ [2337/2359] Built Mathlib.Data.Nat.Periodic (4.4s)
✔ [2338/2359] Built Mathlib.Data.W.Cardinal (3.5s)
✔ [2339/2359] Built Mathlib.Algebra.Polynomial.Roots (15s)
✔ [2340/2359] Built Mathlib.RingTheory.Jacobson.Radical (5.0s)
✔ [2341/2359] Built Mathlib.SetTheory.Cardinal.Subfield (5.6s)
✔ [2342/2360] Built Mathlib.Data.Nat.Totient (6.0s)
✔ [2343/2361] Built Mathlib.Topology.Algebra.Module.ModuleTopology (11s)
✔ [2344/2361] Built Mathlib.LinearAlgebra.Dimension.ErdosKaplansky (7.4s)
✔ [2345/2361] Built Mathlib.Order.Atoms.Finite (4.8s)
✔ [2346/2361] Built Mathlib.RingTheory.Jacobson.Ideal (7.5s)
✔ [2347/2367] Built Mathlib.Order.CompactlyGenerated.Intervals (3.5s)
✔ [2349/2369] Built Mathlib.LinearAlgebra.Matrix.Ideal (8.3s)
✔ [2351/2369] Built Mathlib.RingTheory.Ideal.Colon (10s)
✔ [2352/2370] Built Mathlib.RingTheory.SimpleRing.Matrix (6.2s)
✔ [2353/2370] Built Mathlib.RingTheory.TensorProduct.Maps (54s)
✔ [2354/2373] Built Mathlib.GroupTheory.SpecificGroups.Cyclic (17s)
✔ [2355/2373] Built Mathlib.Topology.Algebra.Module.ContinuousLinearMap.Quotient (4.7s)
✔ [2356/2373] Built Mathlib.Topology.Algebra.SeparationQuotient.FiniteDimensional (4.5s)
✔ [2357/2375] Built Mathlib.Topology.Homeomorph.Quotient (2.7s)
✔ [2358/2379] Built Mathlib.Order.JordanHolder (8.4s)
✔ [2359/2379] Built Mathlib.Topology.Maps.Strict.Basic (3.7s)
✔ [2360/2380] Built Mathlib.RingTheory.IntegralDomain (7.4s)
✔ [2362/2380] Built Mathlib.LinearAlgebra.Dimension.LinearMap (5.0s)
✔ [2363/2381] Built Mathlib.LinearAlgebra.Matrix.Block (7.2s)
✔ [2364/2383] Built Mathlib.Topology.Algebra.Module.Complement (11s)
✔ [2365/2384] Built Mathlib.Topology.Algebra.Module.Simple (3.5s)
✔ [2367/2384] Built Mathlib.RingTheory.RootsOfUnity.Basic (6.6s)
✔ [2368/2384] Built Mathlib.Topology.Instances.Matrix (7.0s)
✔ [2369/2386] Built Mathlib.LinearAlgebra.Dual.Lemmas (26s)
✔ [2370/2387] Built Mathlib.Analysis.Convex.Slope (7.4s)
✔ [2371/2387] Built Mathlib.Algebra.Field.NegOnePow (3.8s)
✔ [2372/2389] Built Mathlib.Algebra.Field.Periodic (4.4s)
✔ [2373/2392] Built Mathlib.Analysis.Complex.Asymptotics (5.1s)
✔ [2374/2395] Built Mathlib.LinearAlgebra.GeneralLinearGroup.AlgEquiv (5.0s)
✔ [2375/2395] Built Mathlib.Tactic.NormNum.NatFactorial (5.1s)
✔ [2376/2396] Built Mathlib.Algebra.Order.CauSeq.BigOperators (10s)
✔ [2377/2396] Built Mathlib.Tactic.NormNum.BigOperators (11s)
✔ [2378/2396] Built Mathlib.LinearAlgebra.Matrix.SpecialLinearGroup (25s)
✔ [2379/2398] Built Mathlib.Analysis.Normed.Group.Quotient (13s)
✔ [2380/2403] Built Mathlib.Topology.Order.AtTopBotIxx (19s)
✔ [2383/2403] Built Mathlib.Analysis.Complex.Exponential (14s)
✔ [2384/2407] Built Mathlib.Data.Int.SuccPred (3.9s)
✔ [2385/2408] Built Mathlib.LinearAlgebra.Matrix.GeneralLinearGroup.Defs (11s)
✔ [2386/2408] Built Mathlib.GroupTheory.QuotientGroup.ModEq (1.6s)
✔ [2387/2409] Built Mathlib.Algebra.Group.Subgroup.ZPowers.Lemmas (2.4s)
✔ [2388/2409] Built Mathlib.GroupTheory.Divisible (3.8s)
✔ [2389/2409] Built Mathlib.Algebra.CharZero.Quotient (2.9s)
✔ [2390/2411] Built Mathlib.LinearAlgebra.Matrix.ToLinearEquiv (6.9s)
✔ [2391/2413] Built Mathlib.Topology.Instances.ZMultiples (3.3s)
✔ [2392/2413] Built Mathlib.Topology.Instances.Sign (2.6s)
✔ [2393/2422] Built Mathlib.Analysis.Complex.Trigonometric (11s)
✔ [2394/2422] Built Mathlib.Algebra.Order.Ring.Interval (2.7s)
✔ [2396/2425] Built Mathlib.Tactic.Qify (2.3s)
✔ [2397/2425] Built Mathlib.Tactic.Rify (4.3s)
✔ [2398/2428] Built Mathlib.Analysis.SpecialFunctions.Exp (7.2s)
✔ [2399/2429] Built Mathlib.Data.ENNReal.Holder (3.2s)
✔ [2400/2429] Built Mathlib.LinearAlgebra.Determinant (15s)
✔ [2401/2429] Built Mathlib.Algebra.Order.ToIntervalMod (23s)
✔ [2402/2429] Built Mathlib.Analysis.SpecialFunctions.Log.Basic (9.8s)
✔ [2403/2431] Built Mathlib.Analysis.Normed.Lp.WithLp (6.8s)
✔ [2404/2434] Built Mathlib.Data.Real.ConjExponents (7.8s)
✔ [2405/2434] Built Mathlib.Topology.Algebra.Module.Determinant (6.7s)
✔ [2407/2434] Built Mathlib.Analysis.SpecialFunctions.Trigonometric.Basic (17s)
✔ [2408/2434] Built Mathlib.Data.Matrix.Reflection (4.5s)
✔ [2409/2444] Built Mathlib.Analysis.SpecialFunctions.Trigonometric.Inverse (11s)
✔ [2415/2450] Built Mathlib.LinearAlgebra.UnitaryGroup (11s)
✔ [2416/2454] Built Mathlib.Topology.Instances.AddCircle.Defs (19s)
✔ [2417/2465] Built Mathlib.MeasureTheory.OuterMeasure.Defs (2.0s)
✔ [2418/2465] Built Mathlib.MeasureTheory.MeasurableSpace.Defs (5.1s)
✔ [2419/2466] Built Mathlib.Topology.Instances.AddCircle.Real (4.5s)
✔ [2420/2466] Built Mathlib.Order.SetDissipate (3.2s)
✔ [2421/2466] Built Mathlib.MeasureTheory.MeasurableSpace.EventuallyMeasurable (3.2s)
✔ [2422/2466] Built Mathlib.MeasureTheory.OuterMeasure.Basic (5.4s)
✔ [2423/2466] Built Mathlib.MeasureTheory.MeasurableSpace.Instances (3.7s)
✔ [2424/2468] Built Mathlib.Topology.Algebra.Module.FiniteDimension (27s)
✔ [2425/2468] Built Mathlib.MeasureTheory.MeasurableSpace.Basic (3.8s)
✔ [2426/2474] Built Mathlib.MeasureTheory.PiSystem (7.4s)
✔ [2427/2474] Built Mathlib.Analysis.Normed.Group.AddCircle (9.1s)
✔ [2428/2475] Built Mathlib.MeasureTheory.OuterMeasure.AE (7.6s)
✔ [2429/2475] Built Mathlib.MeasureTheory.OuterMeasure.Operations (7.0s)
✔ [2430/2479] Built Mathlib.MeasureTheory.OuterMeasure.BorelCantelli (4.9s)
✔ [2431/2479] Built Mathlib.MeasureTheory.MeasurableSpace.Constructions (8.2s)
✔ [2432/2479] Built Mathlib.Data.Set.MemPartition (2.3s)
✔ [2433/2483] Built Mathlib.Order.Filter.CountableSeparatingOn (4.3s)
✔ [2434/2483] Built Mathlib.MeasureTheory.OuterMeasure.OfFunction (6.3s)
✔ [2435/2483] Built Mathlib.Analysis.SpecialFunctions.Trigonometric.Angle (16s)
✔ [2436/2483] Built Mathlib.MeasureTheory.MeasurableSpace.MeasurablyGenerated (4.2s)
✔ [2437/2483] Built Mathlib.Analysis.Normed.Module.FiniteDimension (19s)
✔ [2438/2484] Built Mathlib.Topology.Separation.GDelta (2.2s)
✔ [2439/2484] Built Mathlib.MeasureTheory.OuterMeasure.Caratheodory (3.6s)
✔ [2440/2488] Built Mathlib.Topology.GDelta.MetrizableSpace (3.0s)
✔ [2441/2488] Built Mathlib.MeasureTheory.MeasurableSpace.Embedding (10s)
✔ [2442/2489] Built Mathlib.Analysis.RCLike.Lemmas (5.2s)
✔ [2443/2490] Built Mathlib.Order.Interval.Set.Monotone (3.0s)
✔ [2444/2490] Built Mathlib.Analysis.SpecialFunctions.Complex.Arg (9.7s)
✔ [2445/2490] Built Mathlib.MeasureTheory.MeasurableSpace.CountablyGenerated (5.0s)
✔ [2446/2493] Built Mathlib.MeasureTheory.OuterMeasure.Induced (6.1s)
✔ [2447/2494] Built Mathlib.MeasureTheory.MeasurableSpace.Prod (2.8s)
✔ [2449/2496] Built Mathlib.Topology.Metrizable.Real (2.9s)
✔ [2450/2496] Built Mathlib.Analysis.SpecialFunctions.Complex.Log (5.1s)
✔ [2451/2497] Built Mathlib.MeasureTheory.Measure.MeasureSpaceDef (6.7s)
✔ [2452/2497] Built Mathlib.Topology.IndicatorConstPointwise (2.8s)
✔ [2453/2497] Built Mathlib.Topology.Instances.Real.Lemmas (3.8s)
✔ [2454/2497] Built Mathlib.MeasureTheory.Function.AEMeasurableSequence (3.1s)
✔ [2455/2497] Built Mathlib.MeasureTheory.Measure.AEDisjoint (3.8s)
✔ [2456/2502] Built Mathlib.Analysis.SpecialFunctions.Pow.Complex (5.1s)
✔ [2457/2502] Built Mathlib.Topology.Perfect (2.8s)
✔ [2458/2504] Built Mathlib.MeasureTheory.Measure.NullMeasurable (4.9s)
✔ [2459/2504] Built Mathlib.Analysis.InnerProductSpace.Projection.Basic (20s)
✔ [2460/2504] Built Mathlib.Analysis.Normed.Group.FunctionSeries (5.2s)
✔ [2461/2504] Built Mathlib.Topology.Separation.CountableSeparatingOn (3.5s)
✔ [2462/2504] Built Mathlib.MeasureTheory.Measure.Basic (5.9s)
✔ [2463/2504] Built Mathlib.Analysis.SpecialFunctions.Pow.Real (11s)
✔ [2464/2509] Built Mathlib.Analysis.InnerProductSpace.Projection.Submodule (9.2s)
✔ [2465/2509] Built Mathlib.MeasureTheory.Measure.Continuity (4.9s)
✔ [2466/2509] Built Mathlib.Analysis.InnerProductSpace.Projection.Reflection (7.8s)
✔ [2467/2509] Built Mathlib.MeasureTheory.Measure.OuterMeasure (2.8s)
✔ [2468/2509] Built Mathlib.Topology.MetricSpace.PiNat (9.2s)
✔ [2469/2509] Built Mathlib.Analysis.Convex.SpecificFunctions.Basic (4.6s)
✔ [2470/2509] Built Mathlib.MeasureTheory.Measure.Interval (3.8s)
✔ [2471/2509] Built Mathlib.Topology.MetricSpace.CantorScheme (5.2s)
✔ [2472/2509] Built Mathlib.MeasureTheory.Measure.Module (7.1s)
✔ [2473/2509] Built Mathlib.Analysis.SpecialFunctions.Pow.NNReal (14s)
✔ [2474/2521] Built Mathlib.Analysis.InnerProductSpace.Projection.FiniteDimensional (11s)
✔ [2475/2522] Built Mathlib.Topology.MetricSpace.Polish (5.2s)
✔ [2476/2524] Built Mathlib.Order.Filter.Subsingleton (2.0s)
✔ [2477/2528] Built Mathlib.MeasureTheory.Measure.CompleteLattice (5.5s)
✔ [2478/2528] Built Mathlib.Order.Filter.EventuallyConst (3.3s)
✔ [2479/2529] Built Mathlib.Topology.MetricSpace.Perfect (4.8s)
✔ [2480/2532] Built Mathlib.MeasureTheory.Measure.Filter (5.8s)
✔ [2481/2532] Built Mathlib.SetTheory.Cardinal.ENNReal (3.7s)
✔ [2482/2534] Built Mathlib.MeasureTheory.Measure.Sum (6.1s)
✔ [2483/2534] Built Mathlib.MeasureTheory.Measure.Map (8.1s)
✔ [2484/2534] Built Mathlib.MeasureTheory.Measure.Doubling (7.1s)
✔ [2485/2534] Built Mathlib.Analysis.MeanInequalities (17s)
✔ [2486/2534] Built Mathlib.Algebra.Group.Pointwise.Set.Card (6.8s)
✔ [2487/2535] Built Mathlib.MeasureTheory.Group.Defs (3.7s)
✔ [2488/2535] Built Mathlib.MeasureTheory.Measure.AbsolutelyContinuous (5.2s)
✔ [2489/2539] Built Mathlib.MeasureTheory.Measure.Comap (5.4s)
✔ [2490/2546] Built Mathlib.Dynamics.Minimal (4.2s)
✔ [2491/2546] Built Mathlib.MeasureTheory.Measure.QuasiMeasurePreserving (7.3s)
✔ [2492/2549] Built Mathlib.GroupTheory.Complement (14s)
✔ [2493/2550] Built Mathlib.Topology.ContinuousMap.CocompactMap (5.0s)
✔ [2494/2550] Built Mathlib.Analysis.SpecialFunctions.Pow.Asymptotics (10s)
✔ [2495/2554] Built Mathlib.Order.Filter.Germ.Basic (13s)
✔ [2496/2554] Built Mathlib.MeasureTheory.Measure.Restrict (16s)
✔ [2497/2555] Built Mathlib.Analysis.Normed.Lp.ProdLp (27s)
✔ [2498/2555] Built Mathlib.Topology.Compactness.CompactlyCoherentSpace (4.4s)
✔ [2499/2555] Built Mathlib.MeasureTheory.Measure.Typeclasses.NullSingletonClass (4.8s)
✔ [2500/2555] Built Mathlib.Analysis.SpecialFunctions.Pow.Continuity (11s)
✔ [2501/2555] Built Mathlib.MeasureTheory.Measure.MutuallySingular (6.4s)
✔ [2502/2556] Built Mathlib.MeasureTheory.Measure.Typeclasses.Finite (10s)
✔ [2503/2556] Built Mathlib.Order.Filter.ENNReal (7.2s)
✔ [2504/2561] Built Mathlib.Topology.UniformSpace.CompactConvergence (8.6s)
✔ [2505/2561] Built Mathlib.MeasureTheory.Measure.Typeclasses.Probability (5.9s)
✔ [2506/2565] Built Mathlib.MeasureTheory.Measure.Typeclasses.SFinite (8.1s)
✔ [2507/2565] Built Mathlib.MeasureTheory.MeasurableSpace.Pi (3.3s)
✔ [2508/2565] Built Mathlib.Probability.ConditionalProbability (4.5s)
✔ [2509/2565] Built Mathlib.MeasureTheory.Measure.Dirac (5.6s)
✔ [2510/2567] Built Mathlib.MeasureTheory.Measure.Decomposition.Exhaustion (3.9s)
✔ [2511/2567] Built Mathlib.Topology.ContinuousMap.Algebra (14s)
✔ [2512/2569] Built Mathlib.MeasureTheory.Measure.Trim (3.4s)
✔ [2513/2569] Built Mathlib.Analysis.Normed.Lp.PiLp (25s)
✔ [2514/2583] Built Mathlib.Analysis.Normed.Group.Indicator (1.0s)
✔ [2516/2588] Built Mathlib.MeasureTheory.Measure.Count (3.1s)
✔ [2517/2588] Built Mathlib.MeasureTheory.Measure.AEMeasurable (4.8s)
✔ [2518/2588] Built Mathlib.Analysis.Normed.Lp.Matrix (5.3s)
✔ [2519/2593] Built Mathlib.Order.Filter.IndicatorFunction (2.8s)
✔ [2520/2593] Built Mathlib.MeasureTheory.Measure.Real (7.5s)
✔ [2521/2593] Built Mathlib.Algebra.Order.Monovary (9.2s)
✔ [2522/2593] Built Mathlib.Dynamics.Ergodic.MeasurePreserving (4.0s)
✔ [2523/2593] Built Mathlib.MeasureTheory.Order.Lattice (4.7s)
✔ [2524/2593] Built Mathlib.Topology.Algebra.Module.ContinuousLinearMap.Extend (4.4s)
✔ [2525/2596] Built Mathlib.MeasureTheory.Group.Arithmetic (16s)
✔ [2527/2596] Built Mathlib.Analysis.Convex.Mul (15s)
✔ [2528/2597] Built Mathlib.MeasureTheory.Group.MeasurableEquiv (11s)
✔ [2529/2597] Built Mathlib.Analysis.Normed.Operator.Extend (23s)
✔ [2530/2598] Built Mathlib.MeasureTheory.Constructions.BorelSpace.Basic (11s)
✔ [2531/2598] Built Mathlib.LinearAlgebra.Orientation (13s)
✔ [2532/2598] Built Mathlib.Analysis.MeanInequalitiesPow (13s)
✔ [2533/2598] Built Mathlib.MeasureTheory.Constructions.BorelSpace.Complex (5.6s)
✔ [2534/2598] Built Mathlib.MeasureTheory.Constructions.BorelSpace.Order (18s)
✔ [2535/2598] Built Mathlib.MeasureTheory.Measure.OpenPos (5.1s)
✔ [2536/2599] Built Mathlib.MeasureTheory.Measure.Regular (10s)
✔ [2537/2599] Built Mathlib.MeasureTheory.Constructions.BorelSpace.Metric (5.0s)
✔ [2538/2601] Built Mathlib.Analysis.InnerProductSpace.PiL2 (53s)
✔ [2539/2601] Built Mathlib.LinearAlgebra.Matrix.Diagonal (4.4s)
✔ [2540/2601] Built Mathlib.MeasureTheory.Constructions.BorelSpace.Real (7.6s)
✔ [2541/2601] Built Mathlib.MeasureTheory.Group.Action (10s)
✔ [2542/2601] Built Mathlib.MeasureTheory.Function.SimpleFunc (18s)
✔ [2543/2601] Built Mathlib.Analysis.InnerProductSpace.GramSchmidtOrtho (9.5s)
✔ [2544/2601] Built Mathlib.Analysis.InnerProductSpace.ProdL2 (16s)
✔ [2545/2601] Built Mathlib.MeasureTheory.Constructions.BorelSpace.Metrizable (4.5s)
✔ [2546/2601] Built Mathlib.Topology.Order.LeftRightLim (5.5s)
✔ [2547/2601] Built Mathlib.MeasureTheory.Function.SpecialFunctions.Basic (5.8s)
✔ [2548/2601] Built Mathlib.Analysis.InnerProductSpace.Orientation (9.7s)
✔ [2549/2610] Built Mathlib.MeasureTheory.Function.SimpleFuncDense (7.2s)
✔ [2551/2610] Built Mathlib.MeasureTheory.Integral.Lebesgue.Basic (10s)
✔ [2552/2613] Built Mathlib.Topology.NoetherianSpace (3.1s)
=== BUILD_STOPPED_BY_AGENT_AT_COORDINATOR_REQUEST 2026-09-10T06:20:37Z OLEANS_AFTER=3982 (timeout 2400 not reached; lake killed at ~13.6 min wall)
