=== BUILD_T0 2026-09-10T08:30:59Z
ℹ [9403/10342] Replayed NavierStokes.ComparatorSolution
info: NavierStokes/ComparatorSolution.lean:31:0: 'NavierStokes.Comparator.navier_stokes_breakdown_R3' depends on axioms: [propext, Classical.choice, Quot.sound]
info: NavierStokes/ComparatorSolution.lean:32:0: 'NavierStokes.Comparator.navier_stokes_breakdown_periodic' depends on axioms: [propext, Classical.choice, Quot.sound]
⚠ [9672/11251] Replayed ComparatorChallenges.Euler
warning: ComparatorChallenges/Euler.lean:85:8: declaration uses `sorry`
warning: ComparatorChallenges/Euler.lean:170:8: declaration uses `sorry`
⚠ [9673/11251] Replayed ComparatorChallenges.NavierStokes
warning: ComparatorChallenges/NavierStokes.lean:273:8: declaration uses `sorry`
warning: ComparatorChallenges/NavierStokes.lean:280:8: declaration uses `sorry`
✔ [10525/11251] Built Euler.PacketParentNormalBudget (131s)
✔ [10528/11251] Built Euler.PacketParentJoinedBudget (133s)
✔ [10529/11251] Built Euler.MeanPacketEnvelopeBoundsNoOptions (133s)
✔ [10530/11251] Built Euler.PacketCylinderKnownForce (13s)
✔ [10531/11251] Built Euler.PacketCylinderWeightedLinear (18s)
✔ [10532/11251] Built Euler.MeanPacketEnvelopeBounds (19s)
✔ [10533/11251] Built Euler.TransversePacketHomogeneity (155s)
✔ [10534/11251] Built Euler.PacketCylinderAngularRegularity (11s)
✔ [10535/11251] Built Euler.TransversePacketJoinedEquation (10s)
✔ [10536/11251] Built Euler.PacketShortTimePropagator (13s)
✔ [10537/11251] Built Euler.PacketCylinderPiolaPair (9.3s)
✔ [10538/11251] Built Euler.TransversePacketJoinedSupport (15s)
✔ [10539/11251] Built Euler.ParentCoefficientPolynomial (9.3s)
✔ [10540/11251] Built Euler.TransversePacketJoinedPressure (19s)
✔ [10541/11251] Built Euler.TransversePacketPressureParity (6.3s)
✔ [10542/11251] Built Euler.PacketCylinderHighSupport (8.7s)
✔ [10543/11251] Built Euler.DriftEnergyMajorants (11s)
✔ [10544/11251] Built Euler.CorrectionEnergyBootstrap (11s)
✔ [10545/11251] Built Euler.PacketKnownPieces (8.8s)
✔ [10546/11251] Built Euler.MeanPacketPathEnvelope (6.5s)
✔ [10547/11251] Built Euler.PacketCylinderBoundTransfer (5.3s)
✔ [10548/11251] Built Euler.PacketCylinderHighPartBounds (6.1s)
✔ [10549/11251] Built Euler.PacketCylinderWeightedAdvection (8.2s)
✔ [10550/11251] Built Euler.PacketCylinderProfileChange (5.5s)
✔ [10551/11251] Built Euler.PacketCylinderHighMean (5.5s)
✔ [10552/11251] Built Euler.PacketCylinderMeanParity (5.2s)
✔ [10553/11251] Built Euler.PacketShortTimePhysicalGrowth (8.3s)
✔ [10554/11251] Built Euler.TransversePacketAmplitude (19s)
✔ [10555/11251] Built Euler.TransversePacketJoinedCorrector (12s)
✔ [10556/11251] Built Euler.TransversePacketPressureGradientProperties (9.2s)
✔ [10557/11251] Built Euler.TransversePacketPrimaryPaths (21s)
✔ [10558/11251] Built Euler.TransversePacketHistoryParity (9.8s)
✔ [10559/11251] Built Euler.DriftCorrectionEnergyBound (10s)
✔ [10560/11251] Built Euler.PacketCylinderTimeUnique (6.6s)
✔ [10561/11251] Built Euler.PartialCorrectionBootstrap (15s)
✔ [10562/11251] Built Euler.MeanPacketBudget (10s)
✔ [10563/11251] Built Euler.PacketKnownDecomposition (14s)
✔ [10564/11251] Built Euler.PacketConvolutionBounds (6.1s)
✔ [10565/11251] Built Euler.PacketFiniteSumBounds (6.6s)
✔ [10566/11251] Built Euler.PacketTimeProfiles (5.5s)
✔ [10567/11251] Built Euler.PacketCylinderTermBudget (8.5s)
✔ [10568/11251] Built Euler.PacketCylinderMeanStep (4.0s)
✔ [10569/11251] Built Euler.PacketCylinderHighForcing (5.9s)
✔ [10570/11251] Built Euler.PacketCylinderForcingParity (6.4s)
✔ [10571/11251] Built Euler.TransversePacketJoinedBounds (6.9s)
✔ [10572/11251] Built Euler.TransversePacketJoinedCorrectorSupport (11s)
✔ [10573/11251] Built Euler.TransversePacketJoinedCorrectorBounds (20s)
✔ [10574/11251] Built Euler.TransversePacketPrimaryUnitBounds (20s)
✔ [10575/11251] Built Euler.TransversePacketPrimaryHomogeneity (23s)
✔ [10576/11251] Built Euler.TransversePacketPrimaryParity (18s)
✔ [10577/11251] Built Euler.TransversePacketPrimaryEquation (11s)
✔ [10578/11251] Built Euler.DriftCorrectionMildEnergy (7.7s)
✔ [10579/11251] Built Euler.GlobalGevreyCorrection (7.0s)
✔ [10580/11251] Built Euler.PacketFiniteRemainderBounds (5.6s)
✔ [10581/11251] Built Euler.PacketKnownTermFields (6.3s)
✔ [10582/11251] Built Euler.PacketParentMeanBudget (10s)
✔ [10583/11251] Built Euler.PacketMeanGradeBounds (4.6s)
✔ [10584/11251] Built Euler.PacketKnownPieceScales (5.2s)
✔ [10585/11251] Built Euler.PacketCylinderLinearTermBudget (4.0s)
✔ [10586/11251] Built Euler.PacketCylinderRecursiveAdmissibility (4.5s)
✔ [10587/11251] Built Euler.PacketCylinderHighParity (4.5s)
✔ [10588/11251] Built Euler.PacketSourceCoefficientBudget (7.5s)
✔ [10589/11251] Built Euler.TransversePacketJoinedParity (8.6s)
✔ [10590/11251] Built Euler.TransversePacketJoinedFullBounds (11s)
✔ [10591/11251] Built Euler.PacketInitialAmplitude (10s)
✔ [10592/11251] Built Euler.TransversePacketPrimaryField (8.2s)
✔ [10593/11251] Built Euler.ViscousCorrectionFamily (6.1s)
✔ [10594/11251] Built Euler.DriftCorrectionBootstrap (6.5s)
✔ [10595/11251] Built Euler.TransversePacketPairAmplitude (17s)
✔ [10596/11251] Built Euler.PacketKnownTermSums (6.6s)
✔ [10597/11251] Built Euler.PacketKnownTermScales (4.8s)
✔ [10598/11251] Built Euler.PacketKnownPieceBounds (5.5s)
✔ [10599/11251] Built Euler.PacketParentLabelBudgets (7.6s)
✔ [10600/11251] Built Euler.PacketTailNormalization (5.1s)
✔ [10601/11251] Built Euler.PacketUnweightedAdvection (5.2s)
✔ [10602/11251] Built Euler.PacketProfileRegularity (5.3s)
✔ [10603/11251] Built Euler.PacketJoinedGradeBounds (8.1s)
✔ [10604/11251] Built Euler.TransversePacketJoinedProvider (9.7s)
✔ [10605/11251] Built Euler.TransversePacketPrimaryBounds (7.8s)
✔ [10606/11251] Built Euler.TransversePacketPrimaryHistory (7.6s)
✔ [10607/11251] Built Euler.TransversePacketPrimaryCorrector (14s)
✔ [10608/11251] Built Euler.TransversePacketPrimaryPressure (16s)
✔ [10609/11251] Built Euler.DriftPartialCorrectionBootstrap (16s)
✔ [10610/11251] Built Euler.GevreyInviscidEnergyCompactness (17s)
✔ [10611/11251] Built Euler.PacketKnownTermProfiles (5.4s)
✔ [10612/11251] Built Euler.PacketMaskedProductBounds (6.6s)
✔ [10613/11251] Built Euler.TransversePacketForwardNorms (11s)
✔ [10614/11251] Built Euler.SmoothL2Gevrey (7.3s)
✔ [10615/11251] Built Euler.PacketParentPhysicalBudgets (8.5s)
✔ [10616/11251] Built Euler.PacketApproximationNormalization (5.0s)
✔ [10617/11251] Built Euler.PacketProfileParity (4.9s)
✔ [10618/11251] Built Euler.PacketFiniteProfileFields (6.4s)
✔ [10619/11251] Built Euler.PacketResidualTailFields (6.3s)
✔ [10620/11251] Built Euler.PacketProfileStepRegularity (5.8s)
✔ [10621/11251] Built Euler.PacketProfileBudget (5.6s)
✔ [10622/11251] Built Euler.PacketPrimaryRegularity (4.0s)
✔ [10623/11251] Built Euler.PacketJoinedStepRegularity (5.4s)
✔ [10624/11251] Built Euler.PacketJoinedSourceOperators (5.1s)
✔ [10625/11251] Built Euler.PacketCommonRadius (6.5s)
✔ [10626/11251] Built Euler.PacketPrimaryShearIdentity (9.5s)
✔ [10627/11251] Built Euler.DriftGlobalGevreyCorrection (9.0s)
✔ [10628/11251] Built Euler.PacketPrimaryFactorization (11s)
✔ [10629/11251] Built Euler.PacketKnownTermBounds (10s)
✔ [10630/11251] Built Euler.GlobalInviscidGevrey (17s)
✔ [10631/11251] Built Euler.TransversePacketForwardFullBounds (22s)
✔ [10632/11251] Built Euler.TransversePacketPrimaryFullBounds (36s)
✔ [10633/11251] Built Euler.StaticCylinderField (20s)
✔ [10634/11251] Built Euler.PhysicalGraphGevrey (16s)
✔ [10635/11251] Built Euler.OrdinarySmoothWords (10s)
✔ [10636/11251] Built Euler.SobolevSourceExponent (8.5s)
✔ [10637/11251] Built Euler.PacketMatrixNormalization (8.2s)
✔ [10638/11251] Built Euler.PacketProfileStepParity (9.1s)
✔ [10639/11251] Built Euler.PacketJoinedStepParity (7.3s)
✔ [10640/11251] Built Euler.PacketTailSumBounds (6.3s)
✔ [10641/11251] Built Euler.PacketFiniteParity (8.0s)
✔ [10642/11251] Built Euler.PacketProfilesRegularity (5.7s)
✔ [10643/11251] Built Euler.PacketFieldTimeFreeze (7.5s)
✔ [10644/11251] Built Euler.PacketProfileBudgetTransport (5.4s)
✔ [10645/11251] Built Euler.PacketProfileCoarseBounds (5.7s)
✔ [10646/11251] Built Euler.PacketBudgetTimeChange (5.2s)
✔ [10647/11251] Built Euler.PacketPrimarySourceRegularity (4.9s)
✔ [10648/11251] Built Euler.PacketJoinedProfilesRegularity (5.4s)
✔ [10649/11251] Built Euler.PacketPrimaryParity (6.6s)
✔ [10650/11251] Built Euler.TransversePacketPrimaryRadius (5.4s)
✔ [10651/11251] Built Euler.DriftViscousCorrectionFamily (5.7s)
✔ [10652/11251] Built Euler.PacketForcingBounds (8.5s)
✔ [10653/11251] Built Euler.PacketPrimaryFullShear (11s)
✔ [10654/11251] Built Euler.AllOrderCorrectionData (14s)
✔ [10655/11251] Built Euler.TransversePacketForwardGradeBounds (14s)
✔ [10656/11251] Built Euler.SmoothTimeAmplitudeBounds (13s)
✔ [10657/11251] Built Euler.SmoothL2ScalingContinuity (13s)
✔ [10658/11251] Built Euler.OrdinaryWordConstraints (9.8s)
✔ [10659/11251] Built Euler.PacketFieldParityAlgebra (6.0s)
✔ [10660/11251] Built Euler.OrdinaryFieldAlgebra (9.1s)
✔ [10661/11251] Built Euler.PacketConstructedProfiles (4.7s)
✔ [10662/11251] Built Euler.PacketProfilesParity (5.2s)
✔ [10663/11251] Built Euler.PacketFiniteVelocityBounds (4.2s)
✔ [10664/11251] Built Euler.PacketFiniteAssemblyBounds (4.9s)
✔ [10665/11251] Built Euler.PacketGevreyProfileChoice (4.1s)
✔ [10666/11251] Built Euler.PacketProfileBudgetTimeChange (4.4s)
✔ [10667/11251] Built Euler.PacketPrimaryGradeBounds (7.2s)
✔ [10668/11251] Built Euler.PacketPrimarySourceParity (6.8s)
✔ [10669/11251] Built Euler.PacketJoinedProfilesParity (6.6s)
✔ [10670/11251] Built Euler.PacketForwardPrimary (8.8s)
✔ [10671/11251] Built Euler.PacketJoinedStepBudget (6.2s)
✔ [10672/11251] Built Euler.PacketPrimaryScaling (7.0s)
✔ [10673/11251] Built Euler.PacketFieldTower (5.7s)
✔ [10674/11251] Built Euler.DriftGevreyInviscidEnergyCompactness (12s)
✔ [10675/11251] Built Euler.FieldTowerGraph (6.3s)
✔ [10676/11251] Built Euler.CorrectionAssemblyData (8.4s)
✔ [10677/11251] Built Euler.FieldTowerRepresentative (7.5s)
✔ [10678/11251] Built Euler.AllOrderCorrectionCoherence (9.3s)
✔ [10679/11251] Built Euler.PacketForwardForcedBounds (5.5s)
✔ [10680/11251] Built Euler.CoefficientPathSmooth (15s)
✔ [10681/11251] Built Euler.PacketForwardCommonRadius (5.3s)
✔ [10682/11251] Built Euler.OrdinaryGradientInterpolation (6.8s)
✔ [10683/11251] Built Euler.OrdinaryTransportCancellation (7.1s)
✔ [10684/11251] Built Euler.PacketSourceProfiles (5.6s)
✔ [10685/11251] Built Euler.OrdinaryWordTime (10s)
✔ [10686/11251] Built Euler.PacketTailLinearBounds (6.2s)
✔ [10687/11251] Built Euler.PacketTailProductBounds (5.7s)
✔ [10688/11251] Built Euler.PacketFiniteProfileBounds (6.4s)
✔ [10689/11251] Built Euler.PacketProfileEnvelope (4.9s)
✔ [10690/11251] Built Euler.PacketInitialFields (9.6s)
✔ [10691/11251] Built Euler.PacketTerminalPrimaryFields (5.7s)
✔ [10692/11251] Built Euler.PacketPrimaryCommonRadius (4.9s)
✔ [10693/11251] Built Euler.PacketJoinedSourceProfiles (5.5s)
✔ [10694/11251] Built Euler.PacketMeanPressureStepBound (6.7s)
✔ [10695/11251] Built Euler.PacketForwardPrimaryBounds (9.0s)
✔ [10696/11251] Built Euler.PacketPrimaryDynamics (8.7s)
✔ [10697/11251] Built Euler.PacketPrimaryPressureShear (9.5s)
✔ [10698/11251] Built Euler.PacketFieldSobolev (8.9s)
✔ [10699/11251] Built Euler.FieldTowerGraphDerivative (7.5s)
✔ [10700/11251] Built Euler.DriftGlobalInviscidGevrey (11s)
✔ [10701/11251] Built Euler.LiftedTransportTrace (5.9s)
✔ [10702/11251] Built Euler.FieldTowerPointwiseGevrey (6.4s)
✔ [10703/11251] Built Euler.CorrectionAssemblyCompatibility (12s)
✔ [10704/11251] Built Euler.FieldTowerAlgebra (8.9s)
✔ [10705/11251] Built Euler.FieldTowerTimeRestriction (9.9s)
✔ [10706/11251] Built Euler.AllOrderDriftBudget (6.4s)
✔ [10707/11251] Built Euler.PacketForwardStepBudget (7.0s)
✔ [10708/11251] Built Euler.AllOrderCorrectionBudget (8.8s)
✔ [10709/11251] Built Euler.PacketSourceParity (9.2s)
✔ [10710/11251] Built Euler.PacketSourceRegularity (8.9s)
✔ [10711/11251] Built Euler.CoefficientPathBounds (13s)
✔ [10712/11251] Built Euler.PacketTailNonlinearBounds (6.5s)
✔ [10713/11251] Built Euler.PacketSourceEquations (7.2s)
✔ [10714/11251] Built Euler.CoefficientPathSobolev (17s)
✔ [10715/11251] Built Euler.PacketFiniteCoarseBounds (7.0s)
✔ [10716/11251] Built Euler.PacketInitializedRadius (4.3s)
✔ [10717/11251] Built Euler.PacketTerminalPrimaryBudget (5.2s)
✔ [10718/11251] Built Euler.PacketInitialSupport (5.5s)
✔ [10719/11251] Built Euler.PacketSourceInitialMean (5.3s)
✔ [10720/11251] Built Euler.PacketActivationRay (7.8s)
✔ [10721/11251] Built Euler.PacketFieldSobolevBudget (9.4s)
✔ [10722/11251] Built Euler.PacketPhysicalLowBounds (12s)
✔ [10723/11251] Built Euler.PacketFieldMap (6.5s)
✔ [10724/11251] Built Euler.PacketPrimaryUncut (14s)
✔ [10725/11251] Built Euler.PacketFieldGraphBounds (4.0s)
✔ [10726/11251] Built Euler.FieldTowerCanonicalGraph (6.4s)
✔ [10727/11251] Built Euler.CorrectionAssemblyCommon (8.6s)
✔ [10728/11251] Built Euler.FieldTowerSmoothTimeField (11s)
✔ [10729/11251] Built Euler.AllOrderCorrectionStability (5.4s)
✔ [10730/11251] Built Euler.AllOrderDriftFinite (9.5s)
✔ [10731/11251] Built Euler.ConstantCorrectionData (15s)
✔ [10732/11251] Built Euler.PacketSourceMeanZero (5.4s)
✔ [10733/11251] Built Euler.PacketTailGradeBounds (5.5s)
✔ [10734/11251] Built Euler.PacketSourceResidual (5.5s)
✔ [10735/11251] Built Euler.CoefficientPathWeightedBounds (8.3s)
✔ [10736/11251] Built Euler.PacketJoinedSourceEquations (6.4s)
✔ [10737/11251] Built Euler.PacketCylinderMeanSolenoidal (6.1s)
✔ [10738/11251] Built Euler.ParentPacketSourceData (11s)
✔ [10739/11251] Built Euler.PacketCoefficientTower (6.3s)
✔ [10740/11251] Built Euler.PacketInitialBounds (7.5s)
✔ [10741/11251] Built Euler.PacketCorrectionConstants (4.8s)
✔ [10742/11251] Built Euler.PacketFiniteApproximationBounds (5.3s)
✔ [10743/11251] Built Euler.PacketInitializedCanonicalRadius (5.0s)
✔ [10744/11251] Built Euler.PacketFieldDrift (5.8s)
✔ [10745/11251] Built Euler.PacketActivationSourceData (8.2s)
✔ [10746/11251] Built Euler.PacketForwardFactorization (8.7s)
✔ [10747/11251] Built Euler.PacketFieldTensorBounds (5.0s)
✔ [10748/11251] Built Euler.PacketActivationHistory (11s)
✔ [10749/11251] Built Euler.FieldTowerPhysicalL2 (7.8s)
✔ [10750/11251] Built Euler.CorrectionAssemblyPressure (10s)
✔ [10751/11251] Built Euler.PacketActivationLipschitz (26s)
✔ [10752/11251] Built Euler.FieldTowerJetLp (7.4s)
✔ [10753/11251] Built Euler.PacketForwardUniformProfiles (5.8s)
✔ [10754/11251] Built Euler.SmallCorrectionScales (6.0s)
✔ [10755/11251] Built Euler.AllOrderCorrectionFamily (12s)
✔ [10756/11251] Built Euler.PacketSourcePiola (5.0s)
✔ [10757/11251] Built Euler.PacketResidualTailActual (75s)
✔ [10758/11251] Built Euler.PacketJoinedSourceRegularity (5.7s)
✔ [10759/11251] Built Euler.CoefficientPathPressureBounds (8.8s)
✔ [10760/11251] Built Euler.PacketJoinedSourceConstraints (6.0s)
✔ [10761/11251] Built Euler.ParentPacketPhysicalCoefficients (6.0s)
✔ [10762/11251] Built Euler.PacketCorrectionScalar (6.8s)
✔ [10763/11251] Built Euler.PacketApproximationBounds (5.9s)
✔ [10764/11251] Built Euler.PacketSourceCorrectionCoefficients (11s)
✔ [10765/11251] Built Euler.PacketRadiusCostPolynomial (7.3s)
✔ [10766/11251] Built Euler.PacketFirstPressureSign (11s)
✔ [10767/11251] Built Euler.PacketPressureFastHessian (11s)
✔ [10768/11251] Built Euler.PacketFieldSmoothTimeField (8.6s)
✔ [10769/11251] Built Euler.PacketFieldPhysicalSobolev (7.4s)
✔ [10770/11251] Built Euler.FieldTowerPhysicalContinuity (6.9s)
✔ [10771/11251] Built Euler.PacketPhysicalFrequencyBounds (7.4s)
✔ [10772/11251] Built Euler.PacketFieldJetLp (5.4s)
✔ [10773/11251] Built Euler.PacketForwardInitializedProfiles (5.3s)
✔ [10774/11251] Built Euler.PacketActivationData (21s)
✔ [10775/11251] Built Euler.CorrectionAssemblyRealizations (6.8s)
✔ [10776/11251] Built Euler.SmallCorrectionBounds (5.6s)
✔ [10777/11251] Built Euler.PacketProfileTailGrade (5.4s)
✔ [10778/11251] Built Euler.AllOrderLiftedCorrection (6.4s)
✔ [10779/11251] Built Euler.PacketSourceSolenoidal (7.4s)
✔ [10780/11251] Built Euler.PacketJoinedSourceResidual (5.7s)
✔ [10781/11251] Built Euler.PacketJoinedUniformProfiles (5.4s)
✔ [10782/11251] Built Euler.PacketCoefficientTowerBounds (9.1s)
✔ [10783/11251] Built Euler.PacketJoinedSourcePiola (5.6s)
✔ [10784/11251] Built Euler.ParentPacketHessianSymmetry (7.3s)
✔ [10785/11251] Built Euler.ParentLagrangianEuler (6.0s)
✔ [10786/11251] Built Euler.PacketSourceFrequency (7.9s)
✔ [10787/11251] Built Euler.PacketRemainderBounds (9.5s)
✔ [10788/11251] Built Euler.ParentPacketStrainEvolution (20s)
✔ [10789/11251] Built Euler.PacketCoordinateJets (10s)
✔ [10790/11251] Built Euler.PacketCorrectionMetric (11s)
✔ [10791/11251] Built Euler.PacketSourceCoefficientGevrey (16s)
✔ [10792/11251] Built Euler.PacketInitializedRadiusPolynomial (19s)
✔ [10793/11251] Built Euler.PacketPrimaryGlobalShear (14s)
✔ [10794/11251] Built Euler.PacketInitialPhysical (8.0s)
✔ [10795/11251] Built Euler.FlowL2Transport (5.0s)
✔ [10796/11251] Built Euler.PacketForwardInitializedProfilesParity (5.4s)
✔ [10797/11251] Built Euler.PacketPhysicalPressureGevrey (11s)
✔ [10798/11251] Built Euler.PacketActivationFrame (8.9s)
✔ [10799/11251] Built Euler.CorrectionAssemblyParity (7.5s)
✔ [10800/11251] Built Euler.SmallCorrectionBudget (5.6s)
✔ [10801/11251] Built Euler.PacketProfileTailEstimates (6.4s)
✔ [10802/11251] Built Euler.AllOrderPressureCoherence (8.3s)
✔ [10803/11251] Built Euler.PacketInitializedProfiles (5.3s)
✔ [10804/11251] Built Euler.PacketSourceResidualFields (81s)
✔ [10805/11251] Built Euler.PacketJoinedSourceSolenoidal (6.6s)
✔ [10806/11251] Built Euler.PacketCorrectionRapidDecay (4.4s)
✔ [10807/11251] Built Euler.PacketNormalDriftBounds (5.0s)
✔ [10808/11251] Built Euler.PacketCoordinateResidual (9.6s)
✔ [10809/11251] Built Euler.PacketCorrectionSourceData (7.8s)
✔ [10810/11251] Built Euler.PacketCorrectionMetricTime (12s)
✔ [10811/11251] Built Euler.PacketCorrectionCoefficientBudget (9.1s)
✔ [10812/11251] Built Euler.PacketSourceRadiusPolynomial (14s)
✔ [10813/11251] Built Euler.PacketForwardPrimaryShear (13s)
✔ [10814/11251] Built Euler.PacketPhysicalFieldTower (9.6s)
✔ [10815/11251] Built Euler.VolumeSobolevComposition (8.8s)
✔ [10816/11251] Built Euler.PacketPressureFastBounds (8.5s)
✔ [10817/11251] Built Euler.PacketActivationInitial (9.0s)
✔ [10818/11251] Built Euler.PacketInitializedProfilesParity (5.0s)
✔ [10819/11251] Built Euler.AllOrderSmoothPressure (6.2s)
✔ [10820/11251] Built Euler.PacketForwardResidualBounds (5.9s)
✔ [10821/11251] Built Euler.PacketLiftedSmallness (5.3s)
✔ [10822/11251] Built Euler.PacketJoinedApproximationBounds (6.5s)
✔ [10823/11251] Built Euler.PacketForwardApproximationBounds (5.7s)
✔ [10824/11251] Built Euler.LiftedSmoothTimeField (10s)
✔ [10825/11251] Built Euler.PacketScalarPressureGradient (9.3s)
✔ [10826/11251] Built Euler.PacketCoordinateSobolev (13s)
✔ [10827/11251] Built Euler.PacketCorrectionCoefficientParity (8.5s)
✔ [10828/11251] Built Euler.PacketJoinedResidualFields (79s)
✔ [10829/11251] Built Euler.PacketForwardCoefficientBudgets (5.6s)
✔ [10830/11251] Built Euler.PacketCorrectionPrimitivePolynomial (7.0s)
✔ [10831/11251] Built Euler.PacketCorrectionMetricBudget (15s)
✔ [10832/11251] Built Euler.PacketJoinedCoefficientBudgets (5.4s)
✔ [10833/11251] Built Euler.GevreyCompositionLp (6.5s)
✔ [10834/11251] Built Euler.PacketForwardRadiusPolynomial (8.3s)
✔ [10835/11251] Built Euler.PacketActivationNeighbor (6.9s)
✔ [10836/11251] Built Euler.PacketActivationConstructed (7.0s)
✔ [10837/11251] Built Euler.CommonPressureRepresentative (6.6s)
✔ [10838/11251] Built Euler.VolumeSobolevPath (15s)
✔ [10839/11251] Built Euler.PacketUniformFrequencyMargin (7.1s)
✔ [10840/11251] Built Euler.PacketForwardInitializedBounds (6.1s)
✔ [10841/11251] Built Euler.FieldTowerGraphGevrey (9.6s)
✔ [10842/11251] Built Euler.LiftedSmoothTimeFieldBounds (8.7s)
✔ [10843/11251] Built Euler.PacketScalarPressureGrade (8.9s)
✔ [10844/11251] Built Euler.CylinderJetLpMap (11s)
✔ [10845/11251] Built Euler.PacketPressureWitness (8.5s)
✔ [10846/11251] Built Euler.PacketJoinedResidualBounds (6.2s)
✔ [10847/11251] Built Euler.PacketCorrectionGrowth (4.7s)
✔ [10848/11251] Built Euler.GevreyProductLp (5.3s)
✔ [10849/11251] Built Euler.PacketCorrectionMetricBounds (9.2s)
✔ [10850/11251] Built Euler.GevreyJetCompositionLp (6.0s)
✔ [10851/11251] Built Euler.PacketForwardCanonicalRadius (5.4s)
✔ [10852/11251] Built Euler.CorrectionAssemblyReconstruction (6.2s)
✔ [10853/11251] Built Euler.PacketForwardInitializedCorrectionData (6.6s)
✔ [10854/11251] Built Euler.PacketSourceGeometryData (13s)
✔ [10855/11251] Built Euler.CylinderJetLpAlgebra (7.8s)
✔ [10856/11251] Built Euler.PacketForwardScalarPressureGrade (9.4s)
✔ [10857/11251] Built Euler.FieldTowerVolumeSobolev (18s)
✔ [10858/11251] Built Euler.PacketAngularPressureStepBound (5.6s)
✔ [10859/11251] Built Euler.PacketPressureCovector (7.2s)
✔ [10860/11251] Built Euler.PacketMeanPressureGradient (7.5s)
✔ [10861/11251] Built Euler.PacketInitializedBounds (6.9s)
✔ [10862/11251] Built Euler.OrdinaryWordBounds (7.5s)
✔ [10863/11251] Built Euler.SmoothL2GevreyCalculus (10s)
✔ [10864/11251] Built Euler.SmoothL2ClassicalBounds (7.8s)
✔ [10865/11251] Built Euler.GevreyFlowLpIntegration (5.0s)
✔ [10866/11251] Built Euler.CorrectionAssemblyPressureParity (5.3s)
✔ [10867/11251] Built Euler.PacketCorrectionPrimitiveBounds (10s)
✔ [10868/11251] Built Euler.PacketForwardInitializedSolenoidal (6.0s)
✔ [10869/11251] Built Euler.CorrectionAssemblyTime (8.6s)
✔ [10870/11251] Built Euler.PacketForwardInitializedCorrectionNorms (7.2s)
✔ [10871/11251] Built Euler.PacketForwardInitializedFieldParity (7.3s)
✔ [10872/11251] Built Euler.ParentFrameReframe (11s)
✔ [10873/11251] Built Euler.ParentPacketGeometryFrame (15s)
✔ [10874/11251] Built Euler.PacketSourceGeometryAssembly (13s)
✔ [10875/11251] Built Euler.PacketSourceVolumeSobolev (12s)
✔ [10876/11251] Built Euler.PacketInitializedPressureBudgets (6.0s)
✔ [10877/11251] Built Euler.PacketSourcePressureAssembly (5.3s)
✔ [10878/11251] Built Euler.PacketJoinedPressureAssembly (5.7s)
✔ [10879/11251] Built Euler.PacketInitializedCorrectionData (5.0s)
✔ [10880/11251] Built Euler.OrdinaryH3Norms (5.3s)
✔ [10881/11251] Built Euler.CompactSmoothL2Bounds (5.8s)
✔ [10882/11251] Built Euler.OrdinaryWordInterpolation (6.4s)
✔ [10883/11251] Built Euler.OrdinaryH3Products (7.9s)
✔ [10884/11251] Built Euler.GevreyCompactProduct (5.6s)
✔ [10885/11251] Built Euler.AllOrderDriftPressure (6.8s)
✔ [10886/11251] Built Euler.ParentCorrectionCostEnvelope (6.7s)
✔ [10887/11251] Built Euler.ChildParticleFieldBounds (10s)
✔ [10888/11251] Built Euler.SmoothCylinderGevrey (10s)
✔ [10889/11251] Built Euler.PacketSourcePrimitiveBounds (5.0s)
✔ [10890/11251] Built Euler.PacketForwardInitializedSpatialBudget (6.8s)
✔ [10891/11251] Built Euler.PacketForwardInitializedCorrectionParity (6.4s)
✔ [10892/11251] Built Euler.ParentPacketPhysicalFrame (7.5s)
✔ [10893/11251] Built Euler.PacketSourceGeometryGrowth (7.1s)
✔ [10894/11251] Built Euler.AllOrderDriftCorrection (15s)
✔ [10895/11251] Built Euler.PacketForwardGeometryData (12s)
✔ [10896/11251] Built Euler.PacketSourceSmoothField (9.5s)
✔ [10897/11251] Built Euler.PacketPressureRemainder (7.5s)
✔ [10898/11251] Built Euler.PacketForwardPressureBudgets (8.9s)
✔ [10899/11251] Built Euler.PacketForwardInitializedPressure (5.1s)
✔ [10900/11251] Built Euler.PacketInitializedFieldParity (6.5s)
✔ [10901/11251] Built Euler.PacketInitializedSolenoidal (5.6s)
✔ [10902/11251] Built Euler.PacketInitializedCorrectionNorms (6.0s)
✔ [10903/11251] Built Euler.OrdinaryFieldScaling (6.9s)
✔ [10904/11251] Built Euler.OrdinaryTameProduct (6.4s)
✔ [10905/11251] Built Euler.WholeSpaceGaussianFields (9.8s)
✔ [10906/11251] Built Euler.OrdinaryGradientProducts (7.5s)
✔ [10907/11251] Built Euler.OrdinaryH3Commutator (7.2s)
✔ [10908/11251] Built Euler.BaseEulerDatum (7.1s)
✔ [10909/11251] Built Euler.ChildParticleFieldTime (7.2s)
✔ [10910/11251] Built Euler.PacketPhysicalCorrectionPotential (7.6s)
✔ [10911/11251] Built Euler.ChildParticleSourceBound (6.6s)
✔ [10912/11251] Built Euler.SmoothCylinderComposition (8.7s)
✔ [10913/11251] Built Euler.PacketForwardInitializedAllOrderBudget (10s)
✔ [10914/11251] Built Euler.ParentPacketPrimaryCenter (10s)
✔ [10915/11251] Built Euler.PacketGeometryLowBounds (10s)
✔ [10916/11251] Built Euler.AllOrderDriftRadiusBounds (7.0s)
✔ [10917/11251] Built Euler.PacketForwardGeometryAssembly (9.2s)
✔ [10918/11251] Built Euler.AllOrderDriftEquation (14s)
✔ [10919/11251] Built Euler.CorrectionAssemblySourceTower (14s)
✔ [10920/11251] Built Euler.PacketInitializedCorrectionParity (5.5s)
✔ [10921/11251] Built Euler.PacketInitializedSpatialBudget (6.9s)
✔ [10922/11251] Built Euler.PacketEulerianRegularity (11s)
✔ [10923/11251] Built Euler.WholeSpaceGaussianHigh (5.0s)
✔ [10924/11251] Built Euler.OrdinaryH3Energy (7.0s)
✔ [10925/11251] Built Euler.BaseEulerGevrey (9.0s)
✔ [10926/11251] Built Euler.PacketForwardInitializedCorrectionChoice (8.4s)
✔ [10927/11251] Built Euler.PacketForwardGeometryLowBounds (8.5s)
✔ [10928/11251] Built Euler.SmoothCylinderAccelerationLp (15s)
✔ [10929/11251] Built Euler.PacketForwardInitializedResidualEquation (7.6s)
✔ [10930/11251] Built Euler.PacketInitializedResidualEquation (7.6s)
✔ [10931/11251] Built Euler.AllOrderDriftPressureBounds (7.1s)
✔ [10932/11251] Built Euler.AllOrderDriftGraph (7.3s)
✔ [10933/11251] Built Euler.WholeSpaceGaussianElliptic (6.3s)
✔ [10934/11251] Built Euler.PacketInitializedAllOrderBudget (9.1s)
✔ [10935/11251] Built Euler.OrdinaryTameEnergy (6.0s)
✔ [10936/11251] Built Euler.BaseEulerUniform (5.5s)
✔ [10937/11251] Built Euler.OrdinaryEulerDifference (8.9s)
✔ [10938/11251] Built Euler.PacketFirstLowBounds (8.5s)
✔ [10939/11251] Built Euler.PacketGeometryControlledGrowth (7.6s)
✔ [10940/11251] Built Euler.SmoothCylinderAccelerationComposition (8.9s)
✔ [10941/11251] Built Euler.PacketForwardInitializedTimeBounds (7.4s)
✔ [10942/11251] Built Euler.PacketInitializedTimeBounds (7.6s)
✔ [10943/11251] Built Euler.PacketForwardRemainder (10s)
✔ [10944/11251] Built Euler.CorrectionSmoothTimeField (7.6s)
✔ [10945/11251] Built Euler.PacketInitializedRemainder (11s)
✔ [10946/11251] Built Euler.AllOrderDriftResidualBounds (7.4s)
✔ [10947/11251] Built Euler.AllOrderDriftPointwiseBounds (7.1s)
✔ [10948/11251] Built Euler.WholeSpaceLogarithmic (5.5s)
✔ [10949/11251] Built Euler.PacketInitializedCorrectionChoice (6.9s)
✔ [10950/11251] Built Euler.OrdinaryGradientEnergy (7.3s)
✔ [10951/11251] Built Euler.EvolutionTimeShift (6.2s)
✔ [10952/11251] Built Euler.OrdinaryH3Envelope (7.6s)
✔ [10953/11251] Built Euler.PacketFiveCostPolynomial (15s)
✔ [10954/11251] Built Euler.PacketGeometryJoinedBudget (6.6s)
✔ [10955/11251] Built Euler.PhysicalGraphFlowBounds (10s)
✔ [10956/11251] Built Euler.PacketForwardPressureRemainder (7.9s)
✔ [10957/11251] Built Euler.PacketInitializedInitial (7.1s)
✔ [10958/11251] Built Euler.PacketInitializedCorrectionBounds (4.1s)
✔ [10959/11251] Built Euler.PacketInitializedPressureRemainder (8.8s)
✔ [10960/11251] Built Euler.PacketGraphFlowFieldBounds (7.8s)
✔ [10961/11251] Built Euler.OrdinaryEulerStability (9.4s)
✔ [10962/11251] Built Euler.PacketInitializedExactLifted (10s)
✔ [10963/11251] Built Euler.PacketFiveCostGuards (10s)
✔ [10964/11251] Built Euler.PhysicalGraphFlowSupBounds (5.9s)
✔ [10965/11251] Built Euler.PhysicalGraphTimeFields (7.3s)
✔ [10966/11251] Built Euler.PacketForwardHessianError (9.9s)
✔ [10967/11251] Built Euler.PacketInitializedCorrectionEstimateChoice (12s)
✔ [10968/11251] Built Euler.PacketCorrectionOutputPolynomial (9.1s)
✔ [10969/11251] Built Euler.PacketForwardInitializedCorrectionEstimates (11s)
✔ [10970/11251] Built Euler.PacketInitializedHessianError (9.3s)
✔ [10971/11251] Built Euler.H3CurlConvergence (5.1s)
✔ [10972/11251] Built Euler.OrdinaryEulerRestriction (4.8s)
✔ [10973/11251] Built Euler.OrdinaryEulerL2Stability (7.0s)
✔ [10974/11251] Built Euler.AllOrderDriftFieldDecomposition (5.3s)
✔ [10975/11251] Built Euler.PacketForwardInitializedExactLifted (5.5s)
✔ [10976/11251] Built Euler.PacketInitializedUniformCosts (5.8s)
✔ [10977/11251] Built Euler.PhysicalChildFields (7.1s)
✔ [10978/11251] Built Euler.ExactLiftedPointwise (12s)
✔ [10979/11251] Built Euler.PhysicalChildStructure (5.3s)
✔ [10980/11251] Built Euler.PacketGraphFlowSupBounds (10s)
✔ [10981/11251] Built Euler.PacketInitializedPointwiseChoice (6.6s)
✔ [10982/11251] Built Euler.OrdinaryEulerVaryingHorizon (6.2s)
✔ [10983/11251] Built Euler.OrdinaryEulerHigherEnergy (5.7s)
✔ [10984/11251] Built Euler.OrdinaryQuadraticControl (5.8s)
✔ [10985/11251] Built Euler.OrdinaryVariableGronwall (4.0s)
✔ [10986/11251] Built Euler.PacketLiftedCoefficient (6.0s)
✔ [10987/11251] Built Euler.PacketExactShearError (7.9s)
✔ [10988/11251] Built Euler.PacketInitializedParameterBounds (5.5s)
✔ [10989/11251] Built Euler.PacketInitializedUniformBudget (6.7s)
✔ [10990/11251] Built Euler.PhysicalChildSourceBound (5.3s)
✔ [10991/11251] Built Euler.PhysicalChildParent (7.6s)
✔ [10992/11251] Built Euler.SmallCorrectionResidual (10s)
✔ [10993/11251] Built Euler.ExactLiftedJointDifferentiability (10s)
✔ [10994/11251] Built Euler.OrdinaryEulerGradientControl (7.7s)
✔ [10995/11251] Built Euler.PacketInitializedPhysicalChoice (8.8s)
✔ [10996/11251] Built Euler.PacketGraphFlowExplicitBounds (16s)
✔ [10997/11251] Built Euler.PacketLiftedParity (4.6s)
✔ [10998/11251] Built Euler.OrdinaryCauchyInterpolation (15s)
✔ [10999/11251] Built Euler.PacketInitializedInitialExact (6.1s)
✔ [11000/11251] Built Euler.PacketLiftedCoefficientBounds (11s)
✔ [11001/11251] Built Euler.PacketForwardUniformCosts (5.9s)
✔ [11002/11251] Built Euler.PacketExactGlobalShear (9.3s)
✔ [11003/11251] Built Euler.PacketUniversalFrequency (4.8s)
✔ [11004/11251] Built Euler.PacketInitializedUniformBounds (9.6s)
✔ [11005/11251] Built Euler.ParentPacketLabelData (7.1s)
✔ [11006/11251] Built Euler.PhysicalChildVelocity (7.1s)
✔ [11007/11251] Built Euler.StaticEulerCorrection (5.8s)
✔ [11008/11251] Built Euler.SmallCorrectionParity (5.6s)
✔ [11009/11251] Built Euler.ExactLiftedGraphPressure (7.2s)
✔ [11010/11251] Built Euler.PacketExactSourceEquation (8.3s)
✔ [11011/11251] Built Euler.OrdinaryEulerRescaling (8.3s)
✔ [11012/11251] Built Euler.OrdinaryEulerVorticity (8.9s)
✔ [11013/11251] Built Euler.OrdinaryGradientStability (5.6s)
✔ [11014/11251] Built Euler.PacketInitialSmoothFields (5.8s)
✔ [11015/11251] Built Euler.OrdinarySobolevTower (9.7s)
✔ [11016/11251] Built Euler.PacketInitializedPhysicalFieldsChoice (11s)
✔ [11017/11251] Built Euler.PacketLiftedTimeBounds (11s)
✔ [11018/11251] Built Euler.ParentPacketRestriction (8.3s)
✔ [11019/11251] Built Euler.PacketForwardUniformBudget (10s)
✔ [11020/11251] Built Euler.ParentPacketScaledBounds (8.8s)
✔ [11021/11251] Built Euler.PhysicalChildPacketMatch (5.9s)
✔ [11022/11251] Built Euler.StaticEulerWeightedBounds (5.8s)
✔ [11023/11251] Built Euler.PacketForwardExactFields (8.6s)
✔ [11024/11251] Built Euler.PacketExactPressureError (8.9s)
✔ [11025/11251] Built Euler.PacketExactPhysicalMomentum (8.1s)
✔ [11026/11251] Built Euler.OrdinaryVorticityCoordinates (9.1s)
✔ [11027/11251] Built Euler.OrdinaryStrongTime (10s)
✔ [11028/11251] Built Euler.OrdinaryHelmholtzField (12s)
✔ [11029/11251] Built Euler.PacketInitializedHessianChoice (10s)
✔ [11030/11251] Built Euler.ConstantEulerGraph (32s)
✔ [11031/11251] Built Euler.PacketLiftedFlowData (6.5s)
✔ [11032/11251] Built Euler.PacketWeightedPhysicalErrors (10s)
✔ [11033/11251] Built Euler.OrdinarySmoothLimit (21s)
✔ [11034/11251] Built Euler.ParentStageHorizon (8.6s)
✔ [11035/11251] Built Euler.ParentPacketJoinedInput (8.3s)
✔ [11036/11251] Built Euler.BaseEulerGuards (7.7s)
✔ [11037/11251] Built Euler.ParentPacketForwardInput (6.3s)
✔ [11038/11251] Built Euler.ParentPacketNeighborBounds (12s)
✔ [11039/11251] Built Euler.PacketForwardExactPressureError (7.3s)
✔ [11040/11251] Built Euler.ParentNormalizedGeometry (9.6s)
✔ [11041/11251] Built Euler.PacketForwardInitialSupport (7.1s)
✔ [11042/11251] Built Euler.PacketForwardGlobalShear (9.7s)
✔ [11043/11251] Built Euler.PacketExactPhysicalDivergence (5.6s)
✔ [11044/11251] Built Euler.OrdinaryLogarithmicGradient (5.7s)
✔ [11045/11251] Built Euler.OrdinaryEulerUniqueness (5.0s)
✔ [11046/11251] Built Euler.OrdinaryEulerKineticEnergy (5.1s)
✔ [11047/11251] Built Euler.CompactProjectedPairing (5.7s)
✔ [11048/11251] Built Euler.StaticEulerTime (5.7s)
✔ [11049/11251] Built Euler.PacketExactGlobalChoice (7.3s)
✔ [11050/11251] Built Euler.StaticEulerSolution (7.2s)
✔ [11051/11251] Built Euler.PacketForwardInitializedFlowBounds (10s)
✔ [11052/11251] Built Euler.PacketPhysicalCostPolynomial (9.0s)
✔ [11053/11251] Built Euler.OrdinaryAdvectionLimit (11s)
✔ [11054/11251] Built Euler.SmoothL2Series (11s)
✔ [11055/11251] Built Euler.ParentStageDirection (12s)
✔ [11056/11251] Built Euler.ParentPacketHistoryLowBounds (9.1s)
✔ [11057/11251] Built Euler.ParentPacketGeometryInput (6.5s)
✔ [11058/11251] Built Euler.ParentInitializedRadiusPolynomial (14s)
✔ [11059/11251] Built Euler.ParentForwardGeometryInput (6.5s)
✔ [11060/11251] Built Euler.ParentForwardGeometryGuards (8.0s)
✔ [11061/11251] Built Euler.BaseEulerSign (9.4s)
✔ [11062/11251] Built Euler.ParentNormalizedEuler (5.6s)
✔ [11063/11251] Built Euler.ParentPacketHistoryNeighbor (11s)
✔ [11064/11251] Built Euler.ParentParticleInverse (6.4s)
✔ [11065/11251] Built Euler.PacketExactPhysicalEuler (7.6s)
✔ [11066/11251] Built Euler.OrdinaryEulerLogarithmicControl (6.5s)
✔ [11067/11251] Built Euler.OrdinarySmoothingOperator (12s)
✔ [11068/11251] Built Euler.StaticEulerRegularity (5.3s)
✔ [11069/11251] Built Euler.PacketInitializedFlowAndShear (9.4s)
✔ [11070/11251] Built Euler.StaticEulerParity (6.1s)
✔ [11071/11251] Built Euler.PacketForwardInitializedFlowAndShear (8.8s)
✔ [11072/11251] Built Euler.PacketInitializedOutputCosts (8.4s)
✔ [11073/11251] Built Euler.OrdinaryEulerLimit (7.0s)
✔ [11074/11251] Built Euler.PacketParameterEnvelope (6.9s)
✔ [11075/11251] Built Euler.ParentShortForwardRadius (11s)
✔ [11076/11251] Built Euler.ParentForwardRadiusPolynomial (10s)
✔ [11077/11251] Built Euler.PacketGeometryProfileEnvelope (6.0s)
✔ [11078/11251] Built Euler.CompactProjectedEulerLaw (58s)
✔ [11079/11251] Built Euler.ComparatorEvolutionIdentification (61s)
✔ [11080/11251] Built Euler.ParentPacketGeometryGuards (13s)
✔ [11081/11251] Built Euler.ParentPacketHistoryPolynomial (11s)
✔ [11082/11251] Built Euler.ParentParticleRegularity (5.9s)
✔ [11083/11251] Built Euler.ParentPacketSobolevFields (6.5s)
✔ [11084/11251] Built Euler.ParentPacketParity (8.2s)
✔ [11085/11251] Built Euler.BaseEulerParent (8.9s)
✔ [11086/11251] Built Euler.PacketExactEulerianField (7.2s)
✔ [11087/11251] Built Euler.OrdinaryRegularizer (7.9s)
✔ [11088/11251] Built Euler.StaticEulerForceField (6.7s)
✔ [11089/11251] Built Euler.OrdinaryRegularizedEquation (9.8s)
✔ [11090/11251] Built Euler.StaticEulerGevrey (10s)
✔ [11091/11251] Built Euler.PacketInitializedChildBounds (10s)
✔ [11092/11251] Built Euler.PacketForwardInitializedChildShear (9.0s)
✔ [11093/11251] Built Euler.PacketForwardOutputCosts (8.9s)
✔ [11094/11251] Built Euler.OrdinaryEulerCauchy (6.4s)
✔ [11095/11251] Built Euler.PacketSourceUniformEnvelope (5.6s)
✔ [11096/11251] Built Euler.PacketInitializedUniformFlow (15s)
✔ [11097/11251] Built Euler.ParentPacketBadRatioPolynomial (10s)
✔ [11098/11251] Built Euler.ParentEulerState (8.9s)
✔ [11099/11251] Built Euler.ParentPacketNeighborPolynomial (10s)
✔ [11100/11251] Built Euler.BaseEulerParity (5.4s)
✔ [11101/11251] Built Euler.ParentPacketCorrectionParity (6.8s)
✔ [11102/11251] Built Euler.ParentPacketExactEuler (9.0s)
✔ [11103/11251] Built Euler.BaseEulerFlowL2 (10s)
✔ [11104/11251] Built Euler.ParentPacketChildChoice (8.8s)
✔ [11105/11251] Built Euler.OrdinaryRegularizedFlow (12s)
✔ [11106/11251] Built Euler.ParentPacketForwardChildChoice (7.5s)
✔ [11107/11251] Built Euler.OrdinaryGradientLimit (6.1s)
✔ [11108/11251] Built Euler.OrdinaryEulerLocalCauchy (5.5s)
✔ [11109/11251] Built Euler.PacketInitialCostPolynomial (6.4s)
✔ [11110/11251] Built Euler.PacketForwardUniformFlow (13s)
✔ [11111/11251] Built Euler.ParentForwardUniformCosts (8.2s)
✔ [11112/11251] Built Euler.ParentInitializedUniformCosts (9.1s)
✔ [11113/11251] Built Euler.PacketInitializedUniformChild (8.4s)
✔ [11114/11251] Built Euler.PacketPressureSymmetry (5.4s)
✔ [11115/11251] Built Euler.PacketPressureScaleCosts (8.8s)
✔ [11116/11251] Built Euler.ParentEulerLowBounds (6.2s)
✔ [11117/11251] Built Euler.ParentEulerParity (5.0s)
✔ [11118/11251] Built Euler.ParentPacketNeighborScaleGuard (5.4s)
✔ [11119/11251] Built Euler.ParentEulerSobolev (6.6s)
✔ [11120/11251] Built Euler.ParentPacketParameterCaps (5.6s)
✔ [11121/11251] Built Euler.ParentPacketExactDivergence (7.0s)
✔ [11122/11251] Built Euler.BaseEulerLabelData (5.5s)
✔ [11123/11251] Built Euler.ParentPacketExactPressure (10s)
✔ [11124/11251] Built Euler.OrdinaryRegularizationError (7.2s)
✔ [11125/11251] Built Euler.OrdinaryEulerEndpoint (6.4s)
✔ [11126/11251] Built Euler.OrdinaryRegularizedEnergy (7.2s)
✔ [11127/11251] Built Euler.PacketForwardUniformChild (7.8s)
✔ [11128/11251] Built Euler.ParentUniformJoinedChild (7.0s)
✔ [11129/11251] Built Euler.PacketUniformInitialBounds (9.5s)
✔ [11130/11251] Built Euler.PacketCurlTransport (8.6s)
✔ [11131/11251] Built Euler.PacketGeometryInitialAmplitude (5.0s)
✔ [11132/11251] Built Euler.ParentNeighborThreshold (6.4s)
✔ [11133/11251] Built Euler.PacketGeometryPressureCosts (7.6s)
✔ [11134/11251] Built Euler.ParentOrdinaryEvolution (6.4s)
✔ [11135/11251] Built Euler.ParentEulerEndpoints (7.1s)
✔ [11136/11251] Built Euler.BaseStaticEuler (8.5s)
✔ [11137/11251] Built Euler.ParentChildEulerMatch (6.7s)
✔ [11138/11251] Built Euler.PacketChildFieldMatch (8.2s)
✔ [11139/11251] Built Euler.OrdinaryPerturbedEnergy (7.6s)
✔ [11140/11251] Built Euler.OrdinaryEulerLifespan (5.7s)
✔ [11141/11251] Built Euler.PacketInitialPolynomialBounds (5.6s)
✔ [11142/11251] Built Euler.ParentUniformForwardChild (6.9s)
✔ [11143/11251] Built Euler.PacketPressureSeries (6.7s)
✔ [11144/11251] Built Euler.BaseEulerInput (6.9s)
✔ [11145/11251] Built Euler.ParentEulerChild (7.7s)
✔ [11146/11251] Built Euler.ParentForwardInitialSupport (7.9s)
✔ [11147/11251] Built Euler.OrdinaryRegularizedCauchy (10s)
✔ [11148/11251] Built Euler.OrdinaryEulerConcatenation (10s)
✔ [11149/11251] Built Euler.PacketChildLowBounds (14s)
✔ [11150/11251] Built Euler.OrdinaryEulerMaximal (11s)
✔ [11151/11251] Built Euler.PacketCommonScaleChoice (5.8s)
✔ [11152/11251] Built Euler.BaseEulerSobolev (5.4s)
✔ [11153/11251] Built Euler.ParentGeometryInitialBounds (9.5s)
✔ [11154/11251] Built Euler.ParentEulerSobolevChild (7.1s)
✔ [11155/11251] Built Euler.OrdinaryEulerLocalExistence (7.9s)
✔ [11156/11251] Built Euler.OrdinaryEulerSobolevClass (7.7s)
✔ [11157/11251] Built Euler.ComparatorIdentification (11s)
✔ [11158/11251] Built Euler.BaseEulerState (8.4s)
✔ [11159/11251] Built Euler.PacketInitialInput (8.3s)
✔ [11160/11251] Built Euler.PacketForwardChildLowBounds (14s)
✔ [11161/11251] Built Euler.ParentState (5.5s)
✔ [11162/11251] Built Euler.PacketInitialSummability (6.1s)
✔ [11163/11251] Built Euler.OrdinaryEulerContinuation (7.2s)
✔ [11164/11251] Built Euler.ParentPacketInitialLowBounds (9.7s)
✔ [11165/11251] Built Euler.BaseSmoothState (6.5s)
✔ [11166/11251] Built Euler.OrdinaryEulerClassicalClass (16s)
✔ [11167/11251] Built Euler.ParentHomogeneousPacketLowBounds (11s)
✔ [11168/11251] Built Euler.ParentInitializedState (6.7s)
✔ [11169/11251] Built Euler.ParentStateGeometry (7.6s)
✔ [11170/11251] Built Euler.PacketInitialSmoothLimit (7.5s)
✔ [11171/11251] Built Euler.OrdinaryBKMReduction (5.6s)
✔ [11172/11251] Built Euler.OrdinaryMaximalVorticity (6.0s)
✔ [11173/11251] Built Euler.OrdinaryEulerNontriviality (6.0s)
✔ [11174/11251] Built Euler.ParentPacketChildLowGuards (7.2s)
✔ [11175/11251] Built Euler.BasePacketSetup (8.6s)
✔ [11176/11251] Built Euler.ParentFirstPacketLowGuards (8.2s)
✔ [11177/11251] Built Euler.CompactVorticityTimeUpgrade (13s)
✔ [11178/11251] Built Euler.ParentPacketStateGeometry (6.8s)
✔ [11179/11251] Built Euler.ParentRenewalParameters (9.2s)
✔ [11180/11251] Built Euler.PacketInitialExactLimit (6.9s)
✔ [11181/11251] Built Euler.OrdinaryMaximalVorticityIntegral (5.1s)
✔ [11182/11251] Built Euler.ParentGeometryForwardChoice (26s)
✔ [11183/11251] Built Euler.BasePacketUniformCosts (9.2s)
✔ [11184/11251] Built Euler.BasePacketFrameValues (6.0s)
✔ [11185/11251] Built Euler.ParentGeometryForwardChoiceNoOptions (28s)
✔ [11186/11251] Built Euler.PacketLowConstants (5.0s)
✔ [11187/11251] Built Euler.BasePacketLowBounds (8.2s)
✔ [11188/11251] Built Euler.ComparatorLocalEvolution (9.1s)
✔ [11189/11251] Built Euler.ParentRenewalScaleCosts (8.2s)
✔ [11190/11251] Built Euler.OrdinaryEulerBKM (6.9s)
✔ [11191/11251] Built Euler.BasePacketFrequencyCost (6.7s)
✔ [11192/11251] Built Euler.ParentNormalPacketParameters (6.5s)
✔ [11193/11251] Built Euler.ParentGeometryJoinedChoiceInvestigation (26s)
✔ [11194/11251] Built Euler.ParentGeometryJoinedChoice (25s)
✔ [11195/11251] Built Euler.ParentTargetRenewal (37s)
✔ [11196/11251] Built Euler.ParentRenewalScaleApplication (6.3s)
✔ [11197/11251] Built Euler.CompactVorticityContradiction (9.2s)
✔ [11198/11251] Built Euler.BaseFirstPacketScales (7.2s)
✔ [11199/11251] Built Euler.ParentForwardNormalParameters (6.0s)
✔ [11200/11251] Built Euler.NormalPacketFrequencyGuards (5.3s)
✔ [11201/11251] Built Euler.PacketInductionScales (8.9s)
✔ [11202/11251] Built Euler.BaseFirstPacket (28s)
✔ [11203/11251] Built Euler.PacketInductionScaleBounds (7.3s)
✔ [11204/11251] Built Euler.ParentGeometryChoiceLow (26s)
✔ [11205/11251] Built Euler.ParentGeometryChoiceCenter (34s)
✔ [11206/11251] Built Euler.ParentGeometryChoiceRenewal (13s)
✔ [11207/11251] Built Euler.BaseFirstPacketChoiceNoOptions (34s)
✔ [11208/11251] Built Euler.BaseFirstPacketChoice (33s)
✔ [11209/11251] Built Euler.ParentGeometryChoiceInitial (25s)
✔ [11210/11251] Built Euler.BaseLiteralFirstPacket (7.9s)
✔ [11211/11251] Built Euler.ParentChoiceInitialSupport (8.3s)
✔ [11212/11251] Built Euler.BaseFirstPacketEvolutionNoOptions (29s)
✔ [11213/11251] Built Euler.BaseFirstPacketEvolution (29s)
✔ [11214/11251] Built Euler.BaseFirstPacketFrame (11s)
✔ [11215/11251] Built Euler.PacketInductionStage (6.9s)
✔ [11216/11251] Built Euler.PacketStageLocalExistence (7.5s)
✔ [11217/11251] Built Euler.PacketStageGrowth (9.5s)
✔ [11218/11251] Built Euler.PacketStageRestriction (9.9s)
✔ [11219/11251] Built Euler.PacketStageLowPropagation (6.8s)
✔ [11220/11251] Built Euler.PacketStageContradiction (6.2s)
✔ [11221/11251] Built Euler.PacketStagePhysicalBounds (5.2s)
✔ [11222/11251] Built Euler.PacketStageGeometry (9.2s)
✔ [11223/11251] Built Euler.BaseInductionStageNoOptions (27s)
✔ [11224/11251] Built Euler.PacketStageGuards (9.1s)
✔ [11225/11251] Built Euler.BaseInductionStage (25s)
✔ [11226/11251] Built Euler.PacketStageEstimates (8.5s)
✔ [11227/11251] Built Euler.PacketStageInputs (8.6s)
✔ [11228/11251] Built Euler.PacketStageInitialLimit (11s)
✔ [11229/11251] Built Euler.PacketForwardSuccessor (14s)
✔ [11230/11251] Built Euler.PacketInitialDatumSupport (6.0s)
✔ [11231/11251] Built Euler.PacketJoinedSuccessor (27s)
✔ [11232/11251] Built Euler.BaseFirstPacketSupport (38s)
✔ [11233/11251] Built Euler.PacketInfiniteConstruction (5.9s)
✔ [11234/11251] Built Euler.PacketFiniteLifespan (6.8s)
✔ [11235/11251] Built Euler.StageDisplacementConfinement (7.6s)
✔ [11236/11251] Built Euler.CanonicalPacketHorizons (4.0s)
✔ [11237/11251] Built Euler.PacketFirstStageSupport (25s)
✔ [11238/11251] Built Euler.StageInitialSupport (20s)
✔ [11239/11251] Built Euler.StageVorticityConfinement (4.8s)
✔ [11240/11251] Built Euler.EulerFiniteLifespan (26s)
✔ [11241/11251] Built Euler.CanonicalVorticityConfinement (4.0s)
✔ [11242/11251] Built Euler.EulerC1Breakdown (6.4s)
✔ [11243/11251] Built Euler.EulerC1Limsup (5.5s)
✔ [11244/11251] Built Euler.EulerSingularity (5.4s)
✔ [11245/11251] Built Euler (5.1s)
✔ [11246/11251] Built Euler.ComparatorSingularityNorms (9.4s)
✔ [11247/11251] Built Euler.ComparatorSobolevEvolution (10s)
✔ [11248/11251] Built Euler.ComparatorMaximalFields (10s)
✔ [11249/11251] Built Euler.ComparatorMaximalSolution (10s)
ℹ [11250/11251] Built Euler.Solution (9.9s)
info: Euler/Solution.lean:73:0: 'Euler.euler_breakdown_R3' depends on axioms: [propext, Classical.choice, Quot.sound]
info: Euler/Solution.lean:75:0: 'Euler.exists_compact_smooth_euler_singularity' depends on axioms: [propext, Classical.choice, Quot.sound]
Build completed successfully (11251 jobs).
=== BUILD_RC=0 2026-09-10T09:05:06Z
