C-PRED fired_as_planted=True
E-FE: 163 jobs on 6 shards; loadavg 9.71 9.24 10.46 on 12 cores
  control R done
  control P done
  attempt 150 UPO9   arm Q: converged, final ||R|| = 2.055e-10, 12 epochs, 0.39 h
  C-REPRO E#15 UPO9   Q: fired=True
  [3/163] g150 UPO9   Q f0: converged, ||R||=2.055e-10, 0.39 h
/home/andy/projects/Unsolved/solver/kolmogorov2d_nkbasin.py:139: RuntimeWarning: overflow encountered in multiply
  adv_hat = np.fft.fft2(u * wx + v * wy) * self.mask
/home/andy/projects/Unsolved/solver/kolmogorov2d_nkbasin.py:139: RuntimeWarning: invalid value encountered in add
  adv_hat = np.fft.fft2(u * wx + v * wy) * self.mask
/home/andy/projects/Unsolved/.venv/lib/python3.12/site-packages/numpy/fft/_pocketfft.py:101: RuntimeWarning: invalid value encountered in fft
  return ufunc(a, fct, axes=[(axis,), (), (axis,)], out=out)
  attempt 140 UPO9   arm S: stalled, final ||R|| = 3.58, 20 epochs, 0.70 h
  C-REPRO E#14 UPO9   S: fired=True
  [4/163] g140 UPO9   S f0: stalled, ||R||=3.58, 0.70 h
  attempt 130 UPO17  arm Q: stalled, final ||R|| = 1.758, 20 epochs, 0.77 h
  C-REPRO E#13 UPO17  Q: fired=True
  [5/163] g130 UPO17  Q f0: stalled, ||R||=1.758, 0.77 h
  attempt 120 UPO17  arm S: stalled, final ||R|| = 2.28, 20 epochs, 0.78 h
  C-REPRO E#12 UPO17  S: fired=True
  [6/163] g120 UPO17  S f0: stalled, ||R||=2.28, 0.78 h
