probe DNS T=2000.0 in 192.3s (0.9617 ms/step)
2 anchored probe seeds (COST ONLY -- T=2000 is leg 353's under-resourced scale; not evidence on G1)
  hookstep epoch 0: |R|=2.652081e+01 T=14.750000 s=5.891438 delta=None
  hookstep epoch 0: |R|=2.742811e+01 T=17.000000 s=6.031509 delta=None
  hookstep epoch 1: |R|=2.098099e+01 T=15.154985 s=5.918332 delta=12.182522547204057
  hookstep epoch 1: |R|=2.642618e+01 T=17.692477 s=5.988540 delta=17.475162020434755
  hookstep epoch 2: |R|=1.666798e+01 T=15.279310 s=5.896939 delta=6.091261273602028
  hookstep epoch 2: |R|=1.730230e+01 T=17.468247 s=6.185712 delta=8.737581010217378
  hookstep epoch 3: |R|=1.265644e+01 T=15.327034 s=5.897036 delta=6.091261273602028
  hookstep epoch 3: |R|=1.163297e+01 T=17.069716 s=6.152964 delta=8.737581010217378
  hookstep epoch 4: |R|=1.050672e+01 T=15.351169 s=5.916102 delta=3.045630636801014
  hookstep epoch 4: |R|=6.199935e+00 T=17.074595 s=6.138924 delta=8.737581010217378
  hookstep epoch 5: |R|=6.677574e+00 T=15.414464 s=5.922708 delta=6.091261273602028
  hookstep epoch 5: |R|=5.142277e+00 T=17.118519 s=6.184596 delta=4.368790505108689
  hookstep epoch 6: |R|=5.206194e+00 T=15.510990 s=5.971829 delta=6.091261273602028
  hookstep epoch 6: |R|=4.065686e+00 T=16.950337 s=6.195599 delta=4.368790505108689
  hookstep epoch 7: |R|=3.959114e+00 T=15.396330 s=5.984612 delta=3.045630636801014
  hookstep epoch 7: |R|=3.140806e+00 T=16.977363 s=6.190428 delta=2.1843952525543444
  hookstep epoch 8: |R|=3.670278e+00 T=15.441634 s=5.976523 delta=3.045630636801014
  hookstep epoch 8: |R|=1.971924e+00 T=16.946255 s=6.192014 delta=4.368790505108689
  hookstep epoch 9: |R|=3.607776e+00 T=15.472949 s=5.980229 delta=1.522815318400507
  hookstep epoch 9: |R|=1.715849e+00 T=16.968700 s=6.193358 delta=2.1843952525543444
  hookstep epoch 10: |R|=2.932181e+00 T=15.496587 s=5.977543 delta=3.045630636801014
  hookstep epoch 10: |R|=1.556642e+00 T=16.938975 s=6.195173 delta=1.0921976262771722
  hookstep epoch 11: |R|=2.889336e+00 T=15.496687 s=5.980612 delta=3.045630636801014
  hookstep epoch 11: |R|=1.410954e+00 T=16.939452 s=6.196086 delta=1.0921976262771722
  hookstep epoch 12: |R|=1.363687e+00 T=16.912407 s=6.196593 delta=1.0921976262771722
  hookstep epoch 12: |R|=2.835449e+00 T=15.481474 s=5.979513 delta=1.522815318400507
  hookstep epoch 13: |R|=1.287191e+00 T=16.925721 s=6.197959 delta=1.0921976262771722
  hookstep epoch 13: |R|=2.688277e+00 T=15.445809 s=5.981808 delta=1.522815318400507
  hookstep epoch 14: |R|=1.247030e+00 T=16.907794 s=6.196652 delta=0.5460988131385861
  hookstep epoch 14: |R|=2.614053e+00 T=15.430460 s=5.985875 delta=1.522815318400507
  hookstep epoch 15: |R|=1.219696e+00 T=16.909069 s=6.196981 delta=1.0921976262771722
  hookstep epoch 15: |R|=2.445963e+00 T=15.364714 s=5.991234 delta=3.045630636801014
  hookstep epoch 16: |R|=1.207150e+00 T=16.894518 s=6.195719 delta=0.5460988131385861
  hookstep epoch 16: |R|=2.442176e+00 T=15.340676 s=5.993814 delta=0.7614076592002536
  hookstep epoch 17: |R|=1.191086e+00 T=16.902752 s=6.195398 delta=0.5460988131385861
  hookstep epoch 17: |R|=2.379322e+00 T=15.311816 s=5.996236 delta=1.522815318400507
  hookstep epoch 18: |R|=1.172504e+00 T=16.897760 s=6.191533 delta=0.5460988131385861
  hookstep epoch 18: |R|=2.374448e+00 T=15.312004 s=5.996601 delta=0.3807038296001268
  hookstep epoch 19: |R|=1.159179e+00 T=16.910710 s=6.193312 delta=0.5460988131385861
  hookstep epoch 19: |R|=2.371776e+00 T=15.308186 s=5.996884 delta=0.1903519148000634
  hookstep epoch 20: |R|=1.152051e+00 T=16.923566 s=6.192548 delta=0.5460988131385861
  hookstep epoch 20: |R|=2.371227e+00 T=15.309875 s=5.997049 delta=0.1903519148000634
  hookstep epoch 21: |R|=1.141048e+00 T=16.932266 s=6.194245 delta=0.5460988131385861
  hookstep epoch 21: |R|=2.370422e+00 T=15.308197 s=5.997212 delta=0.0951759574000317
  hookstep epoch 22: |R|=1.138960e+00 T=16.923350 s=6.192605 delta=0.5460988131385861
  hookstep epoch 22: |R|=2.366914e+00 T=15.308664 s=5.997295 delta=0.1903519148000634
  hookstep epoch 23: |R|=1.136903e+00 T=16.930968 s=6.194334 delta=0.5460988131385861
  hookstep epoch 23: |R|=2.362967e+00 T=15.308197 s=5.997859 delta=0.3807038296001268
  hookstep epoch 24: |R|=1.133379e+00 T=16.922741 s=6.192674 delta=0.5460988131385861
  hookstep epoch 24: |R|=2.361121e+00 T=15.309302 s=5.998462 delta=0.3807038296001268
  hookstep epoch 25: |R|=1.132334e+00 T=16.930801 s=6.194454 delta=0.5460988131385861
  hookstep epoch 25: |R|=2.359249e+00 T=15.308324 s=5.998767 delta=0.1903519148000634
  hookstep epoch 26: |R|=1.128633e+00 T=16.922853 s=6.192746 delta=0.5460988131385861
  hookstep epoch 26: |R|=2.358703e+00 T=15.310436 s=5.998743 delta=0.1903519148000634
  hookstep epoch 27: |R|=1.122886e+00 T=16.932535 s=6.194824 delta=0.5460988131385861
  hookstep epoch 27: |R|=2.356152e+00 T=15.317272 s=5.998102 delta=0.1903519148000634
  hookstep epoch 28: |R|=1.121643e+00 T=16.925948 s=6.192835 delta=0.5460988131385861
  hookstep epoch 28: |R|=2.351867e+00 T=15.327171 s=5.997608 delta=0.3807038296001268
  hookstep epoch 29: |R|=1.103445e+00 T=16.929723 s=6.194042 delta=0.27304940656929305
  hookstep epoch 29: |R|=2.348634e+00 T=15.342831 s=5.997107 delta=0.7614076592002536
  hookstep epoch 30: |R|=1.101148e+00 T=16.929294 s=6.193542 delta=0.13652470328464653
  hookstep epoch 30: |R|=2.346817e+00 T=15.339472 s=5.997769 delta=0.3807038296001268
  hookstep epoch 31: |R|=1.100933e+00 T=16.930300 s=6.193826 delta=0.06826235164232326
  hookstep epoch 32: |R|=1.099707e+00 T=16.931254 s=6.193170 delta=0.13652470328464653
  hookstep epoch 31: |R|=2.343200e+00 T=15.345191 s=5.997661 delta=0.3807038296001268
  hookstep epoch 33: |R|=1.099700e+00 T=16.931218 s=6.192943 delta=0.13652470328464653
  hookstep epoch 32: |R|=2.342341e+00 T=15.343485 s=5.997638 delta=0.1903519148000634
  hookstep epoch 34: |R|=1.099624e+00 T=16.931513 s=6.193149 delta=0.06826235164232326
  hookstep epoch 33: |R|=2.332885e+00 T=15.358105 s=5.997541 delta=0.3807038296001268
  hookstep epoch 35: |R|=1.099584e+00 T=16.931084 s=6.193019 delta=0.03413117582116163
  hookstep epoch 34: |R|=2.331475e+00 T=15.364221 s=5.997824 delta=0.3807038296001268
  hookstep epoch 36: |R|=1.099569e+00 T=16.932013 s=6.193069 delta=0.03413117582116163
  hookstep epoch 35: |R|=2.330161e+00 T=15.370404 s=5.997267 delta=0.3807038296001268
  hookstep epoch 37: |R|=1.099539e+00 T=16.931755 s=6.192902 delta=0.03413117582116163
  hookstep epoch 36: |R|=2.329655e+00 T=15.370836 s=5.997247 delta=0.1903519148000634
  hookstep epoch 38: |R|=1.099538e+00 T=16.932161 s=6.193110 delta=0.03413117582116163
  hookstep epoch 37: |R|=2.329381e+00 T=15.374038 s=5.997075 delta=0.1903519148000634
  hookstep epoch 39: |R|=1.099516e+00 T=16.931685 s=6.192917 delta=0.03413117582116163
  hookstep epoch 38: |R|=2.328836e+00 T=15.374717 s=5.997159 delta=0.0951759574000317
  hookstep epoch 40: |R|=1.099516e+00 T=16.932129 s=6.193118 delta=0.03413117582116163
  hookstep epoch 39: |R|=2.328704e+00 T=15.379041 s=5.996969 delta=0.0951759574000317
  hookstep epoch 41: |R|=1.099494e+00 T=16.931671 s=6.192923 delta=0.03413117582116163
  hookstep epoch 40: |R|=2.328258e+00 T=15.380684 s=5.996993 delta=0.0951759574000317
  hookstep epoch 42: |R|=1.098348e+00 T=16.934257 s=6.193130 delta=0.06826235164232326
  hookstep epoch 41: |R|=2.327885e+00 T=15.382158 s=5.996793 delta=0.0951759574000317
  hookstep epoch 43: |R|=1.098310e+00 T=16.934724 s=6.193279 delta=0.03413117582116163
  hookstep epoch 42: |R|=2.322859e+00 T=15.389720 s=5.996934 delta=0.1903519148000634
  hookstep epoch 44: |R|=1.098187e+00 T=16.935908 s=6.193265 delta=0.03413117582116163
  hookstep epoch 43: |R|=2.316700e+00 T=15.401486 s=5.997087 delta=0.3807038296001268
  hookstep epoch 45: |R|=1.098173e+00 T=16.936453 s=6.193471 delta=0.03413117582116163
  hookstep epoch 44: |R|=2.316031e+00 T=15.416508 s=5.996677 delta=0.3807038296001268
  hookstep epoch 46: |R|=1.098168e+00 T=16.935837 s=6.193267 delta=0.03413117582116163
  hookstep epoch 45: |R|=2.314725e+00 T=15.427186 s=5.996545 delta=0.3807038296001268
  hookstep epoch 47: |R|=1.098156e+00 T=16.936374 s=6.193464 delta=0.03413117582116163
  hookstep epoch 46: |R|=2.314134e+00 T=15.445087 s=5.995973 delta=0.3807038296001268
  hookstep epoch 48: |R|=1.098146e+00 T=16.935831 s=6.193259 delta=0.03413117582116163
  hookstep epoch 47: |R|=2.310982e+00 T=15.443221 s=5.996137 delta=0.1903519148000634
  hookstep epoch 49: |R|=1.098134e+00 T=16.936369 s=6.193460 delta=0.03413117582116163
  hookstep epoch 48: |R|=2.310101e+00 T=15.445407 s=5.995722 delta=0.1903519148000634
  hookstep epoch 50: |R|=1.098124e+00 T=16.935823 s=6.193255 delta=0.03413117582116163
  hookstep epoch 49: |R|=2.309819e+00 T=15.446731 s=5.995760 delta=0.0951759574000317
  hookstep epoch 51: |R|=1.098112e+00 T=16.936360 s=6.193457 delta=0.03413117582116163
  hookstep epoch 50: |R|=2.309773e+00 T=15.451267 s=5.995531 delta=0.0951759574000317
  hookstep epoch 52: |R|=1.098102e+00 T=16.935813 s=6.193252 delta=0.03413117582116163
  hookstep epoch 51: |R|=2.309254e+00 T=15.448358 s=5.995590 delta=0.1903519148000634
  hookstep epoch 53: |R|=1.098090e+00 T=16.936349 s=6.193455 delta=0.03413117582116163
  hookstep epoch 52: |R|=2.309019e+00 T=15.454427 s=5.995398 delta=0.1903519148000634
  hookstep epoch 54: |R|=1.098080e+00 T=16.935802 s=6.193250 delta=0.03413117582116163
  hookstep epoch 53: |R|=2.308650e+00 T=15.452655 s=5.995504 delta=0.1903519148000634
  hookstep epoch 55: |R|=1.098068e+00 T=16.936338 s=6.193453 delta=0.03413117582116163
  hookstep epoch 54: |R|=2.308414e+00 T=15.452460 s=5.995383 delta=0.0951759574000317
  hookstep epoch 56: |R|=1.098058e+00 T=16.935791 s=6.193249 delta=0.03413117582116163
  hookstep epoch 55: |R|=2.308353e+00 T=15.449358 s=5.995541 delta=0.0951759574000317
  hookstep epoch 57: |R|=1.098047e+00 T=16.936327 s=6.193451 delta=0.03413117582116163
  hookstep epoch 56: |R|=2.307583e+00 T=15.453176 s=5.995448 delta=0.1903519148000634
  hookstep epoch 58: |R|=1.098037e+00 T=16.935780 s=6.193247 delta=0.03413117582116163
  hookstep epoch 57: |R|=2.307357e+00 T=15.450183 s=5.995499 delta=0.0951759574000317
  hookstep epoch 59: |R|=1.098025e+00 T=16.936316 s=6.193450 delta=0.03413117582116163
  hookstep epoch 58: |R|=2.307115e+00 T=15.448634 s=5.995458 delta=0.0951759574000317
  hookstep epoch 60: |R|=1.098015e+00 T=16.935768 s=6.193246 delta=0.03413117582116163
  hookstep epoch 59: |R|=2.306625e+00 T=15.449861 s=5.995609 delta=0.0951759574000317
  hookstep epoch 61: |R|=1.098004e+00 T=16.936304 s=6.193448 delta=0.03413117582116163
  hookstep epoch 62: |R|=1.097994e+00 T=16.935757 s=6.193245 delta=0.03413117582116163
  hookstep epoch 60: |R|=2.306128e+00 T=15.455496 s=5.995373 delta=0.1903519148000634
  hookstep epoch 63: |R|=1.097982e+00 T=16.936293 s=6.193447 delta=0.03413117582116163
  hookstep epoch 61: |R|=2.306005e+00 T=15.453274 s=5.995416 delta=0.0951759574000317
  hookstep epoch 64: |R|=1.097972e+00 T=16.935745 s=6.193243 delta=0.03413117582116163
  hookstep epoch 62: |R|=2.305959e+00 T=15.453239 s=5.995320 delta=0.0951759574000317
  hookstep epoch 65: |R|=1.097961e+00 T=16.936281 s=6.193446 delta=0.03413117582116163
  hookstep epoch 63: |R|=2.305839e+00 T=15.451169 s=5.995474 delta=0.04758797870001585
  hookstep epoch 66: |R|=1.097951e+00 T=16.935734 s=6.193242 delta=0.03413117582116163
  hookstep epoch 64: |R|=2.305599e+00 T=15.452089 s=5.995473 delta=0.0951759574000317
  hookstep epoch 67: |R|=1.097939e+00 T=16.936270 s=6.193444 delta=0.03413117582116163
  hookstep epoch 65: |R|=2.305598e+00 T=15.449014 s=5.995599 delta=0.0951759574000317
  hookstep epoch 68: |R|=1.097929e+00 T=16.935722 s=6.193241 delta=0.03413117582116163
  hookstep epoch 66: |R|=2.304886e+00 T=15.452970 s=5.995500 delta=0.1903519148000634
  hookstep epoch 69: |R|=1.097918e+00 T=16.936258 s=6.193443 delta=0.03413117582116163
  hookstep epoch 67: |R|=2.304683e+00 T=15.450403 s=5.995539 delta=0.0951759574000317
  hookstep epoch 70: |R|=1.097908e+00 T=16.935711 s=6.193239 delta=0.03413117582116163
  hookstep epoch 68: |R|=2.304535e+00 T=15.449235 s=5.995490 delta=0.0951759574000317
  hookstep epoch 71: |R|=1.097896e+00 T=16.936247 s=6.193442 delta=0.03413117582116163
  hookstep epoch 69: |R|=2.303929e+00 T=15.450765 s=5.995630 delta=0.0951759574000317
  hookstep epoch 72: |R|=1.097886e+00 T=16.935699 s=6.193238 delta=0.03413117582116163
  hookstep epoch 70: |R|=2.303639e+00 T=15.450814 s=5.995447 delta=0.0951759574000317
  hookstep epoch 73: |R|=1.097875e+00 T=16.936235 s=6.193441 delta=0.03413117582116163
  hookstep epoch 71: |R|=2.303428e+00 T=15.447264 s=5.995617 delta=0.0951759574000317
  hookstep epoch 74: |R|=1.097865e+00 T=16.935688 s=6.193237 delta=0.03413117582116163
  hookstep epoch 72: |R|=2.302919e+00 T=15.451485 s=5.995497 delta=0.0951759574000317
  hookstep epoch 75: |R|=1.097854e+00 T=16.936224 s=6.193439 delta=0.03413117582116163
  hookstep epoch 73: |R|=2.302599e+00 T=15.448615 s=5.995556 delta=0.0951759574000317
  hookstep epoch 76: |R|=1.097844e+00 T=16.935676 s=6.193236 delta=0.03413117582116163
  hookstep epoch 74: |R|=2.301932e+00 T=15.452251 s=5.995471 delta=0.1903519148000634
  hookstep epoch 77: |R|=1.097832e+00 T=16.936212 s=6.193438 delta=0.03413117582116163
  hookstep epoch 75: |R|=2.301715e+00 T=15.449772 s=5.995517 delta=0.0951759574000317
  hookstep epoch 78: |R|=1.097822e+00 T=16.935665 s=6.193234 delta=0.03413117582116163
  hookstep epoch 76: |R|=2.300886e+00 T=15.453371 s=5.995426 delta=0.1903519148000634
  hookstep epoch 79: |R|=1.097811e+00 T=16.936201 s=6.193437 delta=0.03413117582116163
  hookstep epoch 77: |R|=2.300769e+00 T=15.450784 s=5.995481 delta=0.0951759574000317
  hookstep epoch 80: |R|=1.097801e+00 T=16.935653 s=6.193233 delta=0.03413117582116163
  hookstep epoch 78: |R|=2.300639e+00 T=15.449908 s=5.995436 delta=0.0951759574000317
  hookstep epoch 81: |R|=1.097790e+00 T=16.936189 s=6.193435 delta=0.03413117582116163
  hookstep epoch 79: |R|=2.299948e+00 T=15.452376 s=5.995526 delta=0.1903519148000634
  hookstep epoch 82: |R|=1.097780e+00 T=16.935642 s=6.193232 delta=0.03413117582116163
  hookstep epoch 83: |R|=1.097769e+00 T=16.936178 s=6.193434 delta=0.03413117582116163
  hookstep epoch 80: |R|=2.299747e+00 T=15.453231 s=5.995333 delta=0.0951759574000317
  hookstep epoch 84: |R|=1.097759e+00 T=16.935630 s=6.193231 delta=0.03413117582116163
  hookstep epoch 81: |R|=2.299641e+00 T=15.451569 s=5.995479 delta=0.04758797870001585
  hookstep epoch 85: |R|=1.097748e+00 T=16.936166 s=6.193433 delta=0.03413117582116163
  hookstep epoch 82: |R|=2.299609e+00 T=15.451592 s=5.995411 delta=0.023793989350007923
  hookstep epoch 86: |R|=1.097738e+00 T=16.935619 s=6.193229 delta=0.03413117582116163
  hookstep epoch 83: |R|=2.299606e+00 T=15.450354 s=5.995470 delta=0.023793989350007923
  hookstep epoch 87: |R|=1.097726e+00 T=16.936155 s=6.193432 delta=0.03413117582116163
  hookstep epoch 84: |R|=2.299571e+00 T=15.449813 s=5.995458 delta=0.04758797870001585
  hookstep epoch 88: |R|=1.097716e+00 T=16.935607 s=6.193228 delta=0.03413117582116163
  hookstep epoch 85: |R|=2.298924e+00 T=15.451270 s=5.995553 delta=0.0951759574000317
  hookstep epoch 89: |R|=1.097705e+00 T=16.936144 s=6.193430 delta=0.03413117582116163
  hookstep epoch 86: |R|=2.295672e+00 T=15.455828 s=5.995584 delta=0.1903519148000634
  hookstep epoch 90: |R|=1.097695e+00 T=16.935596 s=6.193227 delta=0.03413117582116163
  hookstep epoch 87: |R|=2.295311e+00 T=15.458473 s=5.995780 delta=0.0951759574000317
  hookstep epoch 91: |R|=1.097684e+00 T=16.936132 s=6.193429 delta=0.03413117582116163
  hookstep epoch 88: |R|=2.294859e+00 T=15.463642 s=5.995630 delta=0.1903519148000634
  hookstep epoch 92: |R|=1.097674e+00 T=16.935584 s=6.193226 delta=0.03413117582116163
  hookstep epoch 89: |R|=2.294823e+00 T=15.461192 s=5.995688 delta=0.0951759574000317
  hookstep epoch 93: |R|=1.097663e+00 T=16.936121 s=6.193428 delta=0.03413117582116163
  hookstep epoch 90: |R|=2.294691e+00 T=15.461303 s=5.995608 delta=0.0951759574000317
  hookstep epoch 94: |R|=1.097653e+00 T=16.935573 s=6.193224 delta=0.03413117582116163
  hookstep epoch 91: |R|=2.294600e+00 T=15.459793 s=5.995735 delta=0.04758797870001585
  hookstep epoch 95: |R|=1.097642e+00 T=16.936109 s=6.193427 delta=0.03413117582116163
  hookstep epoch 92: |R|=2.293881e+00 T=15.462242 s=5.995734 delta=0.0951759574000317
  hookstep epoch 96: |R|=1.097632e+00 T=16.935562 s=6.193223 delta=0.03413117582116163
  hookstep epoch 93: |R|=2.293865e+00 T=15.463326 s=5.995638 delta=0.0951759574000317
  hookstep epoch 97: |R|=1.097621e+00 T=16.936098 s=6.193425 delta=0.03413117582116163
  hookstep epoch 94: |R|=2.293859e+00 T=15.461956 s=5.995744 delta=0.0951759574000317
  hookstep epoch 98: |R|=1.097611e+00 T=16.935550 s=6.193222 delta=0.03413117582116163
  hookstep epoch 95: |R|=2.293760e+00 T=15.462951 s=5.995600 delta=0.04758797870001585
  hookstep epoch 99: |R|=1.097600e+00 T=16.936086 s=6.193424 delta=0.03413117582116163
  hookstep epoch 96: |R|=2.293745e+00 T=15.462233 s=5.995677 delta=0.023793989350007923
  hookstep epoch 100: |R|=1.097590e+00 T=16.935539 s=6.193221 delta=0.03413117582116163
  hookstep epoch 97: |R|=2.293743e+00 T=15.462408 s=5.995643 delta=0.023793989350007923
  hookstep epoch 101: |R|=1.097579e+00 T=16.936075 s=6.193423 delta=0.03413117582116163
  hookstep epoch 98: |R|=2.293735e+00 T=15.461981 s=5.995681 delta=0.011896994675003962
  hookstep epoch 102: |R|=1.097569e+00 T=16.935527 s=6.193219 delta=0.03413117582116163
  hookstep epoch 103: |R|=1.097558e+00 T=16.936064 s=6.193422 delta=0.03413117582116163
  hookstep epoch 99: |R|=2.293733e+00 T=15.461913 s=5.995667 delta=0.005948497337501981
  hookstep epoch 104: |R|=1.097548e+00 T=16.935516 s=6.193218 delta=0.03413117582116163
  hookstep epoch 100: |R|=2.293732e+00 T=15.461567 s=5.995681 delta=0.011896994675003962
  hookstep epoch 105: |R|=1.097537e+00 T=16.936052 s=6.193420 delta=0.03413117582116163
  hookstep epoch 101: |R|=2.293381e+00 T=15.462162 s=5.995652 delta=0.023793989350007923
  hookstep epoch 106: |R|=1.097527e+00 T=16.935505 s=6.193217 delta=0.03413117582116163
  hookstep epoch 102: |R|=2.293365e+00 T=15.461949 s=5.995738 delta=0.023793989350007923
  hookstep epoch 107: |R|=1.097516e+00 T=16.936041 s=6.193419 delta=0.03413117582116163
  hookstep epoch 103: |R|=2.293361e+00 T=15.462411 s=5.995711 delta=0.023793989350007923
  hookstep epoch 108: |R|=1.097506e+00 T=16.935493 s=6.193216 delta=0.03413117582116163
  hookstep epoch 104: |R|=2.293354e+00 T=15.462387 s=5.995748 delta=0.011896994675003962
  hookstep epoch 109: |R|=1.097496e+00 T=16.936030 s=6.193418 delta=0.03413117582116163
  hookstep epoch 105: |R|=2.293354e+00 T=15.462707 s=5.995728 delta=0.005948497337501981
  hookstep epoch 110: |R|=1.097485e+00 T=16.935482 s=6.193214 delta=0.03413117582116163
  hookstep epoch 106: |R|=2.292821e+00 T=15.462695 s=5.995704 delta=0.011896994675003962
  hookstep epoch 111: |R|=1.097475e+00 T=16.936018 s=6.193417 delta=0.03413117582116163
  hookstep epoch 107: |R|=2.292533e+00 T=15.463297 s=5.995691 delta=0.023793989350007923
  hookstep epoch 112: |R|=1.097465e+00 T=16.935471 s=6.193213 delta=0.03413117582116163
  hookstep epoch 108: |R|=2.292488e+00 T=15.463688 s=5.995772 delta=0.023793989350007923
  hookstep epoch 113: |R|=1.097454e+00 T=16.936007 s=6.193415 delta=0.03413117582116163
  hookstep epoch 109: |R|=2.292484e+00 T=15.464500 s=5.995750 delta=0.011896994675003962
  hookstep epoch 114: |R|=1.097444e+00 T=16.935459 s=6.193212 delta=0.03413117582116163
  hookstep epoch 110: |R|=2.292212e+00 T=15.465081 s=5.995738 delta=0.023793989350007923
  hookstep epoch 115: |R|=1.097433e+00 T=16.935996 s=6.193414 delta=0.03413117582116163
  hookstep epoch 116: |R|=1.097423e+00 T=16.935448 s=6.193211 delta=0.03413117582116163
  hookstep epoch 111: |R|=2.291862e+00 T=15.466106 s=5.995802 delta=0.04758797870001585
  hookstep epoch 117: |R|=1.097413e+00 T=16.935984 s=6.193413 delta=0.03413117582116163
  hookstep epoch 112: |R|=2.291761e+00 T=15.467995 s=5.995884 delta=0.04758797870001585
  hookstep epoch 118: |R|=1.097402e+00 T=16.935437 s=6.193210 delta=0.03413117582116163
  hookstep epoch 113: |R|=2.291611e+00 T=15.471083 s=5.995803 delta=0.0951759574000317
  hookstep epoch 119: |R|=1.097392e+00 T=16.935973 s=6.193412 delta=0.03413117582116163
  hookstep epoch 114: |R|=2.290966e+00 T=15.469447 s=5.995957 delta=0.1903519148000634
  hookstep epoch 115: |R|=2.290192e+00 T=15.478460 s=5.995858 delta=0.3807038296001268
  hookstep epoch 116: |R|=2.289883e+00 T=15.478443 s=5.995913 delta=0.0951759574000317
  hookstep epoch 117: |R|=2.289828e+00 T=15.479389 s=5.995812 delta=0.023793989350007923
  hookstep epoch 118: |R|=2.289814e+00 T=15.479423 s=5.995838 delta=0.023793989350007923
  hookstep epoch 119: |R|=2.289800e+00 T=15.480179 s=5.995811 delta=0.023793989350007923
krylov dims: median 22, p95 26, max 28, 0 epochs hit the cap
epochs: median 119, max 119; reasons {'max_newton_hit': 2}
cost: 54.7 s/epoch median, 2.37 s per Jacobian action
wrote /home/andy/projects/Unsolved/experiments/programme_r4/u3_cost_probe.json
