skipping sin(x): infeasible under bandwidth cap (no energy above k=2)
skipping sin(2x): infeasible under bandwidth cap (no energy above k=2)
skipping sin(x)+0.5sin(2x): infeasible under bandwidth cap (no energy above k=2)
skipping sin(x)-0.5sin(2x): infeasible under bandwidth cap (no energy above k=2)
36 shapes x 1 a-values x 2 resolutions = 72 bisections on 10 workers
[  1/72] bump(kappa=5)            a=0.0 N= 256 nu_crit = 0.0000 (censored low) monotone=None runs=1 (1.4s)
[  2/72] bump(kappa=5)            a=0.0 N= 512 nu_crit = 0.0000 (censored low) monotone=None runs=1 (2.3s)
[  3/72] bump(kappa=2)            a=0.0 N= 256 nu_crit = 0.0262 monotone=True runs=11 (12.2s)
[  4/72] tail(p=1)                a=0.0 N= 256 nu_crit = 0.0316 monotone=True runs=11 (13.0s)
[  5/72] bump(kappa=2)            a=0.0 N= 512 nu_crit = 0.0262 monotone=True runs=11 (16.0s)
[  6/72] tail(p=1.5)              a=0.0 N= 512 nu_crit = 0.0340 monotone=True runs=11 (18.6s)
[  7/72] tail(p=1)                a=0.0 N= 512 nu_crit = 0.0316 monotone=True runs=11 (22.0s)
[  8/72] tail(p=1.5)              a=0.0 N= 256 nu_crit = 0.0348 monotone=True runs=11 (22.1s)
[  9/72] sin(x)+0.3sin(3x)        a=0.0 N= 256 nu_crit = 0.0379 monotone=True runs=11 (23.6s)
[ 10/72] sin(x)+0.5sin(4x)        a=0.0 N= 256 nu_crit = 0.0371 monotone=True runs=11 (23.9s)
[ 11/72] random(seed=1)           a=0.0 N= 256 nu_crit = 0.0098 monotone=True runs=11 (10.3s)
[ 12/72] sin(x)+0.5sin(4x)        a=0.0 N= 512 nu_crit = 0.0371 monotone=True runs=11 (34.2s)
[ 13/72] tail(p=2)                a=0.0 N= 512 nu_crit = 0.0355 monotone=True runs=11 (23.2s)
[ 14/72] tail(p=2)                a=0.0 N= 256 nu_crit = 0.0355 monotone=True runs=11 (24.8s)
[ 15/72] sin(x)+0.3sin(3x)        a=0.0 N= 512 nu_crit = 0.0379 monotone=True runs=11 (38.5s)
[ 16/72] random(seed=1)           a=0.0 N= 512 nu_crit = 0.0098 monotone=True runs=11 (21.4s)
[ 17/72] tail(p=1.5,alt)          a=0.0 N= 256 nu_crit = 0.0371 monotone=True runs=11 (33.5s)
[ 18/72] random(seed=2)           a=0.0 N= 256 nu_crit = 0.0293 monotone=True runs=11 (15.8s)
[ 19/72] random(seed=0)           a=0.0 N= 256 nu_crit = 0.0363 monotone=True runs=11 (31.2s)
[ 20/72] random(seed=0)           a=0.0 N= 512 nu_crit = 0.0363 monotone=True runs=11 (33.2s)
[ 21/72] random(seed=4)           a=0.0 N= 256 nu_crit = 0.0074 monotone=True runs=11 (18.7s)
[ 22/72] random(seed=2)           a=0.0 N= 512 nu_crit = 0.0293 monotone=True runs=11 (24.0s)
[ 23/72] random(seed=3)           a=0.0 N= 256 nu_crit = 0.0355 monotone=True runs=11 (22.2s)
[ 24/72] tail(p=1.5,alt)          a=0.0 N= 512 nu_crit = 0.0371 monotone=True runs=11 (43.6s)
[ 25/72] random(seed=4)           a=0.0 N= 512 nu_crit = 0.0074 monotone=True runs=11 (20.6s)
[ 26/72] random(seed=5)           a=0.0 N= 512 nu_crit = 0.0371 monotone=True runs=11 (21.7s)
[ 27/72] random(seed=6)           a=0.0 N= 512 nu_crit = 0.0191 monotone=True runs=11 (16.7s)
[ 28/72] random(seed=3)           a=0.0 N= 512 nu_crit = 0.0355 monotone=True runs=11 (37.6s)
[ 29/72] random(seed=6)           a=0.0 N= 256 nu_crit = 0.0191 monotone=True runs=11 (24.1s)
[ 30/72] random(seed=7)           a=0.0 N= 256 nu_crit = 0.0129 monotone=True runs=11 (21.6s)
[ 31/72] random(seed=5)           a=0.0 N= 256 nu_crit = 0.0371 monotone=True runs=11 (30.1s)
[ 32/72] random(seed=7)           a=0.0 N= 512 nu_crit = 0.0129 monotone=True runs=11 (25.0s)
[ 33/72] prior(seed=1)            a=0.0 N= 512 nu_crit = 0.0152 monotone=True runs=11 (15.1s)
[ 34/72] prior(seed=0)            a=0.0 N= 256 nu_crit = 0.0363 monotone=True runs=11 (30.8s)
[ 35/72] prior(seed=2)            a=0.0 N= 256 nu_crit = 0.0379 monotone=True runs=11 (15.9s)
[ 36/72] prior(seed=1)            a=0.0 N= 256 nu_crit = 0.0152 monotone=True runs=11 (25.7s)
[ 37/72] prior(seed=4)            a=0.0 N= 256 nu_crit = 0.0020 monotone=True runs=11 (16.0s)
[ 38/72] prior(seed=5)            a=0.0 N= 256 nu_crit = 0.0090 monotone=True runs=11 (9.5s)
[ 39/72] prior(seed=4)            a=0.0 N= 512 nu_crit = 0.0020 monotone=True runs=11 (15.5s)
[ 40/72] prior(seed=5)            a=0.0 N= 512 nu_crit = 0.0074 monotone=True runs=11 (11.8s)
[ 41/72] prior(seed=0)            a=0.0 N= 512 nu_crit = 0.0363 monotone=True runs=11 (39.5s)
[ 42/72] prior(seed=3)            a=0.0 N= 256 nu_crit = 0.0371 monotone=True runs=11 (27.4s)
[ 43/72] prior(seed=6)            a=0.0 N= 256 nu_crit = 0.0379 monotone=True runs=11 (20.1s)
[ 44/72] prior(seed=3)            a=0.0 N= 512 nu_crit = 0.0371 monotone=True runs=11 (39.5s)
[ 45/72] prior(seed=7)            a=0.0 N= 512 nu_crit = 0.0105 monotone=True runs=11 (22.8s)
[ 46/72] prior(seed=2)            a=0.0 N= 512 nu_crit = 0.0379 monotone=True runs=11 (46.0s)
[ 47/72] prior(seed=7)            a=0.0 N= 256 nu_crit = 0.0105 monotone=True runs=11 (27.6s)
[ 48/72] prior(seed=10)           a=0.0 N= 256 nu_crit = 0.0379 monotone=True runs=11 (21.8s)
[ 49/72] prior(seed=9)            a=0.0 N= 256 nu_crit = 0.0230 monotone=True runs=11 (29.4s)
[ 50/72] prior(seed=8)            a=0.0 N= 256 nu_crit = 0.0371 monotone=True runs=11 (37.9s)
[ 51/72] prior(seed=11)           a=0.0 N= 256 nu_crit = 0.0316 monotone=True runs=11 (20.4s)
[ 52/72] prior(seed=6)            a=0.0 N= 512 nu_crit = 0.0379 monotone=True runs=11 (51.0s)
[ 53/72] prior(seed=9)            a=0.0 N= 512 nu_crit = 0.0230 monotone=True runs=11 (38.1s)
[ 54/72] prior(seed=8)            a=0.0 N= 512 nu_crit = 0.0371 monotone=True runs=11 (50.3s)
[ 55/72] prior(seed=11)           a=0.0 N= 512 nu_crit = 0.0309 monotone=True runs=11 (33.7s)
[ 56/72] prior(seed=10)           a=0.0 N= 512 nu_crit = 0.0379 monotone=True runs=11 (38.6s)
[ 57/72] prior(seed=14)           a=0.0 N= 512 nu_crit = 0.0074 monotone=True runs=11 (16.4s)
[ 58/72] prior(seed=12)           a=0.0 N= 512 nu_crit = 0.0371 monotone=True runs=11 (29.5s)
[ 59/72] prior(seed=12)           a=0.0 N= 256 nu_crit = 0.0371 monotone=True runs=11 (38.0s)
[ 60/72] prior(seed=14)           a=0.0 N= 256 nu_crit = 0.0066 monotone=True runs=11 (25.8s)
[ 61/72] prior(seed=13)           a=0.0 N= 256 nu_crit = 0.0332 monotone=True runs=11 (33.4s)
[ 62/72] prior(seed=16)           a=0.0 N= 256 nu_crit = 0.0066 monotone=True runs=11 (18.8s)
[ 63/72] prior(seed=13)           a=0.0 N= 512 nu_crit = 0.0332 monotone=True runs=11 (38.5s)
[ 64/72] prior(seed=16)           a=0.0 N= 512 nu_crit = 0.0074 monotone=True runs=11 (21.4s)
[ 65/72] prior(seed=15)           a=0.0 N= 256 nu_crit = 0.0379 monotone=True runs=11 (38.1s)
[ 66/72] prior(seed=17)           a=0.0 N= 256 nu_crit = 0.0379 monotone=True runs=11 (30.3s)
[ 67/72] prior(seed=17)           a=0.0 N= 512 nu_crit = 0.0379 monotone=True runs=11 (28.8s)
[ 68/72] prior(seed=15)           a=0.0 N= 512 nu_crit = 0.0379 monotone=True runs=11 (39.4s)
[ 69/72] prior(seed=18)           a=0.0 N= 256 nu_crit = 0.0379 monotone=True runs=11 (30.3s)
[ 70/72] prior(seed=18)           a=0.0 N= 512 nu_crit = 0.0379 monotone=True runs=11 (27.8s)
[ 71/72] prior(seed=19)           a=0.0 N= 256 nu_crit = 0.0105 monotone=True runs=11 (26.4s)
[ 72/72] prior(seed=19)           a=0.0 N= 512 nu_crit = 0.0105 monotone=True runs=11 (24.2s)

Sweep complete: 72 bisections in 197s -> experiments/stage2_5_sweep_b.jsonl
