experiment_id = stage2_6-seed1
[lit] 12 literature profiles, best uncensored nu_crit = 0.15849609375
[gen   0] best_ever=0.14736328124999998 coverage=0.177 qd=1.4224 cache_hits=0 (169.6s)
[gen   1] best_ever=0.15330078124999996 coverage=0.219 qd=2.0029 cache_hits=0 (163.9s)
[gen   2] best_ever=0.15798828124999997 coverage=0.271 qd=2.8271 cache_hits=0 (122.3s)
[gen   3] best_ever=0.15955078125 coverage=0.333 qd=3.8645 cache_hits=0 (145.1s)
[gen   4] best_ever=0.15955078125 coverage=0.365 qd=4.3318 cache_hits=0 (161.9s)
[gen   5] best_ever=0.15955078125 coverage=0.406 qd=4.8742 cache_hits=0 (166.7s)
[gen   6] best_ever=0.15955078125 coverage=0.427 qd=5.2063 cache_hits=0 (153.8s)
[gen   7] best_ever=0.15955078125 coverage=0.438 qd=5.4428 cache_hits=0 (170.6s)
[gen   8] best_ever=0.16017578125000004 coverage=0.458 qd=5.7767 cache_hits=0 (160.4s)
[gen   9] best_ever=0.16080078124999997 coverage=0.479 qd=6.2578 cache_hits=0 (162.7s)
[gen  10] best_ever=0.16080078124999997 coverage=0.490 qd=6.4370 cache_hits=0 (158.6s)
[gen  11] best_ever=0.16080078124999997 coverage=0.490 qd=6.4773 cache_hits=0 (165.6s)
[gen  12] best_ever=0.16142578124999996 coverage=0.500 qd=6.5535 cache_hits=0 (165.1s)
[gen  13] best_ever=0.1617382812499999 coverage=0.500 qd=6.5780 cache_hits=0 (168.6s)
[gen  14] best_ever=0.1617382812499999 coverage=0.500 qd=6.5917 cache_hits=0 (172.1s)
[gen  15] best_ever=0.1617382812499999 coverage=0.500 qd=6.6847 cache_hits=0 (175.7s)
[gen  16] best_ever=0.1617382812499999 coverage=0.500 qd=6.6885 cache_hits=0 (164.9s)
[gen  17] best_ever=0.1617382812499999 coverage=0.500 qd=6.6922 cache_hits=0 (169.7s)
[gen  18] best_ever=0.1617382812499999 coverage=0.500 qd=6.7081 cache_hits=0 (178.0s)
[gen  19] best_ever=0.1620507812499999 coverage=0.500 qd=6.7174 cache_hits=0 (176.5s)
[gen  20] best_ever=0.1620507812499999 coverage=0.500 qd=6.7177 cache_hits=0 (183.9s)
[gen  21] best_ever=0.16236328124999988 coverage=0.500 qd=6.7256 cache_hits=0 (172.8s)
[gen  22] best_ever=0.16236328124999988 coverage=0.500 qd=6.7378 cache_hits=0 (171.0s)
[gen  23] best_ever=0.16236328124999988 coverage=0.510 qd=6.8999 cache_hits=0 (174.1s)
[gen  24] best_ever=0.16236328124999988 coverage=0.521 qd=7.0026 cache_hits=0 (170.5s)
run complete in 4178s: 600 GA evals, 612 baseline evals
experiment_id = stage2_6-seed2
[lit] 12 literature profiles, best uncensored nu_crit = 0.15849609375
[gen   0] best_ever=0.15498046875 coverage=0.156 qd=1.2507 cache_hits=0 (189.9s)
[gen   1] best_ever=0.16091796874999997 coverage=0.240 qd=2.3373 cache_hits=0 (179.0s)
[gen   2] best_ever=0.16091796874999997 coverage=0.281 qd=2.9417 cache_hits=0 (182.1s)
[gen   3] best_ever=0.16123046874999997 coverage=0.302 qd=3.4531 cache_hits=0 (179.2s)
[gen   4] best_ever=0.16123046874999997 coverage=0.365 qd=4.2635 cache_hits=0 (181.8s)
[gen   5] best_ever=0.16216796874999995 coverage=0.385 qd=4.8547 cache_hits=0 (174.8s)
[gen   6] best_ever=0.16216796874999995 coverage=0.406 qd=5.2925 cache_hits=0 (178.3s)
[gen   7] best_ever=0.16216796874999995 coverage=0.417 qd=5.5102 cache_hits=0 (173.6s)
[gen   8] best_ever=0.16248046874999994 coverage=0.427 qd=5.8306 cache_hits=0 (181.7s)
[gen   9] best_ever=0.16248046874999994 coverage=0.438 qd=6.0003 cache_hits=0 (176.5s)
[gen  10] best_ever=0.16279296874999993 coverage=0.448 qd=6.1510 cache_hits=0 (173.4s)
[gen  11] best_ever=0.16279296874999993 coverage=0.448 qd=6.2291 cache_hits=0 (173.3s)
[gen  12] best_ever=0.16279296874999993 coverage=0.458 qd=6.4047 cache_hits=0 (164.4s)
[gen  13] best_ever=0.16279296874999993 coverage=0.469 qd=6.5731 cache_hits=0 (165.0s)
[gen  14] best_ever=0.16279296874999993 coverage=0.469 qd=6.6073 cache_hits=0 (153.2s)
[gen  15] best_ever=0.16279296874999993 coverage=0.469 qd=6.6610 cache_hits=0 (147.2s)
[gen  16] best_ever=0.16310546874999993 coverage=0.469 qd=6.6635 cache_hits=0 (154.5s)
[gen  17] best_ever=0.16310546874999993 coverage=0.469 qd=6.7118 cache_hits=0 (142.4s)
[gen  18] best_ever=0.16310546874999993 coverage=0.469 qd=6.7194 cache_hits=0 (140.2s)
[gen  19] best_ever=0.16310546874999993 coverage=0.469 qd=6.7219 cache_hits=0 (142.1s)
[gen  20] best_ever=0.16310546874999993 coverage=0.469 qd=6.7250 cache_hits=0 (145.1s)
[gen  21] best_ever=0.16310546874999993 coverage=0.469 qd=6.7266 cache_hits=0 (158.2s)
[gen  22] best_ever=0.16310665130615232 coverage=0.490 qd=7.0501 cache_hits=0 (155.9s)
[gen  23] best_ever=0.16310665130615232 coverage=0.490 qd=7.0513 cache_hits=0 (173.0s)
[gen  24] best_ever=0.16310665130615232 coverage=0.500 qd=7.2200 cache_hits=0 (172.2s)
run complete in 4194s: 600 GA evals, 612 baseline evals
experiment_id = stage2_6-seed3
[lit] 12 literature profiles, best uncensored nu_crit = 0.15849609375
[gen   0] best_ever=0.15205078125 coverage=0.167 qd=1.7127 cache_hits=0 (190.4s)
[gen   1] best_ever=0.15471790313720707 coverage=0.250 qd=2.8990 cache_hits=0 (166.3s)
[gen   2] best_ever=0.16130573272705076 coverage=0.302 qd=3.8099 cache_hits=0 (154.2s)
[gen   3] best_ever=0.16130573272705076 coverage=0.323 qd=4.0445 cache_hits=0 (176.9s)
[gen   4] best_ever=0.16130573272705076 coverage=0.406 qd=4.9926 cache_hits=0 (162.2s)
[gen   5] best_ever=0.16130573272705076 coverage=0.417 qd=5.2231 cache_hits=0 (175.0s)
[gen   6] best_ever=0.16224323272705077 coverage=0.448 qd=5.7948 cache_hits=0 (156.0s)
[gen   7] best_ever=0.16224323272705077 coverage=0.458 qd=5.9553 cache_hits=0 (153.2s)
[gen   8] best_ever=0.16224323272705077 coverage=0.479 qd=6.3121 cache_hits=0 (158.9s)
[gen   9] best_ever=0.16224323272705077 coverage=0.500 qd=6.6462 cache_hits=0 (157.0s)
[gen  10] best_ever=0.16224323272705077 coverage=0.500 qd=6.6754 cache_hits=0 (155.9s)
[gen  11] best_ever=0.16224323272705077 coverage=0.500 qd=6.7307 cache_hits=0 (163.3s)
[gen  12] best_ever=0.16224323272705077 coverage=0.510 qd=6.8862 cache_hits=0 (151.1s)
[gen  13] best_ever=0.16224323272705077 coverage=0.521 qd=7.0546 cache_hits=0 (158.4s)
[gen  14] best_ever=0.16224323272705077 coverage=0.521 qd=7.0630 cache_hits=0 (158.1s)
[gen  15] best_ever=0.16255573272705076 coverage=0.531 qd=7.2265 cache_hits=0 (158.0s)
[gen  16] best_ever=0.16255573272705076 coverage=0.531 qd=7.2522 cache_hits=0 (154.2s)
[gen  17] best_ever=0.16255573272705076 coverage=0.531 qd=7.2570 cache_hits=0 (160.8s)
[gen  18] best_ever=0.16255573272705076 coverage=0.531 qd=7.2573 cache_hits=0 (158.0s)
[gen  19] best_ever=0.16255573272705076 coverage=0.531 qd=7.2674 cache_hits=0 (151.1s)
[gen  20] best_ever=0.16255573272705076 coverage=0.531 qd=7.2680 cache_hits=0 (164.0s)
[gen  21] best_ever=0.16255573272705076 coverage=0.542 qd=7.4457 cache_hits=0 (157.8s)
[gen  22] best_ever=0.16286823272705075 coverage=0.562 qd=7.7412 cache_hits=0 (161.7s)
[gen  23] best_ever=0.16286823272705075 coverage=0.562 qd=7.7738 cache_hits=0 (162.8s)
[gen  24] best_ever=0.16286823272705075 coverage=0.562 qd=7.8045 cache_hits=0 (155.2s)
run complete in 4057s: 600 GA evals, 612 baseline evals
