40 shapes: 320 bisections (a in (0.0, 0.4, 0.7, 1.0), v3, t_max=24.0) + 160 fixed-nu runs (candidate D) on 10 workers
[  1/480] sin(x)                   N= 256 D(nu=0.01) fitness = 21.701 (0.5s)
[  2/480] sin(x)                   N= 256 D(nu=0.03) fitness = 20.931 (0.7s)
[  3/480] sin(x)                   N= 512 D(nu=0.01) fitness = 21.707 (0.5s)
[  4/480] sin(x)                   N= 512 D(nu=0.03) fitness = 20.938 (0.8s)
[  5/480] sin(x)                   N= 256 a=1.0 nu_crit = 0.0000 (censored low) mono=None (3.0s)
[  6/480] sin(x)                   N= 512 a=1.0 nu_crit = 0.0000 (censored low) mono=None (6.9s)
[  7/480] sin(2x)                  N= 256 a=1.0 nu_crit = 0.0000 (censored low) mono=None (2.9s)
[  8/480] sin(2x)                  N= 256 D(nu=0.01) fitness = 20.224 (1.1s)
[  9/480] sin(2x)                  N= 256 D(nu=0.03) fitness = censored (2.6s)
[ 10/480] sin(2x)                  N= 256 a=0.4 nu_crit = 0.0363 mono=True (19.3s)
[ 11/480] sin(2x)                  N= 256 a=0.7 nu_crit = 0.0309 mono=True (22.4s)
[ 12/480] sin(2x)                  N= 256 a=0.0 nu_crit = 0.0137 mono=True (24.4s)
[ 13/480] sin(x)                   N= 256 a=0.4 nu_crit = 0.1441 mono=True (25.6s)
[ 14/480] sin(2x)                  N= 512 D(nu=0.01) fitness = 20.263 (0.7s)
[ 15/480] sin(2x)                  N= 512 D(nu=0.03) fitness = censored (1.6s)
[ 16/480] sin(2x)                  N= 512 a=1.0 nu_crit = 0.0000 (censored low) mono=None (3.5s)
[ 17/480] sin(x)+0.5sin(2x)        N= 256 a=0.4 nu_crit = 0.0000 (censored low) mono=None (2.8s)
[ 18/480] sin(x)                   N= 256 a=0.7 nu_crit = 0.1238 mono=True (32.0s)
[ 19/480] sin(x)+0.5sin(2x)        N= 256 a=1.0 nu_crit = 0.0000 (censored low) mono=None (2.5s)
[ 20/480] sin(x)+0.5sin(2x)        N= 256 a=0.7 nu_crit = 0.0000 (censored low) mono=None (2.9s)
[ 21/480] sin(x)+0.5sin(2x)        N= 256 D(nu=0.01) fitness = 19.681 (0.7s)
[ 22/480] sin(x)+0.5sin(2x)        N= 256 D(nu=0.03) fitness = 18.811 (1.2s)
[ 23/480] sin(x)+0.5sin(2x)        N= 512 a=0.4 nu_crit = 0.0000 (censored low) mono=None (5.6s)
[ 24/480] sin(2x)                  N= 512 a=0.4 nu_crit = 0.0363 mono=True (23.4s)
[ 25/480] sin(x)+0.5sin(2x)        N= 512 a=0.7 nu_crit = 0.0000 (censored low) mono=None (3.7s)
[ 26/480] sin(x)                   N= 512 a=0.0 nu_crit = 0.0543 mono=True (46.2s)
[ 27/480] sin(x)+0.5sin(2x)        N= 512 D(nu=0.01) fitness = 19.686 (1.5s)
[ 28/480] sin(x)+0.5sin(2x)        N= 512 D(nu=0.03) fitness = 18.822 (1.0s)
[ 29/480] sin(x)+0.5sin(2x)        N= 512 a=1.0 nu_crit = 0.0000 (censored low) mono=None (3.1s)
[ 30/480] sin(x)                   N= 512 a=0.4 nu_crit = 0.1441 mono=True (48.0s)
[ 31/480] sin(2x)                  N= 512 a=0.0 nu_crit = 0.0137 mono=True (35.1s)
[ 32/480] sin(x)-0.5sin(2x)        N= 256 D(nu=0.01) fitness = 22.217 (0.4s)
[ 33/480] sin(x)-0.5sin(2x)        N= 256 D(nu=0.03) fitness = 21.422 (0.8s)
[ 34/480] sin(x)                   N= 256 a=0.0 nu_crit = 0.0535 mono=True (51.0s)
[ 35/480] sin(x)-0.5sin(2x)        N= 256 a=1.0 nu_crit = 0.0000 (censored low) mono=None (3.4s)
[ 36/480] sin(x)+0.5sin(2x)        N= 256 a=0.0 nu_crit = 0.0457 mono=True (24.8s)
[ 37/480] sin(2x)                  N= 512 a=0.7 nu_crit = 0.0309 mono=True (29.5s)
[ 38/480] sin(x)-0.5sin(2x)        N= 512 D(nu=0.01) fitness = 22.223 (0.4s)
[ 39/480] sin(x)-0.5sin(2x)        N= 512 D(nu=0.03) fitness = 21.431 (0.6s)
[ 40/480] sin(x)-0.5sin(2x)        N= 256 a=0.4 nu_crit = 0.1582 mono=True (14.5s)
[ 41/480] sin(x)                   N= 512 a=0.7 nu_crit = 0.1238 mono=True (68.1s)
[ 42/480] sin(x)+0.3sin(3x)        N= 256 a=0.4 nu_crit = 0.1457 mono=True (14.7s)
[ 43/480] sin(x)+0.3sin(3x)        N= 256 a=1.0 nu_crit = 0.0000 (censored low) mono=None (2.9s)
[ 44/480] sin(x)+0.3sin(3x)        N= 256 D(nu=0.01) fitness = 22.010 (0.2s)
[ 45/480] sin(x)+0.3sin(3x)        N= 256 D(nu=0.03) fitness = 21.025 (0.4s)
[ 46/480] sin(x)-0.5sin(2x)        N= 256 a=0.7 nu_crit = 0.1527 mono=True (35.5s)
[ 47/480] sin(x)+0.3sin(3x)        N= 256 a=0.0 nu_crit = 0.0520 mono=True (28.3s)
[ 48/480] sin(x)-0.5sin(2x)        N= 512 a=1.0 nu_crit = 0.0000 (censored low) mono=None (40.0s)
[ 49/480] sin(x)+0.5sin(2x)        N= 512 a=0.0 nu_crit = 0.0457 mono=True (61.5s)
[ 50/480] sin(x)+0.3sin(3x)        N= 512 D(nu=0.01) fitness = 22.017 (0.4s)
[ 51/480] sin(x)+0.3sin(3x)        N= 512 D(nu=0.03) fitness = 21.033 (0.7s)
[ 52/480] sin(x)-0.5sin(2x)        N= 512 a=0.4 nu_crit = 0.1582 mono=True (49.0s)
[ 53/480] sin(x)-0.5sin(2x)        N= 256 a=0.0 nu_crit = 0.0504 mono=True (54.0s)
[ 54/480] sin(x)+0.3sin(3x)        N= 512 a=1.0 nu_crit = 0.0000 (censored low) mono=None (8.6s)
[ 55/480] sin(x)+0.5sin(4x)        N= 256 a=1.0 nu_crit = 0.0000 (censored low) mono=None (2.9s)
[ 56/480] sin(x)+0.3sin(3x)        N= 256 a=0.7 nu_crit = 0.1355 mono=True (36.5s)
[ 57/480] sin(x)+0.5sin(4x)        N= 256 D(nu=0.01) fitness = 20.750 (0.6s)
[ 58/480] sin(x)+0.5sin(4x)        N= 256 D(nu=0.03) fitness = 20.159 (1.0s)
[ 59/480] sin(x)-0.5sin(2x)        N= 512 a=0.7 nu_crit = 0.1527 mono=True (62.4s)
[ 60/480] sin(x)+0.3sin(3x)        N= 512 a=0.4 nu_crit = 0.1457 mono=True (34.6s)
[ 61/480] sin(x)+0.5sin(4x)        N= 512 a=1.0 nu_crit = 0.0000 (censored low) mono=None (5.6s)
[ 62/480] sin(x)+0.5sin(4x)        N= 256 a=0.7 nu_crit = 0.0832 mono=True (23.6s)
[ 63/480] sin(x)+0.5sin(4x)        N= 512 D(nu=0.01) fitness = 20.752 (1.6s)
[ 64/480] sin(x)+0.5sin(4x)        N= 512 D(nu=0.03) fitness = 20.169 (2.3s)
[ 65/480] sin(x)+0.5sin(4x)        N= 256 a=0.4 nu_crit = 0.1246 mono=True (28.9s)
[ 66/480] bump(kappa=2)            N= 256 a=0.7 nu_crit = 0.0000 (censored low) mono=None (2.8s)
[ 67/480] sin(x)-0.5sin(2x)        N= 512 a=0.0 nu_crit = 0.0504 mono=True (82.5s)
[ 68/480] bump(kappa=2)            N= 256 D(nu=0.01) fitness = 17.478 (0.5s)
[ 69/480] bump(kappa=2)            N= 256 a=1.0 nu_crit = 0.0000 (censored low) mono=None (1.7s)
[ 70/480] bump(kappa=2)            N= 256 D(nu=0.03) fitness = 15.049 (1.7s)
[ 71/480] sin(x)+0.3sin(3x)        N= 512 a=0.0 nu_crit = 0.0520 mono=True (66.8s)
[ 72/480] bump(kappa=2)            N= 512 a=0.7 nu_crit = 0.0000 (censored low) mono=None (2.3s)
[ 73/480] bump(kappa=2)            N= 512 a=1.0 nu_crit = 0.0000 (censored low) mono=None (2.0s)
[ 74/480] sin(x)+0.5sin(4x)        N= 256 a=0.0 nu_crit = 0.0473 mono=True (55.2s)
[ 75/480] bump(kappa=2)            N= 512 D(nu=0.01) fitness = 17.489 (1.8s)
[ 76/480] bump(kappa=2)            N= 512 D(nu=0.03) fitness = 15.076 (3.3s)
[ 77/480] sin(x)+0.3sin(3x)        N= 512 a=0.7 nu_crit = 0.1355 mono=True (72.5s)
[ 78/480] bump(kappa=2)            N= 256 a=0.4 nu_crit = 0.0512 mono=True (31.9s)
[ 79/480] bump(kappa=5)            N= 256 a=0.7 nu_crit = 0.0000 (censored low) mono=None (1.8s)
[ 80/480] bump(kappa=5)            N= 256 a=0.4 nu_crit = 0.0000 (censored low) mono=None (2.9s)
[ 81/480] sin(x)+0.5sin(4x)        N= 512 a=0.4 nu_crit = 0.1246 mono=True (54.1s)
[ 82/480] bump(kappa=5)            N= 256 a=1.0 nu_crit = 0.0000 (censored low) mono=None (1.4s)
[ 83/480] bump(kappa=5)            N= 256 D(nu=0.01) fitness = 8.652 (2.5s)
[ 84/480] bump(kappa=5)            N= 256 D(nu=0.03) fitness = censored (2.9s)
[ 85/480] bump(kappa=5)            N= 512 a=0.4 nu_crit = 0.0000 (censored low) mono=None (3.2s)
[ 86/480] bump(kappa=5)            N= 512 a=0.7 nu_crit = 0.0000 (censored low) mono=None (2.1s)
[ 87/480] bump(kappa=5)            N= 512 a=1.0 nu_crit = 0.0000 (censored low) mono=None (1.6s)
[ 88/480] bump(kappa=5)            N= 512 D(nu=0.01) fitness = 8.701 (3.0s)
[ 89/480] bump(kappa=2)            N= 256 a=0.0 nu_crit = 0.0348 mono=True (41.5s)
[ 90/480] sin(x)+0.5sin(4x)        N= 512 a=0.0 nu_crit = 0.0480 mono=True (61.4s)
[ 91/480] bump(kappa=5)            N= 512 D(nu=0.03) fitness = censored (3.4s)
[ 92/480] tail(p=1)                N= 256 D(nu=0.01) fitness = 19.765 (0.8s)
[ 93/480] tail(p=1)                N= 256 D(nu=0.03) fitness = 17.880 (1.6s)
[ 94/480] tail(p=1)                N= 256 a=1.0 nu_crit = 0.0000 (censored low) mono=None (5.1s)
[ 95/480] sin(x)+0.5sin(4x)        N= 512 a=0.7 nu_crit = 0.0840 mono=True (59.0s)
[ 96/480] bump(kappa=2)            N= 512 a=0.4 nu_crit = 0.0512 mono=True (39.7s)
[ 97/480] tail(p=1)                N= 512 a=1.0 nu_crit = 0.0000 (censored low) mono=None (3.7s)
[ 98/480] tail(p=1)                N= 512 D(nu=0.01) fitness = 19.781 (1.2s)
[ 99/480] tail(p=1)                N= 512 D(nu=0.03) fitness = 17.898 (2.4s)
[100/480] tail(p=1)                N= 256 a=0.4 nu_crit = 0.0887 mono=True (15.8s)
[101/480] bump(kappa=2)            N= 512 a=0.0 nu_crit = 0.0355 mono=True (49.8s)
[102/480] bump(kappa=5)            N= 256 a=0.0 nu_crit = 0.0191 mono=True (39.5s)
[103/480] tail(p=1)                N= 256 a=0.7 nu_crit = 0.0598 mono=True (30.8s)
[104/480] tail(p=1.5)              N= 256 a=1.0 nu_crit = 0.0000 (censored low) mono=None (4.6s)
[105/480] tail(p=1.5)              N= 256 D(nu=0.01) fitness = 20.731 (0.6s)
[106/480] tail(p=1.5)              N= 256 D(nu=0.03) fitness = 19.603 (1.0s)
[107/480] tail(p=1)                N= 512 a=0.4 nu_crit = 0.0887 mono=True (33.6s)
[108/480] tail(p=1.5)              N= 256 a=0.4 nu_crit = 0.1113 mono=True (23.2s)
[109/480] tail(p=1.5)              N= 512 a=1.0 nu_crit = 0.0000 (censored low) mono=None (2.4s)
[110/480] bump(kappa=5)            N= 512 a=0.0 nu_crit = 0.0191 mono=True (47.9s)
[111/480] tail(p=1.5)              N= 512 D(nu=0.01) fitness = 20.739 (0.6s)
[112/480] tail(p=1)                N= 256 a=0.0 nu_crit = 0.0402 mono=True (44.5s)
[113/480] tail(p=1.5)              N= 512 D(nu=0.03) fitness = 19.613 (1.5s)
[114/480] tail(p=1)                N= 512 a=0.7 nu_crit = 0.0598 mono=True (36.8s)
[115/480] tail(p=2)                N= 256 a=1.0 nu_crit = 0.0000 (censored low) mono=None (4.2s)
[116/480] tail(p=2)                N= 256 D(nu=0.01) fitness = 21.119 (0.5s)
[117/480] tail(p=2)                N= 256 D(nu=0.03) fitness = 20.180 (0.9s)
[118/480] tail(p=1.5)              N= 256 a=0.7 nu_crit = 0.0832 mono=True (32.5s)
[119/480] tail(p=2)                N= 256 a=0.7 nu_crit = 0.0965 mono=None (16.8s)
[120/480] tail(p=1.5)              N= 256 a=0.0 nu_crit = 0.0473 mono=True (47.8s)
[121/480] tail(p=2)                N= 512 a=1.0 nu_crit = 0.0000 (censored low) mono=None (4.2s)
[122/480] tail(p=1)                N= 512 a=0.0 nu_crit = 0.0402 mono=True (64.9s)
[123/480] tail(p=2)                N= 512 D(nu=0.01) fitness = 21.126 (1.0s)
[124/480] tail(p=2)                N= 512 D(nu=0.03) fitness = 20.189 (1.5s)
[125/480] tail(p=2)                N= 256 a=0.4 nu_crit = 0.1238 mono=True (27.9s)
[126/480] tail(p=1.5)              N= 512 a=0.7 nu_crit = 0.0832 mono=True (40.3s)
[127/480] tail(p=1.5)              N= 512 a=0.0 nu_crit = 0.0473 mono=True (50.5s)
[128/480] tail(p=1.5,alt)          N= 256 D(nu=0.01) fitness = 22.453 (0.4s)
[129/480] tail(p=1.5)              N= 512 a=0.4 nu_crit = 0.1113 mono=True (50.8s)
[130/480] tail(p=1.5,alt)          N= 256 D(nu=0.03) fitness = 21.483 (0.7s)
[131/480] tail(p=1.5,alt)          N= 256 a=1.0 nu_crit = 0.0000 (censored low) mono=None (4.6s)
[132/480] tail(p=1.5,alt)          N= 256 a=0.4 nu_crit = 0.1598 mono=True (17.6s)
[133/480] tail(p=2)                N= 256 a=0.0 nu_crit = 0.0504 mono=True (54.0s)
[134/480] tail(p=1.5,alt)          N= 512 D(nu=0.01) fitness = 22.461 (0.7s)
[135/480] tail(p=1.5,alt)          N= 512 D(nu=0.03) fitness = 21.491 (1.3s)
[136/480] tail(p=2)                N= 512 a=0.4 nu_crit = 0.1238 mono=True (52.9s)
[137/480] tail(p=1.5,alt)          N= 256 a=0.7 nu_crit = 0.1582 mono=True (34.7s)
[138/480] tail(p=2)                N= 512 a=0.0 nu_crit = 0.0504 mono=True (56.4s)
[139/480] tail(p=2)                N= 512 a=0.7 nu_crit = 0.0965 mono=None (48.4s)
[140/480] random(seed=0)           N= 256 a=1.0 nu_crit = 0.0000 (censored low) mono=None (2.8s)
[141/480] random(seed=0)           N= 256 D(nu=0.01) fitness = 21.407 (0.5s)
[142/480] random(seed=0)           N= 256 D(nu=0.03) fitness = 20.606 (0.9s)
[143/480] tail(p=1.5,alt)          N= 256 a=0.0 nu_crit = 0.0512 mono=True (53.0s)
[144/480] tail(p=1.5,alt)          N= 512 a=0.4 nu_crit = 0.1590 mono=True (43.1s)
[145/480] random(seed=0)           N= 512 a=1.0 nu_crit = 0.0000 (censored low) mono=None (6.2s)
[146/480] random(seed=0)           N= 256 a=0.0 nu_crit = 0.0527 mono=True (35.3s)
[147/480] random(seed=0)           N= 512 D(nu=0.01) fitness = 21.413 (1.0s)
[148/480] random(seed=0)           N= 512 D(nu=0.03) fitness = 20.614 (0.8s)
[149/480] random(seed=0)           N= 256 a=0.4 nu_crit = 0.1348 mono=True (32.0s)
[150/480] random(seed=1)           N= 256 a=0.4 nu_crit = 0.0363 mono=True (13.5s)
[151/480] random(seed=0)           N= 256 a=0.7 nu_crit = 0.1090 mono=True (43.6s)
[152/480] tail(p=1.5,alt)          N= 512 a=0.7 nu_crit = 0.1582 mono=True (70.9s)
[153/480] random(seed=1)           N= 256 D(nu=0.03) fitness = censored (2.4s)
[154/480] tail(p=1.5,alt)          N= 512 a=0.0 nu_crit = 0.0512 mono=True (75.5s)
[155/480] random(seed=1)           N= 256 a=1.0 nu_crit = 0.0000 (censored low) mono=None (12.4s)
[156/480] random(seed=0)           N= 512 a=0.4 nu_crit = 0.1348 mono=True (55.0s)
[157/480] random(seed=1)           N= 256 a=0.7 nu_crit = 0.0410 mono=True (29.6s)
[158/480] random(seed=0)           N= 512 a=0.7 nu_crit = 0.1090 mono=True (51.0s)
[159/480] random(seed=1)           N= 256 D(nu=0.01) fitness = censored (25.4s)
[160/480] random(seed=1)           N= 512 a=0.4 nu_crit = 0.0363 mono=True (15.5s)
[161/480] random(seed=1)           N= 512 D(nu=0.03) fitness = censored (2.6s)
[162/480] random(seed=1)           N= 256 a=0.0 nu_crit = 0.0098 mono=True (44.1s)
[163/480] random(seed=0)           N= 512 a=0.0 nu_crit = 0.0527 mono=True (69.8s)
[164/480] random(seed=2)           N= 256 D(nu=0.01) fitness = 18.647 (0.8s)
[165/480] random(seed=2)           N= 256 a=1.0 nu_crit = 0.0000 (censored low) mono=None (2.8s)
[166/480] random(seed=2)           N= 256 D(nu=0.03) fitness = 17.437 (1.4s)
[167/480] random(seed=1)           N= 512 a=0.7 nu_crit = 0.0410 mono=True (21.7s)
[168/480] random(seed=2)           N= 256 a=0.4 nu_crit = 0.0730 mono=True (14.1s)
[169/480] random(seed=2)           N= 512 a=1.0 nu_crit = 0.0000 (censored low) mono=None (2.1s)
[170/480] random(seed=2)           N= 512 D(nu=0.01) fitness = 18.652 (0.9s)
[171/480] random(seed=2)           N= 512 D(nu=0.03) fitness = 17.452 (1.7s)
[172/480] random(seed=1)           N= 512 D(nu=0.01) fitness = censored (30.2s)
[173/480] random(seed=2)           N= 256 a=0.7 nu_crit = 0.0059 mono=True (23.6s)
[174/480] random(seed=2)           N= 512 a=0.7 nu_crit = 0.0059 mono=True (22.4s)
[175/480] random(seed=1)           N= 512 a=0.0 nu_crit = 0.0098 mono=True (48.0s)
[176/480] random(seed=3)           N= 256 D(nu=0.01) fitness = 22.006 (0.4s)
[177/480] random(seed=3)           N= 256 a=1.0 nu_crit = 0.0000 (censored low) mono=None (1.7s)
[178/480] random(seed=3)           N= 256 D(nu=0.03) fitness = 21.280 (0.8s)
[179/480] random(seed=3)           N= 256 a=0.4 nu_crit = 0.1551 mono=True (13.8s)
[180/480] random(seed=2)           N= 512 a=0.4 nu_crit = 0.0730 mono=True (39.9s)
[181/480] random(seed=2)           N= 256 a=0.0 nu_crit = 0.0402 mono=True (47.4s)
[182/480] random(seed=3)           N= 512 D(nu=0.01) fitness = 22.013 (0.8s)
[183/480] random(seed=3)           N= 512 D(nu=0.03) fitness = 21.289 (1.3s)
[184/480] random(seed=3)           N= 256 a=0.7 nu_crit = 0.1434 mono=True (35.4s)
[185/480] random(seed=3)           N= 512 a=1.0 nu_crit = 0.0000 (censored low) mono=None (22.9s)
[186/480] random(seed=3)           N= 256 a=0.0 nu_crit = 0.0512 mono=True (51.8s)
[187/480] random(seed=2)           N= 512 a=0.0 nu_crit = 0.0402 mono=True (67.5s)
[188/480] random(seed=3)           N= 512 a=0.0 nu_crit = 0.0512 mono=True (42.0s)
[189/480] random(seed=3)           N= 512 a=0.7 nu_crit = 0.1434 mono=True (40.9s)
[190/480] random(seed=4)           N= 256 D(nu=0.03) fitness = censored (1.3s)
[191/480] random(seed=4)           N= 256 D(nu=0.01) fitness = censored (1.9s)
[192/480] random(seed=4)           N= 256 a=0.0 nu_crit = 0.0074 mono=True (26.9s)
[193/480] random(seed=4)           N= 256 a=0.4 nu_crit = 0.0215 mono=True (19.8s)
[194/480] tail(p=1.5,alt)          N= 512 a=1.0 nu_crit = 0.0000 (censored low) mono=None (167.5s)
[195/480] random(seed=3)           N= 512 a=0.4 nu_crit = 0.1551 mono=True (49.2s)
[196/480] random(seed=4)           N= 512 D(nu=0.03) fitness = censored (2.2s)
[197/480] random(seed=4)           N= 512 D(nu=0.01) fitness = censored (3.3s)
[198/480] random(seed=4)           N= 512 a=0.4 nu_crit = 0.0215 mono=True (14.1s)
[199/480] random(seed=4)           N= 512 a=0.7 nu_crit = 0.0152 mono=True (14.0s)
[200/480] random(seed=4)           N= 256 a=0.7 nu_crit = 0.0152 mono=True (20.3s)
[201/480] random(seed=5)           N= 256 D(nu=0.01) fitness = 21.717 (0.2s)
[202/480] random(seed=5)           N= 256 D(nu=0.03) fitness = 21.048 (0.8s)
[203/480] random(seed=5)           N= 256 a=1.0 nu_crit = 0.0000 (censored low) mono=None (1.9s)
[204/480] random(seed=4)           N= 512 a=0.0 nu_crit = 0.0074 mono=True (31.8s)
[205/480] random(seed=5)           N= 256 a=0.4 nu_crit = 0.1488 mono=True (24.9s)
[206/480] random(seed=5)           N= 512 D(nu=0.01) fitness = 21.723 (0.9s)
[207/480] random(seed=5)           N= 512 D(nu=0.03) fitness = 21.056 (1.3s)
[208/480] random(seed=5)           N= 512 a=1.0 nu_crit = 0.0000 (censored low) mono=None (4.0s)
[209/480] random(seed=5)           N= 256 a=0.7 nu_crit = 0.1293 mono=True (36.4s)
[210/480] random(seed=6)           N= 256 a=0.4 nu_crit = 0.0855 mono=True (11.4s)
[211/480] random(seed=6)           N= 256 a=1.0 nu_crit = 0.0000 (censored low) mono=None (2.1s)
[212/480] random(seed=4)           N= 256 a=1.0 nu_crit = 0.0004 mono=True (54.0s)
[213/480] random(seed=6)           N= 256 D(nu=0.01) fitness = 20.982 (0.4s)
[214/480] random(seed=6)           N= 256 D(nu=0.03) fitness = censored (2.8s)
[215/480] random(seed=4)           N= 512 a=1.0 nu_crit = 0.0000 (censored low) mono=None (55.7s)
[216/480] random(seed=5)           N= 512 a=0.7 nu_crit = 0.1293 mono=True (41.2s)
[217/480] random(seed=5)           N= 256 a=0.0 nu_crit = 0.0512 mono=True (54.0s)
[218/480] random(seed=6)           N= 512 D(nu=0.01) fitness = 21.012 (1.0s)
[219/480] random(seed=5)           N= 512 a=0.4 nu_crit = 0.1488 mono=True (48.1s)
[220/480] random(seed=6)           N= 512 D(nu=0.03) fitness = censored (4.2s)
[221/480] random(seed=6)           N= 256 a=0.0 nu_crit = 0.0230 mono=True (32.9s)
[222/480] random(seed=6)           N= 256 a=0.7 nu_crit = 0.0895 mono=True (26.7s)
[223/480] random(seed=7)           N= 256 a=1.0 nu_crit = 0.0000 (censored low) mono=None (3.8s)
[224/480] random(seed=7)           N= 256 D(nu=0.01) fitness = 21.437 (1.3s)
[225/480] random(seed=7)           N= 256 D(nu=0.03) fitness = censored (1.8s)
[226/480] random(seed=7)           N= 256 a=0.7 nu_crit = 0.0754 mono=True (13.2s)
[227/480] random(seed=6)           N= 512 a=0.4 nu_crit = 0.0855 mono=True (31.8s)
[228/480] random(seed=7)           N= 256 a=0.4 nu_crit = 0.0590 mono=True (20.6s)
[229/480] random(seed=6)           N= 512 a=0.0 nu_crit = 0.0230 mono=True (40.5s)
[230/480] random(seed=7)           N= 512 D(nu=0.01) fitness = 21.525 (1.3s)
[231/480] random(seed=5)           N= 512 a=0.0 nu_crit = 0.0512 mono=True (76.7s)
[232/480] random(seed=7)           N= 512 D(nu=0.03) fitness = censored (2.2s)
[233/480] random(seed=7)           N= 512 a=0.4 nu_crit = 0.0590 mono=True (14.4s)
[234/480] random(seed=7)           N= 256 a=0.0 nu_crit = 0.0129 mono=True (32.9s)
[235/480] random(seed=1)           N= 512 a=1.0 nu_crit = 0.0000 (censored low) mono=None (183.9s)
[236/480] prior(seed=0)            N= 256 D(nu=0.01) fitness = 21.739 (0.8s)
[237/480] prior(seed=0)            N= 256 D(nu=0.03) fitness = 18.648 (2.1s)
[238/480] random(seed=6)           N= 512 a=0.7 nu_crit = 0.0895 mono=True (45.9s)
[239/480] random(seed=7)           N= 512 a=0.0 nu_crit = 0.0129 mono=True (39.5s)
[240/480] random(seed=7)           N= 512 a=0.7 nu_crit = 0.0754 mono=True (37.4s)
[241/480] prior(seed=0)            N= 256 a=0.4 nu_crit = 0.1113 mono=True (30.0s)
[242/480] prior(seed=0)            N= 256 a=0.7 nu_crit = 0.1121 mono=True (29.0s)
[243/480] prior(seed=0)            N= 512 D(nu=0.01) fitness = 21.768 (0.9s)
[244/480] prior(seed=0)            N= 512 D(nu=0.03) fitness = 18.672 (2.7s)
[245/480] prior(seed=0)            N= 512 a=0.4 nu_crit = 0.1113 mono=True (26.6s)
[246/480] prior(seed=1)            N= 256 a=0.7 nu_crit = 0.0707 mono=True (15.7s)
[247/480] prior(seed=1)            N= 256 a=0.4 nu_crit = 0.0629 mono=True (26.7s)
[248/480] prior(seed=1)            N= 256 D(nu=0.01) fitness = 19.572 (1.7s)
[249/480] prior(seed=0)            N= 256 a=0.0 nu_crit = 0.0379 mono=True (64.4s)
[250/480] prior(seed=1)            N= 256 D(nu=0.03) fitness = censored (2.9s)
[251/480] prior(seed=1)            N= 256 a=1.0 nu_crit = 0.0004 mono=True (25.2s)
[252/480] prior(seed=1)            N= 256 a=0.0 nu_crit = 0.0152 mono=True (52.8s)
[253/480] prior(seed=0)            N= 512 a=0.7 nu_crit = 0.1121 mono=True (62.6s)
[254/480] prior(seed=1)            N= 512 D(nu=0.01) fitness = 19.666 (1.7s)
[255/480] prior(seed=1)            N= 512 D(nu=0.03) fitness = censored (3.3s)
[256/480] prior(seed=0)            N= 512 a=0.0 nu_crit = 0.0379 mono=True (85.9s)
[257/480] prior(seed=1)            N= 512 a=0.4 nu_crit = 0.0629 mono=True (31.2s)
[258/480] prior(seed=1)            N= 512 a=0.7 nu_crit = 0.0707 mono=True (31.0s)
[259/480] prior(seed=2)            N= 256 a=1.0 nu_crit = 0.0000 (censored low) mono=None (3.0s)
[260/480] prior(seed=2)            N= 256 D(nu=0.01) fitness = 21.715 (0.4s)
[261/480] prior(seed=2)            N= 256 D(nu=0.03) fitness = 20.929 (0.7s)
[262/480] random(seed=7)           N= 512 a=1.0 nu_crit = 0.0000 (censored low) mono=None (121.9s)
[263/480] prior(seed=0)            N= 256 a=1.0 nu_crit = 0.0004 mono=True (112.4s)
[264/480] prior(seed=2)            N= 256 a=0.4 nu_crit = 0.1441 mono=True (27.8s)
[265/480] prior(seed=1)            N= 512 a=0.0 nu_crit = 0.0152 mono=True (60.2s)
[266/480] prior(seed=2)            N= 512 D(nu=0.01) fitness = 21.722 (0.8s)
[267/480] prior(seed=2)            N= 512 D(nu=0.03) fitness = 20.936 (1.3s)
[268/480] prior(seed=2)            N= 512 a=1.0 nu_crit = 0.0000 (censored low) mono=None (5.5s)
[269/480] prior(seed=2)            N= 256 a=0.7 nu_crit = 0.1238 mono=True (37.0s)
[270/480] prior(seed=2)            N= 512 a=0.4 nu_crit = 0.1441 mono=True (27.4s)
[271/480] prior(seed=3)            N= 256 a=1.0 nu_crit = 0.0000 (censored low) mono=None (1.5s)
[272/480] prior(seed=3)            N= 256 D(nu=0.01) fitness = 21.688 (0.2s)
[273/480] prior(seed=2)            N= 256 a=0.0 nu_crit = 0.0535 mono=True (52.2s)
[274/480] prior(seed=3)            N= 256 D(nu=0.03) fitness = 20.936 (0.4s)
[275/480] prior(seed=3)            N= 256 a=0.4 nu_crit = 0.1449 mono=True (27.2s)
[276/480] random(seed=6)           N= 512 a=1.0 nu_crit = 0.0000 (censored low) mono=None (206.5s)
[277/480] prior(seed=3)            N= 256 a=0.7 nu_crit = 0.1230 mono=True (39.1s)
[278/480] prior(seed=3)            N= 512 D(nu=0.01) fitness = 21.695 (1.0s)
[279/480] prior(seed=3)            N= 512 a=0.4 nu_crit = 0.1449 mono=True (30.1s)
[280/480] prior(seed=3)            N= 512 D(nu=0.03) fitness = 20.943 (1.5s)
[281/480] prior(seed=3)            N= 512 a=1.0 nu_crit = 0.0000 (censored low) mono=None (7.1s)
[282/480] prior(seed=3)            N= 256 a=0.0 nu_crit = 0.0535 mono=True (56.8s)
[283/480] prior(seed=2)            N= 512 a=0.7 nu_crit = 0.1238 mono=True (74.9s)
[284/480] prior(seed=2)            N= 512 a=0.0 nu_crit = 0.0535 mono=True (79.8s)
[285/480] prior(seed=4)            N= 256 a=0.7 nu_crit = 0.0098 mono=True (14.4s)
[286/480] prior(seed=4)            N= 256 D(nu=0.03) fitness = censored (1.1s)
[287/480] prior(seed=4)            N= 256 D(nu=0.01) fitness = censored (3.2s)
[288/480] prior(seed=4)            N= 256 a=0.4 nu_crit = 0.0082 mono=True (21.2s)
[289/480] prior(seed=4)            N= 256 a=0.0 nu_crit = 0.0027 mono=True (29.1s)
[290/480] prior(seed=4)            N= 512 D(nu=0.01) fitness = censored (3.7s)
[291/480] prior(seed=4)            N= 512 D(nu=0.03) fitness = censored (1.2s)
[292/480] prior(seed=4)            N= 512 a=0.0 nu_crit = 0.0027 mono=True (18.6s)
[293/480] prior(seed=4)            N= 512 a=0.4 nu_crit = 0.0082 mono=True (23.2s)
[294/480] prior(seed=3)            N= 512 a=0.0 nu_crit = 0.0543 mono=True (72.5s)
[295/480] prior(seed=4)            N= 512 a=0.7 nu_crit = 0.0098 mono=True (25.0s)
[296/480] prior(seed=5)            N= 256 D(nu=0.01) fitness = censored (2.7s)
[297/480] prior(seed=4)            N= 256 a=1.0 nu_crit = 0.0004 mono=True (39.9s)
[298/480] prior(seed=5)            N= 256 D(nu=0.03) fitness = censored (1.0s)
[299/480] prior(seed=3)            N= 512 a=0.7 nu_crit = 0.1230 mono=True (68.5s)
[300/480] prior(seed=5)            N= 256 a=0.4 nu_crit = 0.0285 mono=True (14.0s)
[301/480] prior(seed=5)            N= 256 a=0.7 nu_crit = 0.0332 mono=True (27.3s)
[302/480] prior(seed=5)            N= 512 D(nu=0.01) fitness = censored (3.3s)
[303/480] prior(seed=5)            N= 256 a=0.0 nu_crit = 0.0082 mono=True (39.3s)
[304/480] prior(seed=5)            N= 512 D(nu=0.03) fitness = censored (2.0s)
[305/480] prior(seed=5)            N= 512 a=0.4 nu_crit = 0.0285 mono=True (27.9s)
[306/480] prior(seed=5)            N= 512 a=0.7 nu_crit = 0.0332 mono=True (35.6s)
[307/480] prior(seed=5)            N= 512 a=0.0 nu_crit = 0.0082 mono=True (40.0s)
[308/480] prior(seed=6)            N= 256 D(nu=0.01) fitness = 21.919 (0.4s)
[309/480] prior(seed=6)            N= 256 a=1.0 nu_crit = 0.0000 (censored low) mono=None (3.4s)
[310/480] prior(seed=6)            N= 256 D(nu=0.03) fitness = 21.155 (0.5s)
[311/480] prior(seed=5)            N= 256 a=1.0 nu_crit = 0.0004 mono=True (50.0s)
[312/480] prior(seed=6)            N= 256 a=0.4 nu_crit = 0.1512 mono=True (27.0s)
[313/480] prior(seed=1)            N= 512 a=1.0 nu_crit = 0.0000 (censored low) mono=None (196.4s)
[314/480] prior(seed=6)            N= 512 D(nu=0.01) fitness = 21.925 (0.8s)
[315/480] prior(seed=6)            N= 512 D(nu=0.03) fitness = 21.162 (1.2s)
[316/480] prior(seed=6)            N= 512 a=1.0 nu_crit = 0.0000 (censored low) mono=None (10.1s)
[317/480] prior(seed=6)            N= 256 a=0.7 nu_crit = 0.1355 mono=True (36.0s)
[318/480] prior(seed=6)            N= 256 a=0.0 nu_crit = 0.0543 mono=True (41.6s)
[319/480] prior(seed=7)            N= 256 a=0.4 nu_crit = 0.0348 mono=True (21.1s)
[320/480] prior(seed=7)            N= 256 D(nu=0.01) fitness = 18.812 (3.3s)
[321/480] prior(seed=7)            N= 256 a=0.7 nu_crit = 0.0348 mono=True (25.2s)
[322/480] prior(seed=7)            N= 256 D(nu=0.03) fitness = censored (2.1s)
[323/480] prior(seed=6)            N= 512 a=0.4 nu_crit = 0.1512 mono=True (52.5s)
[324/480] prior(seed=7)            N= 256 a=0.0 nu_crit = 0.0105 mono=True (33.2s)
[325/480] prior(seed=6)            N= 512 a=0.0 nu_crit = 0.0543 mono=True (69.2s)
[326/480] prior(seed=7)            N= 512 D(nu=0.01) fitness = 19.137 (3.2s)
[327/480] prior(seed=7)            N= 512 a=0.4 nu_crit = 0.0348 mono=True (24.5s)
[328/480] prior(seed=7)            N= 512 D(nu=0.03) fitness = censored (2.9s)
[329/480] prior(seed=7)            N= 256 a=1.0 nu_crit = 0.0000 (censored low) mono=None (50.2s)
[330/480] prior(seed=6)            N= 512 a=0.7 nu_crit = 0.1355 mono=True (74.2s)
[331/480] prior(seed=8)            N= 256 a=1.0 nu_crit = 0.0000 (censored low) mono=None (3.7s)
[332/480] prior(seed=8)            N= 256 D(nu=0.01) fitness = 21.781 (0.6s)
[333/480] prior(seed=8)            N= 256 D(nu=0.03) fitness = 21.018 (1.0s)
[334/480] prior(seed=7)            N= 512 a=0.7 nu_crit = 0.0348 mono=True (38.3s)
[335/480] prior(seed=7)            N= 512 a=0.0 nu_crit = 0.0105 mono=True (48.5s)
[336/480] prior(seed=8)            N= 256 a=0.4 nu_crit = 0.1473 mono=True (27.3s)
[337/480] prior(seed=8)            N= 512 a=1.0 nu_crit = 0.0000 (censored low) mono=None (10.1s)
[338/480] prior(seed=8)            N= 512 D(nu=0.01) fitness = 21.787 (1.0s)
[339/480] prior(seed=8)            N= 512 D(nu=0.03) fitness = 21.025 (1.7s)
[340/480] prior(seed=0)            N= 512 a=1.0 nu_crit = 0.0004 mono=True (354.6s)
[341/480] prior(seed=8)            N= 256 a=0.7 nu_crit = 0.1277 mono=True (46.6s)
[342/480] prior(seed=8)            N= 256 a=0.0 nu_crit = 0.0543 mono=True (56.6s)
[343/480] prior(seed=7)            N= 512 a=1.0 nu_crit = 0.0000 (censored low) mono=None (83.4s)
[344/480] prior(seed=9)            N= 256 D(nu=0.01) fitness = 18.937 (1.7s)
[345/480] prior(seed=9)            N= 256 D(nu=0.03) fitness = censored (4.0s)
[346/480] prior(seed=9)            N= 256 a=0.4 nu_crit = 0.0699 mono=True (25.1s)
[347/480] prior(seed=8)            N= 512 a=0.4 nu_crit = 0.1473 mono=True (60.6s)
[348/480] prior(seed=9)            N= 256 a=0.7 nu_crit = 0.0637 mono=True (38.2s)
[349/480] prior(seed=8)            N= 512 a=0.7 nu_crit = 0.1277 mono=True (65.2s)
[350/480] prior(seed=9)            N= 512 D(nu=0.01) fitness = 19.002 (1.9s)
[351/480] prior(seed=8)            N= 512 a=0.0 nu_crit = 0.0543 mono=True (83.0s)
[352/480] prior(seed=9)            N= 512 D(nu=0.03) fitness = censored (4.4s)
[353/480] prior(seed=9)            N= 512 a=0.4 nu_crit = 0.0699 mono=True (24.1s)
[354/480] prior(seed=4)            N= 512 a=1.0 nu_crit = 0.0004 mono=True (261.7s)
[355/480] prior(seed=9)            N= 256 a=0.0 nu_crit = 0.0223 mono=True (80.3s)
[356/480] prior(seed=10)           N= 256 D(nu=0.01) fitness = 21.754 (0.2s)
[357/480] prior(seed=10)           N= 256 a=0.4 nu_crit = 0.1457 mono=True (27.1s)
[358/480] prior(seed=10)           N= 256 D(nu=0.03) fitness = 20.975 (0.6s)
[359/480] prior(seed=10)           N= 256 a=1.0 nu_crit = 0.0000 (censored low) mono=None (4.1s)
[360/480] prior(seed=10)           N= 256 a=0.7 nu_crit = 0.1262 mono=True (31.3s)
[361/480] prior(seed=5)            N= 512 a=1.0 nu_crit = 0.0000 (censored low) mono=None (240.3s)
[362/480] prior(seed=10)           N= 512 D(nu=0.01) fitness = 21.760 (1.1s)
[363/480] prior(seed=9)            N= 512 a=0.7 nu_crit = 0.0637 mono=True (53.5s)
[364/480] prior(seed=10)           N= 512 D(nu=0.03) fitness = 20.981 (1.6s)
[365/480] prior(seed=10)           N= 512 a=1.0 nu_crit = 0.0000 (censored low) mono=None (7.5s)
[366/480] prior(seed=10)           N= 256 a=0.0 nu_crit = 0.0543 mono=True (48.9s)
[367/480] prior(seed=9)            N= 256 a=1.0 nu_crit = 0.0004 mono=True (85.1s)
[368/480] prior(seed=11)           N= 256 D(nu=0.01) fitness = 18.201 (1.3s)
[369/480] prior(seed=11)           N= 256 D(nu=0.03) fitness = 13.867 (4.5s)
[370/480] prior(seed=11)           N= 256 a=0.4 nu_crit = 0.0637 mono=True (34.8s)
[371/480] prior(seed=10)           N= 512 a=0.4 nu_crit = 0.1457 mono=True (44.3s)
[372/480] prior(seed=11)           N= 256 a=0.7 nu_crit = 0.0340 mono=True (36.7s)
[373/480] prior(seed=11)           N= 512 a=1.0 nu_crit = 0.0000 (censored low) mono=None (7.0s)
[374/480] prior(seed=9)            N= 512 a=0.0 nu_crit = 0.0223 mono=True (110.7s)
[375/480] prior(seed=11)           N= 512 D(nu=0.01) fitness = 18.227 (1.3s)
[376/480] prior(seed=11)           N= 256 a=0.0 nu_crit = 0.0324 mono=True (51.8s)
[377/480] prior(seed=11)           N= 512 D(nu=0.03) fitness = 13.918 (5.7s)
[378/480] prior(seed=10)           N= 512 a=0.0 nu_crit = 0.0543 mono=True (63.3s)
[379/480] prior(seed=12)           N= 256 a=1.0 nu_crit = 0.0000 (censored low) mono=None (3.8s)
[380/480] prior(seed=12)           N= 256 D(nu=0.01) fitness = 21.726 (0.5s)
[381/480] prior(seed=11)           N= 256 a=1.0 nu_crit = 0.0004 mono=True (48.9s)
[382/480] prior(seed=12)           N= 256 D(nu=0.03) fitness = 20.927 (1.0s)
[383/480] prior(seed=10)           N= 512 a=0.7 nu_crit = 0.1262 mono=True (84.1s)
[384/480] prior(seed=11)           N= 512 a=0.4 nu_crit = 0.0637 mono=True (46.5s)
[385/480] prior(seed=12)           N= 256 a=0.4 nu_crit = 0.1441 mono=True (30.9s)
[386/480] prior(seed=12)           N= 512 D(nu=0.01) fitness = 21.732 (0.6s)
[387/480] prior(seed=12)           N= 512 D(nu=0.03) fitness = 20.934 (1.0s)
[388/480] prior(seed=12)           N= 512 a=1.0 nu_crit = 0.0000 (censored low) mono=None (10.0s)
[389/480] prior(seed=12)           N= 256 a=0.7 nu_crit = 0.1246 mono=True (39.8s)
[390/480] prior(seed=11)           N= 512 a=0.7 nu_crit = 0.0340 mono=True (59.8s)
[391/480] prior(seed=13)           N= 256 a=1.0 nu_crit = 0.0000 (censored low) mono=None (4.6s)
[392/480] prior(seed=13)           N= 256 D(nu=0.01) fitness = 20.874 (0.8s)
[393/480] prior(seed=13)           N= 256 D(nu=0.03) fitness = 19.500 (1.4s)
[394/480] prior(seed=12)           N= 256 a=0.0 nu_crit = 0.0535 mono=True (54.4s)
[395/480] prior(seed=11)           N= 512 a=0.0 nu_crit = 0.0324 mono=True (86.1s)
[396/480] prior(seed=12)           N= 512 a=0.4 nu_crit = 0.1441 mono=True (58.0s)
[397/480] prior(seed=13)           N= 256 a=0.0 nu_crit = 0.0465 mono=True (34.1s)
[398/480] prior(seed=13)           N= 512 D(nu=0.01) fitness = 20.885 (0.7s)
[399/480] prior(seed=13)           N= 512 D(nu=0.03) fitness = 19.511 (1.6s)
[400/480] prior(seed=13)           N= 512 a=1.0 nu_crit = 0.0000 (censored low) mono=None (5.1s)
[401/480] prior(seed=13)           N= 256 a=0.7 nu_crit = 0.0879 mono=True (30.1s)
[402/480] prior(seed=13)           N= 256 a=0.4 nu_crit = 0.1105 mono=True (39.2s)
[403/480] prior(seed=12)           N= 512 a=0.0 nu_crit = 0.0535 mono=True (76.7s)
[404/480] prior(seed=14)           N= 256 D(nu=0.01) fitness = censored (3.1s)
[405/480] prior(seed=14)           N= 256 D(nu=0.03) fitness = censored (2.0s)
[406/480] prior(seed=14)           N= 256 a=0.7 nu_crit = 0.0223 mono=True (18.6s)
[407/480] prior(seed=14)           N= 256 a=0.4 nu_crit = 0.0223 mono=True (23.1s)
[408/480] prior(seed=13)           N= 512 a=0.4 nu_crit = 0.1105 mono=True (44.5s)
[409/480] prior(seed=12)           N= 512 a=0.7 nu_crit = 0.1238 mono=True (74.9s)
[410/480] prior(seed=14)           N= 512 D(nu=0.01) fitness = censored (2.5s)
[411/480] prior(seed=14)           N= 512 D(nu=0.03) fitness = censored (1.3s)
[412/480] prior(seed=13)           N= 512 a=0.7 nu_crit = 0.0879 mono=True (60.6s)
[413/480] prior(seed=14)           N= 512 a=0.4 nu_crit = 0.0223 mono=True (28.3s)
[414/480] prior(seed=14)           N= 512 a=0.0 nu_crit = 0.0074 mono=True (31.3s)
[415/480] prior(seed=14)           N= 256 a=1.0 nu_crit = 0.0004 mono=True (45.5s)
[416/480] prior(seed=15)           N= 256 D(nu=0.01) fitness = 22.007 (0.2s)
[417/480] prior(seed=14)           N= 256 a=0.0 nu_crit = 0.0066 mono=True (56.0s)
[418/480] prior(seed=15)           N= 256 D(nu=0.03) fitness = 21.184 (0.5s)
[419/480] prior(seed=15)           N= 256 a=1.0 nu_crit = 0.0000 (censored low) mono=None (5.4s)
[420/480] prior(seed=14)           N= 512 a=0.7 nu_crit = 0.0223 mono=True (32.8s)
[421/480] prior(seed=13)           N= 512 a=0.0 nu_crit = 0.0465 mono=True (77.5s)
[422/480] prior(seed=15)           N= 512 D(nu=0.01) fitness = 22.014 (1.1s)
[423/480] prior(seed=15)           N= 512 D(nu=0.03) fitness = 21.192 (1.8s)
[424/480] prior(seed=15)           N= 256 a=0.4 nu_crit = 0.1527 mono=True (37.1s)
[425/480] prior(seed=15)           N= 256 a=0.0 nu_crit = 0.0535 mono=True (43.9s)
[426/480] prior(seed=15)           N= 256 a=0.7 nu_crit = 0.1379 mono=True (41.5s)
[427/480] prior(seed=16)           N= 256 a=0.7 nu_crit = 0.0332 mono=True (22.5s)
[428/480] prior(seed=16)           N= 256 D(nu=0.01) fitness = censored (3.7s)
[429/480] prior(seed=16)           N= 256 a=0.4 nu_crit = 0.0285 mono=True (27.2s)
[430/480] prior(seed=16)           N= 256 D(nu=0.03) fitness = censored (2.1s)
[431/480] prior(seed=16)           N= 256 a=0.0 nu_crit = 0.0074 mono=True (48.1s)
[432/480] prior(seed=15)           N= 512 a=0.4 nu_crit = 0.1520 mono=True (55.8s)
[433/480] prior(seed=15)           N= 512 a=1.0 nu_crit = 0.0000 (censored low) mono=None (55.3s)
[434/480] prior(seed=15)           N= 512 a=0.0 nu_crit = 0.0543 mono=True (58.3s)
[435/480] prior(seed=16)           N= 512 D(nu=0.03) fitness = censored (1.7s)
[436/480] prior(seed=16)           N= 512 D(nu=0.01) fitness = censored (4.1s)
[437/480] prior(seed=14)           N= 512 a=1.0 nu_crit = 0.0004 mono=True (94.4s)
[438/480] prior(seed=15)           N= 512 a=0.7 nu_crit = 0.1379 mono=True (73.6s)
[439/480] prior(seed=17)           N= 256 a=1.0 nu_crit = 0.0000 (censored low) mono=None (4.1s)
[440/480] prior(seed=17)           N= 256 D(nu=0.01) fitness = 21.739 (0.6s)
[441/480] prior(seed=17)           N= 256 D(nu=0.03) fitness = 20.946 (0.9s)
[442/480] prior(seed=16)           N= 512 a=0.4 nu_crit = 0.0285 mono=True (32.9s)
[443/480] prior(seed=17)           N= 256 a=0.4 nu_crit = 0.1449 mono=True (26.7s)
[444/480] prior(seed=16)           N= 512 a=0.0 nu_crit = 0.0074 mono=True (43.2s)
[445/480] prior(seed=16)           N= 512 a=0.7 nu_crit = 0.0332 mono=True (44.8s)
[446/480] prior(seed=17)           N= 512 D(nu=0.01) fitness = 21.745 (1.0s)
[447/480] prior(seed=17)           N= 512 D(nu=0.03) fitness = 20.953 (1.6s)
[448/480] prior(seed=17)           N= 512 a=1.0 nu_crit = 0.0000 (censored low) mono=None (7.6s)
[449/480] prior(seed=17)           N= 256 a=0.7 nu_crit = 0.1254 mono=True (43.1s)
[450/480] prior(seed=17)           N= 256 a=0.0 nu_crit = 0.0535 mono=True (50.4s)
[451/480] prior(seed=18)           N= 256 a=1.0 nu_crit = 0.0000 (censored low) mono=None (2.3s)
[452/480] prior(seed=18)           N= 256 D(nu=0.01) fitness = 21.685 (0.5s)
[453/480] prior(seed=18)           N= 256 D(nu=0.03) fitness = 20.982 (0.6s)
[454/480] prior(seed=18)           N= 256 a=0.4 nu_crit = 0.1465 mono=True (25.3s)
[455/480] prior(seed=17)           N= 512 a=0.4 nu_crit = 0.1449 mono=True (59.5s)
[456/480] prior(seed=18)           N= 256 a=0.7 nu_crit = 0.1277 mono=True (41.2s)
[457/480] prior(seed=17)           N= 512 a=0.7 nu_crit = 0.1246 mono=True (63.8s)
[458/480] prior(seed=18)           N= 512 D(nu=0.01) fitness = 21.690 (1.0s)
[459/480] prior(seed=18)           N= 512 a=1.0 nu_crit = 0.0000 (censored low) mono=None (4.7s)
[460/480] prior(seed=18)           N= 512 D(nu=0.03) fitness = 20.990 (1.6s)
[461/480] prior(seed=16)           N= 256 a=1.0 nu_crit = 0.0004 mono=True (132.0s)
[462/480] prior(seed=19)           N= 256 a=0.4 nu_crit = 0.0340 mono=True (13.1s)
[463/480] prior(seed=18)           N= 256 a=0.0 nu_crit = 0.0520 mono=True (66.3s)
[464/480] prior(seed=19)           N= 256 a=1.0 nu_crit = 0.0000 (censored low) mono=None (1.9s)
[465/480] prior(seed=17)           N= 512 a=0.0 nu_crit = 0.0535 mono=True (89.7s)
[466/480] prior(seed=19)           N= 256 D(nu=0.03) fitness = censored (2.0s)
[467/480] prior(seed=19)           N= 256 D(nu=0.01) fitness = 18.695 (3.8s)
[468/480] prior(seed=18)           N= 512 a=0.4 nu_crit = 0.1465 mono=True (47.6s)
[469/480] prior(seed=18)           N= 512 a=0.0 nu_crit = 0.0527 mono=True (62.8s)
[470/480] prior(seed=19)           N= 512 D(nu=0.01) fitness = 18.972 (2.3s)
[471/480] prior(seed=19)           N= 512 D(nu=0.03) fitness = censored (2.4s)
[472/480] prior(seed=19)           N= 512 a=1.0 nu_crit = 0.0000 (censored low) mono=None (7.6s)
[473/480] prior(seed=19)           N= 512 a=0.4 nu_crit = 0.0340 mono=True (20.5s)
[474/480] prior(seed=19)           N= 256 a=0.0 nu_crit = 0.0191 mono=True (38.0s)
[475/480] prior(seed=19)           N= 256 a=0.7 nu_crit = 0.0324 mono=True (24.9s)
[476/480] prior(seed=9)            N= 512 a=1.0 nu_crit = 0.0004 mono=True (418.5s)
[477/480] prior(seed=19)           N= 512 a=0.7 nu_crit = 0.0324 mono=True (27.4s)
[478/480] prior(seed=18)           N= 512 a=0.7 nu_crit = 0.1277 mono=True (59.2s)
[479/480] prior(seed=19)           N= 512 a=0.0 nu_crit = 0.0191 mono=True (35.8s)
[480/480] prior(seed=16)           N= 512 a=1.0 nu_crit = 0.0004 mono=True (390.5s)

Sweep complete: 480 tasks in 1599s -> experiments/stage2_6_sweep.jsonl
