40 shapes x 3 a-values x 2 resolutions = 240 bisections on 10 workers
[  1/240] sin(2x)                  a=1.0 N= 256 nu_crit = 0.0000 (censored low) monotone=None runs=1 (1.0s)
[  2/240] sin(x)                   a=1.0 N= 256 nu_crit = 0.0000 (censored low) monotone=None runs=1 (1.0s)
[  3/240] sin(x)                   a=1.0 N= 512 nu_crit = 0.0000 (censored low) monotone=None runs=1 (1.3s)
[  4/240] sin(x)+0.5sin(2x)        a=0.4 N= 256 nu_crit = 0.0000 (censored low) monotone=None runs=1 (0.5s)
[  5/240] sin(2x)                  a=1.0 N= 512 nu_crit = 0.0000 (censored low) monotone=None runs=1 (1.2s)
[  6/240] sin(x)+0.5sin(2x)        a=0.7 N= 256 nu_crit = 0.0000 (censored low) monotone=None runs=1 (0.6s)
[  7/240] sin(x)+0.5sin(2x)        a=1.0 N= 256 nu_crit = 0.0000 (censored low) monotone=None runs=1 (1.0s)
[  8/240] sin(x)+0.5sin(2x)        a=0.4 N= 512 nu_crit = 0.0000 (censored low) monotone=None runs=1 (1.2s)
[  9/240] sin(x)+0.5sin(2x)        a=1.0 N= 512 nu_crit = 0.0000 (censored low) monotone=None runs=1 (0.7s)
[ 10/240] sin(x)+0.5sin(2x)        a=0.7 N= 512 nu_crit = 0.0000 (censored low) monotone=None runs=1 (1.4s)
[ 11/240] sin(x)                   a=0.4 N= 256 nu_crit = 0.1434 monotone=True runs=13 (7.5s)
[ 12/240] sin(x)-0.5sin(2x)        a=1.0 N= 256 nu_crit = 0.0000 (censored low) monotone=None runs=1 (0.8s)
[ 13/240] sin(2x)                  a=0.4 N= 256 nu_crit = 0.0355 monotone=True runs=11 (9.5s)
[ 14/240] sin(2x)                  a=0.7 N= 256 nu_crit = 0.0301 monotone=True runs=11 (10.7s)
[ 15/240] sin(2x)                  a=0.4 N= 512 nu_crit = 0.0355 monotone=True runs=11 (12.5s)
[ 16/240] sin(x)-0.5sin(2x)        a=0.4 N= 256 nu_crit = 0.1582 monotone=True runs=13 (10.3s)
[ 17/240] sin(x)-0.5sin(2x)        a=0.7 N= 256 nu_crit = 0.1512 monotone=True runs=13 (10.8s)
[ 18/240] sin(2x)                  a=0.7 N= 512 nu_crit = 0.0301 monotone=True runs=11 (14.5s)
[ 19/240] sin(x)-0.5sin(2x)        a=1.0 N= 512 nu_crit = 0.0000 (censored low) monotone=None runs=1 (5.9s)
[ 20/240] sin(x)+0.3sin(3x)        a=1.0 N= 256 nu_crit = 0.0000 (censored low) monotone=None runs=1 (1.2s)
[ 21/240] sin(x)                   a=0.7 N= 256 nu_crit = 0.1215 monotone=True runs=13 (17.2s)
[ 22/240] sin(x)+0.3sin(3x)        a=1.0 N= 512 nu_crit = 0.0000 (censored low) monotone=None runs=1 (2.1s)
[ 23/240] sin(x)-0.5sin(2x)        a=0.4 N= 512 nu_crit = 0.1574 monotone=True runs=13 (17.3s)
[ 24/240] sin(x)+0.5sin(4x)        a=0.7 N= 256 nu_crit = 0.0168 monotone=True runs=11 (7.1s)
[ 25/240] sin(x)+0.5sin(4x)        a=1.0 N= 256 nu_crit = 0.0000 (censored low) monotone=None runs=1 (1.1s)
[ 26/240] sin(x)+0.3sin(3x)        a=0.4 N= 256 nu_crit = 0.1449 monotone=True runs=13 (14.6s)
[ 27/240] sin(x)                   a=0.4 N= 512 nu_crit = 0.1434 monotone=True runs=13 (28.6s)
[ 28/240] sin(x)+0.5sin(4x)        a=1.0 N= 512 nu_crit = 0.0000 (censored low) monotone=None runs=1 (1.6s)
[ 29/240] bump(kappa=2)            a=0.4 N= 256 nu_crit = 0.0000 (censored low) monotone=None runs=1 (1.2s)
[ 30/240] bump(kappa=2)            a=0.7 N= 256 nu_crit = 0.0000 (censored low) monotone=None runs=1 (1.2s)
[ 31/240] bump(kappa=2)            a=1.0 N= 256 nu_crit = 0.0000 (censored low) monotone=None runs=1 (1.2s)
[ 32/240] bump(kappa=2)            a=0.4 N= 512 nu_crit = 0.0000 (censored low) monotone=None runs=1 (1.5s)
[ 33/240] bump(kappa=2)            a=0.7 N= 512 nu_crit = 0.0000 (censored low) monotone=None runs=1 (1.4s)
[ 34/240] bump(kappa=2)            a=1.0 N= 512 nu_crit = 0.0000 (censored low) monotone=None runs=1 (1.4s)
[ 35/240] sin(x)+0.5sin(4x)        a=0.4 N= 256 nu_crit = 0.1238 monotone=True runs=13 (15.6s)
[ 36/240] sin(x)+0.3sin(3x)        a=0.7 N= 256 nu_crit = 0.1348 monotone=True runs=13 (18.5s)
[ 37/240] bump(kappa=5)            a=0.4 N= 256 nu_crit = 0.0000 (censored low) monotone=None runs=1 (1.2s)
[ 38/240] bump(kappa=5)            a=1.0 N= 256 nu_crit = 0.0000 (censored low) monotone=None runs=1 (1.1s)
[ 39/240] bump(kappa=5)            a=0.7 N= 256 nu_crit = 0.0000 (censored low) monotone=None runs=1 (1.2s)
[ 40/240] bump(kappa=5)            a=0.4 N= 512 nu_crit = 0.0000 (censored low) monotone=None runs=1 (1.4s)
[ 41/240] bump(kappa=5)            a=0.7 N= 512 nu_crit = 0.0000 (censored low) monotone=None runs=1 (1.4s)
[ 42/240] bump(kappa=5)            a=1.0 N= 512 nu_crit = 0.0000 (censored low) monotone=None runs=1 (1.3s)
[ 43/240] sin(x)                   a=0.7 N= 512 nu_crit = 0.1215 monotone=True runs=13 (36.5s)
[ 44/240] tail(p=1)                a=0.7 N= 512 nu_crit = 0.0000 (censored low) monotone=None runs=1 (2.0s)
[ 45/240] sin(x)+0.3sin(3x)        a=0.7 N= 512 nu_crit = 0.1348 monotone=True runs=13 (22.7s)
[ 46/240] tail(p=1)                a=1.0 N= 512 nu_crit = 0.0000 (censored low) monotone=None runs=1 (1.5s)
[ 47/240] sin(x)+0.5sin(4x)        a=0.4 N= 512 nu_crit = 0.1238 monotone=True runs=13 (17.0s)
[ 48/240] tail(p=1.5)              a=1.0 N= 256 nu_crit = 0.0000 (censored low) monotone=None runs=1 (1.3s)
[ 49/240] sin(x)+0.3sin(3x)        a=0.4 N= 512 nu_crit = 0.1449 monotone=True runs=13 (28.8s)
[ 50/240] sin(x)-0.5sin(2x)        a=0.7 N= 512 nu_crit = 0.1512 monotone=True runs=13 (35.5s)
[ 51/240] sin(x)+0.5sin(4x)        a=0.7 N= 512 nu_crit = 0.0160 monotone=True runs=11 (18.9s)
[ 52/240] tail(p=1)                a=0.4 N= 256 nu_crit = 0.0871 monotone=True runs=10 (12.4s)
[ 53/240] tail(p=1.5)              a=1.0 N= 512 nu_crit = 0.0000 (censored low) monotone=None runs=1 (1.8s)
[ 54/240] tail(p=1)                a=0.7 N= 256 nu_crit = 0.0574 monotone=True runs=11 (13.8s)
[ 55/240] tail(p=2)                a=1.0 N= 256 nu_crit = 0.0000 (censored low) monotone=None runs=1 (1.7s)
[ 56/240] tail(p=1)                a=1.0 N= 256 nu_crit = 0.0004 monotone=True runs=11 (13.9s)
[ 57/240] tail(p=2)                a=1.0 N= 512 nu_crit = 0.0000 (censored low) monotone=None runs=1 (2.1s)
[ 58/240] tail(p=1.5)              a=0.4 N= 256 nu_crit = 0.1098 monotone=True runs=13 (15.2s)
[ 59/240] tail(p=1.5)              a=0.7 N= 256 nu_crit = 0.0809 monotone=True runs=11 (14.7s)
[ 60/240] tail(p=2)                a=0.4 N= 256 nu_crit = 0.1223 monotone=True runs=13 (9.3s)
[ 61/240] tail(p=1)                a=0.4 N= 512 nu_crit = 0.0871 monotone=True runs=10 (20.6s)
[ 62/240] tail(p=1.5,alt)          a=1.0 N= 256 nu_crit = 0.0000 (censored low) monotone=None runs=1 (2.8s)
[ 63/240] tail(p=2)                a=0.7 N= 256 nu_crit = 0.0941 monotone=True runs=10 (14.5s)
[ 64/240] tail(p=1.5)              a=0.4 N= 512 nu_crit = 0.1098 monotone=True runs=13 (17.4s)
[ 65/240] tail(p=1.5,alt)          a=0.4 N= 256 nu_crit = 0.1590 monotone=True runs=13 (16.0s)
[ 66/240] random(seed=0)           a=1.0 N= 256 nu_crit = 0.0000 (censored low) monotone=None runs=1 (1.3s)
[ 67/240] tail(p=1.5)              a=0.7 N= 512 nu_crit = 0.0809 monotone=True runs=11 (28.2s)
[ 68/240] random(seed=0)           a=0.4 N= 256 nu_crit = 0.1340 monotone=True runs=13 (13.2s)
[ 69/240] tail(p=1.5,alt)          a=0.7 N= 256 nu_crit = 0.1574 monotone=True runs=13 (19.7s)
[ 70/240] tail(p=2)                a=0.4 N= 512 nu_crit = 0.1223 monotone=True runs=13 (26.6s)
[ 71/240] tail(p=1.5,alt)          a=0.4 N= 512 nu_crit = 0.1590 monotone=True runs=13 (20.7s)
[ 72/240] random(seed=0)           a=1.0 N= 512 nu_crit = 0.0000 (censored low) monotone=None runs=1 (1.9s)
[ 73/240] tail(p=2)                a=0.7 N= 512 nu_crit = 0.0941 monotone=True runs=10 (28.1s)
[ 74/240] random(seed=0)           a=0.7 N= 256 nu_crit = 0.1066 monotone=True runs=13 (15.5s)
[ 75/240] random(seed=1)           a=1.0 N= 256 nu_crit = 0.0000 (censored low) monotone=None runs=1 (2.6s)
[ 76/240] random(seed=1)           a=0.7 N= 256 nu_crit = 0.0402 monotone=True runs=11 (7.5s)
[ 77/240] random(seed=2)           a=0.4 N= 256 nu_crit = 0.0676 monotone=True runs=11 (7.1s)
[ 78/240] random(seed=2)           a=1.0 N= 256 nu_crit = 0.0000 (censored low) monotone=None runs=1 (0.7s)
[ 79/240] random(seed=1)           a=0.4 N= 256 nu_crit = 0.0348 monotone=True runs=11 (12.6s)
[ 80/240] random(seed=1)           a=0.4 N= 512 nu_crit = 0.0348 monotone=True runs=11 (14.4s)
[ 81/240] random(seed=2)           a=0.7 N= 256 nu_crit = 0.0043 monotone=True runs=11 (8.0s)
[ 82/240] random(seed=2)           a=1.0 N= 512 nu_crit = 0.0000 (censored low) monotone=None runs=1 (1.5s)
[ 83/240] random(seed=1)           a=0.7 N= 512 nu_crit = 0.0402 monotone=True runs=11 (15.6s)
[ 84/240] random(seed=3)           a=1.0 N= 256 nu_crit = 0.0000 (censored low) monotone=None runs=1 (1.5s)
[ 85/240] tail(p=1.5,alt)          a=0.7 N= 512 nu_crit = 0.1574 monotone=True runs=13 (39.5s)
[ 86/240] random(seed=0)           a=0.4 N= 512 nu_crit = 0.1340 monotone=True runs=13 (27.4s)
[ 87/240] random(seed=2)           a=0.4 N= 512 nu_crit = 0.0676 monotone=True runs=11 (14.0s)
[ 88/240] random(seed=3)           a=1.0 N= 512 nu_crit = 0.0000 (censored low) monotone=None runs=1 (4.7s)
[ 89/240] random(seed=2)           a=0.7 N= 512 nu_crit = 0.0043 monotone=True runs=11 (14.4s)
[ 90/240] random(seed=4)           a=1.0 N= 256 nu_crit = 0.0000 (censored low) monotone=None runs=1 (1.6s)
[ 91/240] random(seed=3)           a=0.7 N= 256 nu_crit = 0.1418 monotone=True runs=13 (12.0s)
[ 92/240] random(seed=3)           a=0.4 N= 256 nu_crit = 0.1543 monotone=True runs=13 (14.7s)
[ 93/240] random(seed=0)           a=0.7 N= 512 nu_crit = 0.1066 monotone=True runs=13 (33.8s)
[ 94/240] random(seed=4)           a=0.4 N= 256 nu_crit = 0.0191 monotone=True runs=11 (6.4s)
[ 95/240] random(seed=4)           a=1.0 N= 512 nu_crit = 0.0000 (censored low) monotone=None runs=1 (3.6s)
[ 96/240] random(seed=5)           a=1.0 N= 256 nu_crit = 0.0000 (censored low) monotone=None runs=1 (1.3s)
[ 97/240] random(seed=4)           a=0.7 N= 256 nu_crit = 0.0145 monotone=True runs=11 (11.8s)
[ 98/240] random(seed=4)           a=0.7 N= 512 nu_crit = 0.0145 monotone=True runs=11 (8.8s)
[ 99/240] random(seed=5)           a=1.0 N= 512 nu_crit = 0.0000 (censored low) monotone=None runs=1 (2.5s)
[100/240] random(seed=4)           a=0.4 N= 512 nu_crit = 0.0191 monotone=True runs=11 (13.6s)
[101/240] random(seed=1)           a=1.0 N= 512 nu_crit = 0.0000 (censored low) monotone=None runs=1 (41.0s)
[102/240] random(seed=5)           a=0.7 N= 256 nu_crit = 0.1277 monotone=True runs=13 (11.6s)
[103/240] random(seed=6)           a=1.0 N= 256 nu_crit = 0.0000 (censored low) monotone=None runs=1 (1.1s)
[104/240] random(seed=3)           a=0.4 N= 512 nu_crit = 0.1543 monotone=True runs=13 (27.8s)
[105/240] random(seed=5)           a=0.4 N= 256 nu_crit = 0.1480 monotone=True runs=13 (16.8s)
[106/240] random(seed=6)           a=0.4 N= 256 nu_crit = 0.0840 monotone=True runs=11 (10.6s)
[107/240] tail(p=1.5,alt)          a=1.0 N= 512 nu_crit = 0.0000 (censored low) monotone=None runs=1 (70.2s)
[108/240] random(seed=7)           a=1.0 N= 256 nu_crit = 0.0000 (censored low) monotone=None runs=1 (1.1s)
[109/240] random(seed=6)           a=0.7 N= 256 nu_crit = 0.0879 monotone=True runs=10 (13.5s)
[110/240] random(seed=7)           a=0.4 N= 256 nu_crit = 0.0582 monotone=True runs=11 (12.2s)
[111/240] random(seed=6)           a=0.4 N= 512 nu_crit = 0.0840 monotone=True runs=11 (17.4s)
[112/240] random(seed=3)           a=0.7 N= 512 nu_crit = 0.1418 monotone=True runs=13 (40.5s)
[113/240] random(seed=7)           a=0.7 N= 256 nu_crit = 0.0746 monotone=True runs=11 (10.9s)
[114/240] random(seed=7)           a=0.4 N= 512 nu_crit = 0.0582 monotone=True runs=11 (8.2s)
[115/240] random(seed=6)           a=0.7 N= 512 nu_crit = 0.0879 monotone=True runs=10 (18.0s)
[116/240] prior(seed=0)            a=1.0 N= 256 nu_crit = 0.0000 (censored low) monotone=None runs=1 (6.9s)
[117/240] random(seed=5)           a=0.4 N= 512 nu_crit = 0.1480 monotone=True runs=13 (36.1s)
[118/240] random(seed=5)           a=0.7 N= 512 nu_crit = 0.1277 monotone=True runs=13 (38.3s)
[119/240] prior(seed=0)            a=0.4 N= 512 nu_crit = 0.1105 monotone=True runs=13 (19.3s)
[120/240] prior(seed=0)            a=0.4 N= 256 nu_crit = 0.1105 monotone=True runs=13 (21.7s)
[121/240] random(seed=7)           a=0.7 N= 512 nu_crit = 0.0746 monotone=True runs=11 (28.3s)
[122/240] random(seed=6)           a=1.0 N= 512 nu_crit = 0.0000 (censored low) monotone=None runs=1 (38.4s)
[123/240] prior(seed=0)            a=0.7 N= 256 nu_crit = 0.1105 monotone=True runs=13 (24.2s)
[124/240] prior(seed=1)            a=0.4 N= 256 nu_crit = 0.0613 monotone=True runs=11 (17.2s)
[125/240] prior(seed=1)            a=0.7 N= 256 nu_crit = 0.0691 monotone=True runs=11 (17.6s)
[126/240] prior(seed=2)            a=1.0 N= 256 nu_crit = 0.0000 (censored low) monotone=None runs=1 (1.7s)
[127/240] prior(seed=0)            a=0.7 N= 512 nu_crit = 0.1105 monotone=True runs=13 (34.9s)
[128/240] prior(seed=1)            a=0.4 N= 512 nu_crit = 0.0613 monotone=True runs=11 (20.3s)
[129/240] prior(seed=2)            a=0.4 N= 256 nu_crit = 0.1434 monotone=True runs=13 (21.3s)
[130/240] prior(seed=2)            a=1.0 N= 512 nu_crit = 0.0000 (censored low) monotone=None runs=1 (3.9s)
[131/240] prior(seed=1)            a=0.7 N= 512 nu_crit = 0.0691 monotone=True runs=11 (23.4s)
[132/240] prior(seed=3)            a=1.0 N= 256 nu_crit = 0.0000 (censored low) monotone=None runs=1 (1.6s)
[133/240] prior(seed=2)            a=0.7 N= 256 nu_crit = 0.1223 monotone=True runs=13 (26.8s)
[134/240] prior(seed=1)            a=1.0 N= 256 nu_crit = 0.0004 monotone=True runs=11 (43.9s)
[135/240] prior(seed=3)            a=0.4 N= 256 nu_crit = 0.1434 monotone=True runs=13 (20.7s)
[136/240] prior(seed=3)            a=0.7 N= 256 nu_crit = 0.1215 monotone=True runs=13 (21.7s)
[137/240] prior(seed=3)            a=1.0 N= 512 nu_crit = 0.0000 (censored low) monotone=None runs=1 (3.7s)
[138/240] prior(seed=2)            a=0.4 N= 512 nu_crit = 0.1434 monotone=True runs=13 (40.1s)
[139/240] random(seed=7)           a=1.0 N= 512 nu_crit = 0.0000 (censored low) monotone=None runs=1 (79.0s)
[140/240] prior(seed=2)            a=0.7 N= 512 nu_crit = 0.1223 monotone=True runs=13 (42.5s)
[141/240] prior(seed=4)            a=0.7 N= 256 nu_crit = 0.0090 monotone=True runs=11 (12.5s)
[142/240] prior(seed=4)            a=0.4 N= 256 nu_crit = 0.0074 monotone=True runs=11 (13.8s)
[143/240] prior(seed=3)            a=0.4 N= 512 nu_crit = 0.1434 monotone=True runs=13 (38.8s)
[144/240] prior(seed=4)            a=0.4 N= 512 nu_crit = 0.0082 monotone=True runs=11 (13.1s)
[145/240] prior(seed=4)            a=1.0 N= 256 nu_crit = 0.0004 monotone=True runs=11 (25.4s)
[146/240] prior(seed=5)            a=0.4 N= 256 nu_crit = 0.0277 monotone=True runs=11 (15.0s)
[147/240] prior(seed=4)            a=0.7 N= 512 nu_crit = 0.0090 monotone=True runs=11 (16.6s)
[148/240] prior(seed=3)            a=0.7 N= 512 nu_crit = 0.1215 monotone=True runs=13 (41.4s)
[149/240] prior(seed=5)            a=0.7 N= 256 nu_crit = 0.0332 monotone=True runs=11 (17.2s)
[150/240] prior(seed=6)            a=1.0 N= 256 nu_crit = 0.0000 (censored low) monotone=None runs=1 (2.0s)
[151/240] prior(seed=1)            a=1.0 N= 512 nu_crit = 0.0004 monotone=True runs=11 (77.8s)
[152/240] prior(seed=5)            a=1.0 N= 256 nu_crit = 0.0004 monotone=True runs=11 (15.8s)
[153/240] prior(seed=5)            a=1.0 N= 512 nu_crit = 0.0000 (censored low) monotone=None runs=1 (7.5s)
[154/240] prior(seed=5)            a=0.4 N= 512 nu_crit = 0.0277 monotone=True runs=11 (17.9s)
[155/240] prior(seed=6)            a=1.0 N= 512 nu_crit = 0.0000 (censored low) monotone=None runs=1 (3.6s)
[156/240] prior(seed=7)            a=1.0 N= 256 nu_crit = 0.0000 (censored low) monotone=None runs=1 (2.8s)
[157/240] prior(seed=6)            a=0.4 N= 256 nu_crit = 0.1504 monotone=True runs=13 (14.5s)
[158/240] prior(seed=6)            a=0.7 N= 256 nu_crit = 0.1340 monotone=True runs=13 (16.9s)
[159/240] prior(seed=5)            a=0.7 N= 512 nu_crit = 0.0332 monotone=True runs=11 (21.0s)
[160/240] prior(seed=7)            a=1.0 N= 512 nu_crit = 0.0000 (censored low) monotone=None runs=1 (4.5s)
[161/240] prior(seed=7)            a=0.4 N= 256 nu_crit = 0.0348 monotone=True runs=11 (15.1s)
[162/240] prior(seed=8)            a=1.0 N= 256 nu_crit = 0.0000 (censored low) monotone=None runs=1 (1.4s)
[163/240] prior(seed=7)            a=0.7 N= 256 nu_crit = 0.0340 monotone=True runs=11 (15.7s)
[164/240] prior(seed=7)            a=0.7 N= 512 nu_crit = 0.0340 monotone=True runs=11 (12.4s)
[165/240] prior(seed=8)            a=1.0 N= 512 nu_crit = 0.0000 (censored low) monotone=None runs=1 (1.7s)
[166/240] prior(seed=7)            a=0.4 N= 512 nu_crit = 0.0348 monotone=True runs=11 (17.2s)
[167/240] prior(seed=0)            a=1.0 N= 512 nu_crit = 0.0004 monotone=True runs=11 (119.6s)
[168/240] prior(seed=8)            a=0.7 N= 256 nu_crit = 0.1262 monotone=True runs=13 (10.2s)
[169/240] prior(seed=6)            a=0.4 N= 512 nu_crit = 0.1504 monotone=True runs=13 (31.1s)
[170/240] prior(seed=9)            a=0.4 N= 256 nu_crit = 0.0684 monotone=True runs=11 (6.7s)
[171/240] prior(seed=8)            a=0.4 N= 256 nu_crit = 0.1465 monotone=True runs=13 (16.7s)
[172/240] prior(seed=9)            a=0.4 N= 512 nu_crit = 0.0684 monotone=True runs=11 (9.2s)
[173/240] prior(seed=9)            a=0.7 N= 256 nu_crit = 0.0621 monotone=True runs=11 (13.2s)
[174/240] prior(seed=10)           a=1.0 N= 256 nu_crit = 0.0000 (censored low) monotone=None runs=1 (1.8s)
[175/240] prior(seed=6)            a=0.7 N= 512 nu_crit = 0.1340 monotone=True runs=13 (43.8s)
[176/240] prior(seed=4)            a=1.0 N= 512 nu_crit = 0.0004 monotone=True runs=11 (67.5s)
[177/240] prior(seed=10)           a=1.0 N= 512 nu_crit = 0.0000 (censored low) monotone=None runs=1 (4.0s)
[178/240] prior(seed=9)            a=0.7 N= 512 nu_crit = 0.0621 monotone=True runs=11 (20.0s)
[179/240] prior(seed=10)           a=0.4 N= 256 nu_crit = 0.1449 monotone=True runs=13 (20.4s)
[180/240] prior(seed=11)           a=1.0 N= 256 nu_crit = 0.0000 (censored low) monotone=None runs=1 (3.3s)
[181/240] prior(seed=8)            a=0.4 N= 512 nu_crit = 0.1465 monotone=True runs=13 (36.9s)
[182/240] prior(seed=10)           a=0.7 N= 256 nu_crit = 0.1246 monotone=True runs=13 (21.6s)
[183/240] prior(seed=11)           a=1.0 N= 512 nu_crit = 0.0000 (censored low) monotone=None runs=1 (1.8s)
[184/240] prior(seed=8)            a=0.7 N= 512 nu_crit = 0.1262 monotone=True runs=13 (43.7s)
[185/240] prior(seed=11)           a=0.4 N= 256 nu_crit = 0.0582 monotone=True runs=11 (16.9s)
[186/240] prior(seed=11)           a=0.7 N= 256 nu_crit = 0.0105 monotone=False runs=11 (17.4s)
[187/240] prior(seed=9)            a=1.0 N= 256 nu_crit = 0.0004 monotone=True runs=11 (40.3s)
[188/240] prior(seed=12)           a=1.0 N= 256 nu_crit = 0.0000 (censored low) monotone=None runs=1 (1.8s)
[189/240] prior(seed=12)           a=0.4 N= 256 nu_crit = 0.1434 monotone=True runs=13 (11.3s)
[190/240] prior(seed=12)           a=1.0 N= 512 nu_crit = 0.0000 (censored low) monotone=None runs=1 (4.2s)
[191/240] prior(seed=11)           a=0.4 N= 512 nu_crit = 0.0582 monotone=True runs=11 (20.8s)
[192/240] prior(seed=13)           a=1.0 N= 256 nu_crit = 0.0000 (censored low) monotone=None runs=1 (1.7s)
[193/240] prior(seed=10)           a=0.7 N= 512 nu_crit = 0.1246 monotone=True runs=13 (31.8s)
[194/240] prior(seed=11)           a=0.7 N= 512 nu_crit = 0.0105 monotone=False runs=11 (22.7s)
[195/240] prior(seed=13)           a=1.0 N= 512 nu_crit = 0.0000 (censored low) monotone=None runs=1 (2.9s)
[196/240] prior(seed=10)           a=0.4 N= 512 nu_crit = 0.1449 monotone=True runs=13 (40.6s)
[197/240] prior(seed=13)           a=0.4 N= 256 nu_crit = 0.1090 monotone=True runs=13 (12.4s)
[198/240] prior(seed=12)           a=0.7 N= 256 nu_crit = 0.1223 monotone=True runs=13 (25.0s)
[199/240] prior(seed=13)           a=0.7 N= 256 nu_crit = 0.0855 monotone=True runs=10 (16.6s)
[200/240] prior(seed=13)           a=0.7 N= 512 nu_crit = 0.0855 monotone=True runs=10 (16.9s)
[201/240] prior(seed=14)           a=0.4 N= 256 nu_crit = 0.0215 monotone=True runs=11 (13.4s)
[202/240] prior(seed=14)           a=0.7 N= 256 nu_crit = 0.0223 monotone=True runs=11 (14.1s)
[203/240] prior(seed=13)           a=0.4 N= 512 nu_crit = 0.1090 monotone=True runs=13 (22.7s)
[204/240] prior(seed=15)           a=1.0 N= 256 nu_crit = 0.0000 (censored low) monotone=None runs=1 (1.1s)
[205/240] prior(seed=14)           a=0.4 N= 512 nu_crit = 0.0215 monotone=True runs=11 (12.2s)
[206/240] prior(seed=12)           a=0.4 N= 512 nu_crit = 0.1434 monotone=True runs=13 (37.0s)
[207/240] prior(seed=14)           a=0.7 N= 512 nu_crit = 0.0223 monotone=True runs=11 (15.2s)
[208/240] prior(seed=14)           a=1.0 N= 256 nu_crit = 0.0004 monotone=True runs=11 (22.4s)
[209/240] prior(seed=15)           a=0.4 N= 256 nu_crit = 0.1520 monotone=True runs=13 (17.8s)
[210/240] prior(seed=15)           a=1.0 N= 512 nu_crit = 0.0000 (censored low) monotone=None runs=1 (9.8s)
[211/240] prior(seed=12)           a=0.7 N= 512 nu_crit = 0.1223 monotone=True runs=13 (49.6s)
[212/240] prior(seed=16)           a=0.4 N= 256 nu_crit = 0.0277 monotone=True runs=11 (12.9s)
[213/240] prior(seed=16)           a=0.7 N= 256 nu_crit = 0.0332 monotone=True runs=11 (11.9s)
[214/240] prior(seed=15)           a=0.7 N= 256 nu_crit = 0.1363 monotone=True runs=13 (22.5s)
[215/240] prior(seed=14)           a=1.0 N= 512 nu_crit = 0.0004 monotone=True runs=11 (26.2s)
[216/240] prior(seed=17)           a=1.0 N= 256 nu_crit = 0.0000 (censored low) monotone=None runs=1 (1.9s)
[217/240] prior(seed=15)           a=0.4 N= 512 nu_crit = 0.1520 monotone=True runs=13 (24.9s)
[218/240] prior(seed=16)           a=0.4 N= 512 nu_crit = 0.0277 monotone=True runs=11 (17.6s)
[219/240] prior(seed=16)           a=0.7 N= 512 nu_crit = 0.0332 monotone=True runs=11 (18.9s)
[220/240] prior(seed=17)           a=1.0 N= 512 nu_crit = 0.0000 (censored low) monotone=None runs=1 (4.2s)
[221/240] prior(seed=15)           a=0.7 N= 512 nu_crit = 0.1363 monotone=True runs=13 (35.0s)
[222/240] prior(seed=18)           a=1.0 N= 256 nu_crit = 0.0000 (censored low) monotone=None runs=1 (0.9s)
[223/240] prior(seed=17)           a=0.4 N= 256 nu_crit = 0.1434 monotone=True runs=13 (19.7s)
[224/240] prior(seed=17)           a=0.7 N= 256 nu_crit = 0.1230 monotone=True runs=13 (26.7s)
[225/240] prior(seed=18)           a=1.0 N= 512 nu_crit = 0.0000 (censored low) monotone=None runs=1 (2.7s)
[226/240] prior(seed=18)           a=0.4 N= 256 nu_crit = 0.1457 monotone=True runs=13 (15.9s)
[227/240] prior(seed=18)           a=0.7 N= 256 nu_crit = 0.1254 monotone=True runs=13 (24.2s)
[228/240] prior(seed=18)           a=0.4 N= 512 nu_crit = 0.1457 monotone=True runs=13 (23.1s)
[229/240] prior(seed=17)           a=0.4 N= 512 nu_crit = 0.1434 monotone=True runs=13 (39.1s)
[230/240] prior(seed=19)           a=1.0 N= 256 nu_crit = 0.0000 (censored low) monotone=None runs=1 (1.5s)
[231/240] prior(seed=19)           a=0.4 N= 256 nu_crit = 0.0332 monotone=True runs=11 (15.5s)
[232/240] prior(seed=17)           a=0.7 N= 512 nu_crit = 0.1230 monotone=True runs=13 (37.7s)
[233/240] prior(seed=19)           a=0.7 N= 256 nu_crit = 0.0316 monotone=True runs=11 (12.9s)
[234/240] prior(seed=19)           a=1.0 N= 512 nu_crit = 0.0000 (censored low) monotone=None runs=1 (3.1s)
[235/240] prior(seed=16)           a=1.0 N= 256 nu_crit = 0.0004 monotone=True runs=11 (52.8s)
[236/240] prior(seed=19)           a=0.4 N= 512 nu_crit = 0.0332 monotone=True runs=11 (9.5s)
[237/240] prior(seed=19)           a=0.7 N= 512 nu_crit = 0.0316 monotone=True runs=11 (9.7s)
[238/240] prior(seed=18)           a=0.7 N= 512 nu_crit = 0.1254 monotone=True runs=13 (33.7s)
[239/240] prior(seed=9)            a=1.0 N= 512 nu_crit = 0.0004 monotone=True runs=11 (151.5s)
[240/240] prior(seed=16)           a=1.0 N= 512 nu_crit = 0.0004 monotone=True runs=11 (163.1s)

Sweep complete: 240 bisections in 517s -> experiments/stage2_5_sweep.jsonl
